Component: ARM Compiler 5.06 update 5 (build 528) Tool: armlink [4d35e2]

==============================================================================

Section Cross References

    startup_stm32f407xx.o(RESET) refers to startup_stm32f407xx.o(STACK) for __initial_sp
    startup_stm32f407xx.o(RESET) refers to startup_stm32f407xx.o(.text) for Reset_Handler
    startup_stm32f407xx.o(RESET) refers to stm32f4xx_it.o(i.NMI_Handler) for NMI_Handler
    startup_stm32f407xx.o(RESET) refers to stm32f4xx_it.o(i.HardFault_Handler) for HardFault_Handler
    startup_stm32f407xx.o(RESET) refers to stm32f4xx_it.o(i.MemManage_Handler) for MemManage_Handler
    startup_stm32f407xx.o(RESET) refers to stm32f4xx_it.o(i.BusFault_Handler) for BusFault_Handler
    startup_stm32f407xx.o(RESET) refers to stm32f4xx_it.o(i.UsageFault_Handler) for UsageFault_Handler
    startup_stm32f407xx.o(RESET) refers to stm32f4xx_it.o(i.SVC_Handler) for SVC_Handler
    startup_stm32f407xx.o(RESET) refers to stm32f4xx_it.o(i.DebugMon_Handler) for DebugMon_Handler
    startup_stm32f407xx.o(RESET) refers to stm32f4xx_it.o(i.PendSV_Handler) for PendSV_Handler
    startup_stm32f407xx.o(RESET) refers to stm32f4xx_it.o(i.SysTick_Handler) for SysTick_Handler
    startup_stm32f407xx.o(RESET) refers to stm32f4xx_it.o(i.TIM2_IRQHandler) for TIM2_IRQHandler
    startup_stm32f407xx.o(RESET) refers to stm32f4xx_it.o(i.TIM3_IRQHandler) for TIM3_IRQHandler
    startup_stm32f407xx.o(RESET) refers to stm32f4xx_it.o(i.USART1_IRQHandler) for USART1_IRQHandler
    startup_stm32f407xx.o(.text) refers to system_stm32f4xx.o(i.SystemInit) for SystemInit
    startup_stm32f407xx.o(.text) refers to entry.o(.ARM.Collect$$$$00000000) for __main
    taskdriver.o(i.CHAPWD_Task) refers to password.o(i.Password_Change) for Password_Change
    taskdriver.o(i.CHAPWD_Task) refers to display.o(i.Display_ShowChaPwd) for Display_ShowChaPwd
    taskdriver.o(i.CHAPWD_Task) refers to display.o(i.Display_ShowChaOK) for Display_ShowChaOK
    taskdriver.o(i.CHAPWD_Task) refers to display.o(i.Display_ShowOpen) for Display_ShowOpen
    taskdriver.o(i.CHAPWD_Task) refers to display.o(i.Display_ShowChaErr) for Display_ShowChaErr
    taskdriver.o(i.CHAPWD_Task) refers to taskdriver.o(.data) for State
    taskdriver.o(i.Err_Check) refers to password.o(i.Open_Error) for Open_Error
    taskdriver.o(i.Err_Check) refers to printf6.o(i.__0printf$6) for __2printf
    taskdriver.o(i.HAL_TIM_PeriodElapsedCallback) refers to taskdriver.o(.data) for Sensor_Read_Flag
    taskdriver.o(i.HAL_UART_RxCpltCallback) refers to serial.o(i.Serial_RXCallBack) for Serial_RXCallBack
    taskdriver.o(i.HAL_UART_RxCpltCallback) refers to stm32f4xx_hal_uart.o(i.HAL_UART_Receive_IT) for HAL_UART_Receive_IT
    taskdriver.o(i.HAL_UART_RxCpltCallback) refers to serial.o(.data) for Uart_Rx_Byte
    taskdriver.o(i.HAL_UART_RxCpltCallback) refers to usart.o(.bss) for huart1
    taskdriver.o(i.IDLE_Task) refers to display.o(i.Display_ShowLockFreq) for Display_ShowLockFreq
    taskdriver.o(i.IDLE_Task) refers to display.o(i.Display_ShowLockState) for Display_ShowLockState
    taskdriver.o(i.IDLE_Task) refers to display.o(i.Display_ShowDHT) for Display_ShowDHT
    taskdriver.o(i.IDLE_Task) refers to matrix.o(i.Matrix_GetNum) for Matrix_GetNum
    taskdriver.o(i.IDLE_Task) refers to display.o(i.Display_InputInt) for Display_InputInt
    taskdriver.o(i.IDLE_Task) refers to taskdriver.o(.data) for State
    taskdriver.o(i.Lock_Close) refers to stepmotor.o(i.StepMotor_Forward_90_Degree) for StepMotor_Forward_90_Degree
    taskdriver.o(i.Lock_Close) refers to password.o(.data) for Vertify_State
    taskdriver.o(i.Lock_Open) refers to stepmotor.o(i.StepMotor_Forward_90_Degree) for StepMotor_Forward_90_Degree
    taskdriver.o(i.Lock_Open) refers to password.o(.data) for Succeses
    taskdriver.o(i.OPEN_Task) refers to matrix.o(i.Matrix_GetNum) for Matrix_GetNum
    taskdriver.o(i.OPEN_Task) refers to display.o(i.Display_ShowMainMenu) for Display_ShowMainMenu
    taskdriver.o(i.OPEN_Task) refers to display.o(i.Display_SelInt) for Display_SelInt
    taskdriver.o(i.OPEN_Task) refers to display.o(i.Display_ChaInt) for Display_ChaInt
    taskdriver.o(i.OPEN_Task) refers to display.o(i.Display_ViewInt) for Display_ViewInt
    taskdriver.o(i.OPEN_Task) refers to display.o(i.Display_InputInt) for Display_InputInt
    taskdriver.o(i.OPEN_Task) refers to password.o(.data) for Vertify_State
    taskdriver.o(i.OPEN_Task) refers to taskdriver.o(.data) for State
    taskdriver.o(i.PWSEL_Task) refers to password.o(i.Password_Select) for Password_Select
    taskdriver.o(i.PWSEL_Task) refers to display.o(i.Display_Showsel) for Display_Showsel
    taskdriver.o(i.PWSEL_Task) refers to display.o(i.Display_ShowOpen) for Display_ShowOpen
    taskdriver.o(i.PWSEL_Task) refers to display.o(i.Display_SelInt) for Display_SelInt
    taskdriver.o(i.PWSEL_Task) refers to taskdriver.o(.data) for State
[...]
    ../clib/microlib/printf/printf.c         0x00000000   Number         0  printf4.o ABSOLUTE
    ../clib/microlib/printf/printf.c         0x00000000   Number         0  printf3.o ABSOLUTE
    ../clib/microlib/printf/printf.c         0x00000000   Number         0  printf7.o ABSOLUTE
    ../clib/microlib/printf/stubs.s          0x00000000   Number         0  stubs.o ABSOLUTE
    ../clib/microlib/stdio/streams.c         0x00000000   Number         0  stdout.o ABSOLUTE
    ../clib/microlib/string/memset.c         0x00000000   Number         0  memseta.o ABSOLUTE
    ../clib/microlib/string/strcmp.c         0x00000000   Number         0  strcmp.o ABSOLUTE
    ../clib/microlib/stubs.s                 0x00000000   Number         0  iusefp.o ABSOLUTE
    ../fplib/microlib/fpadd.c                0x00000000   Number         0  dadd.o ABSOLUTE
    ../fplib/microlib/fpdiv.c                0x00000000   Number         0  ddiv.o ABSOLUTE
    ../fplib/microlib/fpepilogue.c           0x00000000   Number         0  depilogue.o ABSOLUTE
    ../fplib/microlib/fpfix.c                0x00000000   Number         0  dfixul.o ABSOLUTE
    ../fplib/microlib/fpmul.c                0x00000000   Number         0  dmul.o ABSOLUTE
    ..\Core\Src\Delay.c                      0x00000000   Number         0  delay.o ABSOLUTE
    ..\Core\Src\TaskDriver.c                 0x00000000   Number         0  taskdriver.o ABSOLUTE
    ..\Core\Src\gpio.c                       0x00000000   Number         0  gpio.o ABSOLUTE
    ..\Core\Src\main.c                       0x00000000   Number         0  main.o ABSOLUTE
    ..\Core\Src\stm32f4xx_hal_msp.c          0x00000000   Number         0  stm32f4xx_hal_msp.o ABSOLUTE
    ..\Core\Src\stm32f4xx_it.c               0x00000000   Number         0  stm32f4xx_it.o ABSOLUTE
    ..\Core\Src\system_stm32f4xx.c           0x00000000   Number         0  system_stm32f4xx.o ABSOLUTE
    ..\Core\Src\tim.c                        0x00000000   Number         0  tim.o ABSOLUTE
    ..\Core\Src\usart.c                      0x00000000   Number         0  usart.o ABSOLUTE
    ..\Drivers\Hardware\Display.c            0x00000000   Number         0  display.o ABSOLUTE
    ..\Drivers\Hardware\Matrix.c             0x00000000   Number         0  matrix.o ABSOLUTE
    ..\Drivers\Hardware\NowTime.c            0x00000000   Number         0  nowtime.o ABSOLUTE
    ..\Drivers\Hardware\OLED.c               0x00000000   Number         0  oled.o ABSOLUTE
    ..\Drivers\Hardware\Password.c           0x00000000   Number         0  password.o ABSOLUTE
    ..\Drivers\Hardware\Serial.c             0x00000000   Number         0  serial.o ABSOLUTE
    ..\Drivers\Hardware\StepMotor.c          0x00000000   Number         0  stepmotor.o ABSOLUTE
    ..\Drivers\Hardware\dht11.c              0x00000000   Number         0  dht11.o ABSOLUTE
    ..\Drivers\STM32F4xx_HAL_Driver\Src\stm32f4xx_hal.c 0x00000000   Number         0  stm32f4xx_hal.o ABSOLUTE
    ..\Drivers\STM32F4xx_HAL_Driver\Src\stm32f4xx_hal_cortex.c 0x00000000   Number         0  stm32f4xx_hal_cortex.o ABSOLUTE
    ..\Drivers\STM32F4xx_HAL_Driver\Src\stm32f4xx_hal_dma.c 0x00000000   Number         0  stm32f4xx_hal_dma.o ABSOLUTE
    ..\Drivers\STM32F4xx_HAL_Driver\Src\stm32f4xx_hal_dma_ex.c 0x00000000   Number         0  stm32f4xx_hal_dma_ex.o ABSOLUTE
    ..\Drivers\STM32F4xx_HAL_Driver\Src\stm32f4xx_hal_exti.c 0x00000000   Number         0  stm32f4xx_hal_exti.o ABSOLUTE
    ..\Drivers\STM32F4xx_HAL_Driver\Src\stm32f4xx_hal_flash.c 0x00000000   Number         0  stm32f4xx_hal_flash.o ABSOLUTE
    ..\Drivers\STM32F4xx_HAL_Driver\Src\stm32f4xx_hal_flash_ex.c 0x00000000   Number         0  stm32f4xx_hal_flash_ex.o ABSOLUTE
    ..\Drivers\STM32F4xx_HAL_Driver\Src\stm32f4xx_hal_flash_ramfunc.c 0x00000000   Number         0  stm32f4xx_hal_flash_ramfunc.o ABSOLUTE
    ..\Drivers\STM32F4xx_HAL_Driver\Src\stm32f4xx_hal_gpio.c 0x00000000   Number         0  stm32f4xx_hal_gpio.o ABSOLUTE
    ..\Drivers\STM32F4xx_HAL_Driver\Src\stm32f4xx_hal_pwr.c 0x00000000   Number         0  stm32f4xx_hal_pwr.o ABSOLUTE
    ..\Drivers\STM32F4xx_HAL_Driver\Src\stm32f4xx_hal_pwr_ex.c 0x00000000   Number         0  stm32f4xx_hal_pwr_ex.o ABSOLUTE
    ..\Drivers\STM32F4xx_HAL_Driver\Src\stm32f4xx_hal_rcc.c 0x00000000   Number         0  stm32f4xx_hal_rcc.o ABSOLUTE
    ..\Drivers\STM32F4xx_HAL_Driver\Src\stm32f4xx_hal_rcc_ex.c 0x00000000   Number         0  stm32f4xx_hal_rcc_ex.o ABSOLUTE
    ..\Drivers\STM32F4xx_HAL_Driver\Src\stm32f4xx_hal_tim.c 0x00000000   Number         0  stm32f4xx_hal_tim.o ABSOLUTE
    ..\Drivers\STM32F4xx_HAL_Driver\Src\stm32f4xx_hal_tim_ex.c 0x00000000   Number         0  stm32f4xx_hal_tim_ex.o ABSOLUTE
    ..\Drivers\STM32F4xx_HAL_Driver\Src\stm32f4xx_hal_uart.c 0x00000000   Number         0  stm32f4xx_hal_uart.o ABSOLUTE
    ..\\Core\\Src\\Delay.c                   0x00000000   Number         0  delay.o ABSOLUTE
    ..\\Core\\Src\\TaskDriver.c              0x00000000   Number         0  taskdriver.o ABSOLUTE
    ..\\Drivers\\Hardware\\Display.c         0x00000000   Number         0  display.o ABSOLUTE
    ..\\Drivers\\Hardware\\Matrix.c          0x00000000   Number         0  matrix.o ABSOLUTE
    ..\\Drivers\\Hardware\\NowTime.c         0x00000000   Number         0  nowtime.o ABSOLUTE
    ..\\Drivers\\Hardware\\OLED.c            0x00000000   Number         0  oled.o ABSOLUTE
    ..\\Drivers\\Hardware\\Password.c        0x00000000   Number         0  password.o ABSOLUTE
    ..\\Drivers\\Hardware\\Serial.c          0x00000000   Number         0  serial.o ABSOLUTE
    ..\\Drivers\\Hardware\\StepMotor.c       0x00000000   Number         0  stepmotor.o ABSOLUTE
    ..\\Drivers\\Hardware\\dht11.c           0x00000000   Number         0  dht11.o ABSOLUTE
    cdrcmple.s                               0x00000000   Number         0  cdrcmple.o ABSOLUTE
    dc.s                                     0x00000000   Number         0  dc.o ABSOLUTE
    handlers.s                               0x00000000   Number         0  handlers.o ABSOLUTE
    init.s                                   0x00000000   Number         0  init.o ABSOLUTE
    startup_stm32f407xx.s                    0x00000000   Number         0  startup_stm32f407xx.o ABSOLUTE
    RESET                                    0x08000000   Section      392  startup_stm32f407xx.o(RESET)
    .ARM.Collect$$$$00000000                 0x08000188   Section        0  entry.o(.ARM.Collect$$$$00000000)
    .ARM.Collect$$$$00000001                 0x08000188   Section        4  entry2.o(.ARM.Collect$$$$00000001)
    .ARM.Collect$$$$00000004                 0x0800018c   Section        4  entry5.o(.ARM.Collect$$$$00000004)
    .ARM.Collect$$$$00000008                 0x08000190   Section        0  entry7b.o(.ARM.Collect$$$$00000008)
    .ARM.Collect$$$$0000000A                 0x08000190   Section        0  entry8b.o(.ARM.Collect$$$$0000000A)
    .ARM.Collect$$$$0000000B                 0x08000190   Section        8  entry9a.o(.ARM.Collect$$$$0000000B)
    .ARM.Collect$$$$0000000D                 0x08000198   Section        0  entry10a.o(.ARM.Collect$$$$0000000D)
    .ARM.Collect$$$$0000000F                 0x08000198   Section        0  entry11a.o(.ARM.Collect$$$$0000000F)
    .ARM.Collect$$$$00002712                 0x08000198   Section        4  entry2.o(.ARM.Collect$$$$00002712)
    __lit__00000000                          0x08000198   Data           4  entry2.o(.ARM.Collect$$$$00002712)
    .text                                    0x0800019c   Section       36  startup_stm32f407xx.o(.text)
    $v0                                      0x0800019c   Number         0  startup_stm32f407xx.o(.text)
    .text                                    0x080001c0   Section        0  uldiv.o(.text)
    .text                                    0x08000222   Section        0  memseta.o(.text)
    .text                                    0x08000246   Section        0  strcmp.o(.text)
    .text                                    0x08000262   Section        0  uidiv.o(.text)
    .text                                    0x0800028e   Section        0  llshl.o(.text)
    .text                                    0x080002ac   Section        0  llushr.o(.text)
    .text                                    0x080002cc   Section       36  init.o(.text)
    i.BusFault_Handler                       0x080002f0   Section        0  stm32f4xx_it.o(i.BusFault_Handler)
    i.CHAPWD_Task                            0x080002f4   Section        0  taskdriver.o(i.CHAPWD_Task)
    i.DWT_Delay_Init                         0x0800034c   Section        0  delay.o(i.DWT_Delay_Init)
    i.DebugMon_Handler                       0x08000374   Section        0  stm32f4xx_it.o(i.DebugMon_Handler)
    i.Delay_us                               0x08000378   Section        0  delay.o(i.Delay_us)
    i.Display_ChaInt                         0x080003a8   Section        0  display.o(i.Display_ChaInt)
    i.Display_InputInt                       0x08000400   Section        0  display.o(i.Display_InputInt)
    i.Display_SelInt                         0x08000458   Section        0  display.o(i.Display_SelInt)
    i.Display_ShowChaErr                     0x0800047c   Section        0  display.o(i.Display_ShowChaErr)
    i.Display_ShowChaOK                      0x080004b4   Section        0  display.o(i.Display_ShowChaOK)
    i.Display_ShowChaPwd                     0x080004dc   Section        0  display.o(i.Display_ShowChaPwd)
    i.Display_ShowDHT                        0x08000514   Section        0  display.o(i.Display_ShowDHT)
    i.Display_ShowInput                      0x0800053c   Section        0  display.o(i.Display_ShowInput)
    i.Display_ShowLenErr                     0x08000578   Section        0  display.o(i.Display_ShowLenErr)
    i.Display_ShowLockFreq                   0x0800059c   Section        0  display.o(i.Display_ShowLockFreq)
    i.Display_ShowLockState                  0x080005d8   Section        0  display.o(i.Display_ShowLockState)
    i.Display_ShowMainMenu                   0x08000614   Section        0  display.o(i.Display_ShowMainMenu)
    i.Display_ShowMemErr                     0x08000664   Section        0  display.o(i.Display_ShowMemErr)
    i.Display_ShowOK                         0x08000688   Section        0  display.o(i.Display_ShowOK)
    i.Display_ShowOpen                       0x080006b0   Section        0  display.o(i.Display_ShowOpen)
    i.Display_ShowPwdErr                     0x08000740   Section        0  display.o(i.Display_ShowPwdErr)
    i.Display_ShowView                       0x08000764   Section        0  display.o(i.Display_ShowView)
    i.Display_Showsel                        0x080008c0   Section        0  display.o(i.Display_Showsel)
    i.Display_ViewInt                        0x0800093c   Section        0  display.o(i.Display_ViewInt)
    i.Err_Check                              0x08000960   Section        0  taskdriver.o(i.Err_Check)
    i.Error_Handler                          0x080009a0   Section        0  main.o(i.Error_Handler)
    i.Get_Now_Time                           0x080009a8   Section        0  nowtime.o(i.Get_Now_Time)
    i.HAL_DMA_Abort                          0x08000a00   Section        0  stm32f4xx_hal_dma.o(i.HAL_DMA_Abort)
    i.HAL_DMA_Abort_IT                       0x08000aac   Section        0  stm32f4xx_hal_dma.o(i.HAL_DMA_Abort_IT)
    i.HAL_Delay                              0x08000ad4   Section        0  stm32f4xx_hal.o(i.HAL_Delay)
    i.HAL_GPIO_Init                          0x08000afc   Section        0  stm32f4xx_hal_gpio.o(i.HAL_GPIO_Init)
    i.HAL_GPIO_ReadPin                       0x08000cf0   Section        0  stm32f4xx_hal_gpio.o(i.HAL_GPIO_ReadPin)
    i.HAL_GPIO_WritePin                      0x08000d00   Section        0  stm32f4xx_hal_gpio.o(i.HAL_GPIO_WritePin)
    i.HAL_GetTick                            0x08000d0c   Section        0  stm32f4xx_hal.o(i.HAL_GetTick)
    i.HAL_IncTick                            0x08000d18   Section        0  stm32f4xx_hal.o(i.HAL_IncTick)
    i.HAL_Init                               0x08000d30   Section        0  stm32f4xx_hal.o(i.HAL_Init)
    i.HAL_InitTick                           0x08000d6c   Section        0  stm32f4xx_hal.o(i.HAL_InitTick)
    i.HAL_MspInit                            0x08000db8   Section        0  stm32f4xx_hal_msp.o(i.HAL_MspInit)
    i.HAL_NVIC_EnableIRQ                     0x08000e00   Section        0  stm32f4xx_hal_cortex.o(i.HAL_NVIC_EnableIRQ)
    i.HAL_NVIC_SetPriority                   0x08000e28   Section        0  stm32f4xx_hal_cortex.o(i.HAL_NVIC_SetPriority)
    i.HAL_NVIC_SetPriorityGrouping           0x08000ea4   Section        0  stm32f4xx_hal_cortex.o(i.HAL_NVIC_SetPriorityGrouping)
    i.HAL_RCC_ClockConfig                    0x08000ecc   Section        0  stm32f4xx_hal_rcc.o(i.HAL_RCC_ClockConfig)
    i.HAL_RCC_GetHCLKFreq                    0x08001050   Section        0  stm32f4xx_hal_rcc.o(i.HAL_RCC_GetHCLKFreq)
    i.HAL_RCC_GetPCLK1Freq                   0x0800105c   Section        0  stm32f4xx_hal_rcc.o(i.HAL_RCC_GetPCLK1Freq)
    i.HAL_RCC_GetPCLK2Freq                   0x0800107c   Section        0  stm32f4xx_hal_rcc.o(i.HAL_RCC_GetPCLK2Freq)
    i.HAL_RCC_GetSysClockFreq                0x0800109c   Section        0  stm32f4xx_hal_rcc.o(i.HAL_RCC_GetSysClockFreq)
    i.HAL_RCC_OscConfig                      0x0800114c   Section        0  stm32f4xx_hal_rcc.o(i.HAL_RCC_OscConfig)
    i.HAL_SYSTICK_Config                     0x080015e8   Section        0  stm32f4xx_hal_cortex.o(i.HAL_SYSTICK_Config)
    i.HAL_TIMEx_BreakCallback                0x0800161c   Section        0  stm32f4xx_hal_tim_ex.o(i.HAL_TIMEx_BreakCallback)
    i.HAL_TIMEx_CommutCallback               0x0800161e   Section        0  stm32f4xx_hal_tim_ex.o(i.HAL_TIMEx_CommutCallback)
    i.HAL_TIMEx_MasterConfigSynchronization  0x08001620   Section        0  stm32f4xx_hal_tim_ex.o(i.HAL_TIMEx_MasterConfigSynchronization)
    i.HAL_TIM_Base_Init                      0x080016d4   Section        0  stm32f4xx_hal_tim.o(i.HAL_TIM_Base_Init)
    i.HAL_TIM_Base_MspInit                   0x0800173c   Section        0  tim.o(i.HAL_TIM_Base_MspInit)
    i.HAL_TIM_Base_Start_IT                  0x080017bc   Section        0  stm32f4xx_hal_tim.o(i.HAL_TIM_Base_Start_IT)
    i.HAL_TIM_ConfigClockSource              0x08001864   Section        0  stm32f4xx_hal_tim.o(i.HAL_TIM_ConfigClockSource)
    i.HAL_TIM_IC_CaptureCallback             0x08001970   Section        0  stm32f4xx_hal_tim.o(i.HAL_TIM_IC_CaptureCallback)
    i.HAL_TIM_IRQHandler                     0x08001972   Section        0  stm32f4xx_hal_tim.o(i.HAL_TIM_IRQHandler)
    i.HAL_TIM_OC_DelayElapsedCallback        0x08001ade   Section        0  stm32f4xx_hal_tim.o(i.HAL_TIM_OC_DelayElapsedCallback)
    i.HAL_TIM_PWM_PulseFinishedCallback      0x08001ae0   Section        0  stm32f4xx_hal_tim.o(i.HAL_TIM_PWM_PulseFinishedCallback)
    i.HAL_TIM_PeriodElapsedCallback          0x08001ae4   Section        0  taskdriver.o(i.HAL_TIM_PeriodElapsedCallback)
    i.HAL_TIM_TriggerCallback                0x08001af8   Section        0  stm32f4xx_hal_tim.o(i.HAL_TIM_TriggerCallback)
    i.HAL_UARTEx_RxEventCallback             0x08001afa   Section        0  stm32f4xx_hal_uart.o(i.HAL_UARTEx_RxEventCallback)
    i.HAL_UART_ErrorCallback                 0x08001afc   Section        0  stm32f4xx_hal_uart.o(i.HAL_UART_ErrorCallback)
    i.HAL_UART_IRQHandler                    0x08001b00   Section        0  stm32f4xx_hal_uart.o(i.HAL_UART_IRQHandler)
    i.HAL_UART_Init                          0x08001e08   Section        0  stm32f4xx_hal_uart.o(i.HAL_UART_Init)
    i.HAL_UART_MspInit                       0x08001e80   Section        0  usart.o(i.HAL_UART_MspInit)
    i.HAL_UART_Receive_IT                    0x08001f18   Section        0  stm32f4xx_hal_uart.o(i.HAL_UART_Receive_IT)
    i.HAL_UART_RxCpltCallback                0x08001f44   Section        0  taskdriver.o(i.HAL_UART_RxCpltCallback)
    i.HAL_UART_Transmit                      0x08001f70   Section        0  stm32f4xx_hal_uart.o(i.HAL_UART_Transmit)
    i.HAL_UART_TxCpltCallback                0x0800202e   Section        0  stm32f4xx_hal_uart.o(i.HAL_UART_TxCpltCallback)
    i.HardFault_Handler                      0x08002030   Section        0  stm32f4xx_it.o(i.HardFault_Handler)
    i.IDLE_Task                              0x08002034   Section        0  taskdriver.o(i.IDLE_Task)
    i.Lock_Close                             0x08002060   Section        0  taskdriver.o(i.Lock_Close)
    i.Lock_Open                              0x08002078   Section        0  taskdriver.o(i.Lock_Open)
    i.MX_GPIO_Init                           0x08002090   Section        0  gpio.o(i.MX_GPIO_Init)
    i.MX_TIM2_Init                           0x080021b8   Section        0  tim.o(i.MX_TIM2_Init)
    i.MX_TIM3_Init                           0x08002224   Section        0  tim.o(i.MX_TIM3_Init)
    i.MX_USART1_UART_Init                    0x08002290   Section        0  usart.o(i.MX_USART1_UART_Init)
    i.Matrix_GetNum                          0x080022c8   Section        0  matrix.o(i.Matrix_GetNum)
    i.Matrix_Scan_Raw                        0x08002324   Section        0  matrix.o(i.Matrix_Scan_Raw)
    i.Matrix_Set                             0x08002428   Section        0  matrix.o(i.Matrix_Set)
    i.MemManage_Handler                      0x08002458   Section        0  stm32f4xx_it.o(i.MemManage_Handler)
    i.NMI_Handler                            0x0800245c   Section        0  stm32f4xx_it.o(i.NMI_Handler)
    i.NewPassword_Clear                      0x08002460   Section        0  password.o(i.NewPassword_Clear)
    i.NewPassword_Set                        0x08002484   Section        0  password.o(i.NewPassword_Set)
    i.Now_Time_Init                          0x080024b4   Section        0  nowtime.o(i.Now_Time_Init)
    i.OLED_Clear                             0x080024c4   Section        0  oled.o(i.OLED_Clear)
    i.OLED_I2C_Init                          0x080024f0   Section        0  oled.o(i.OLED_I2C_Init)
    i.OLED_I2C_SendByte                      0x0800250c   Section        0  oled.o(i.OLED_I2C_SendByte)
    i.OLED_I2C_Start                         0x08002580   Section        0  oled.o(i.OLED_I2C_Start)
    i.OLED_I2C_Stop                          0x080025c0   Section        0  oled.o(i.OLED_I2C_Stop)
    i.OLED_Init                              0x080025f0   Section        0  oled.o(i.OLED_Init)
    i.OLED_Pow                               0x080026a4   Section        0  oled.o(i.OLED_Pow)
    i.OLED_SetCursor                         0x080026b8   Section        0  oled.o(i.OLED_SetCursor)
    i.OLED_ShowChar                          0x080026dc   Section        0  oled.o(i.OLED_ShowChar)
    i.OLED_ShowNum                           0x08002750   Section        0  oled.o(i.OLED_ShowNum)
    i.OLED_ShowString                        0x08002794   Section        0  oled.o(i.OLED_ShowString)
    i.OLED_WriteCommand                      0x080027bc   Section        0  oled.o(i.OLED_WriteCommand)
    i.OLED_WriteData                         0x080027dc   Section        0  oled.o(i.OLED_WriteData)
    i.OPEN_Task                              0x080027fc   Section        0  taskdriver.o(i.OPEN_Task)
    i.Open_Error                             0x08002868   Section        0  password.o(i.Open_Error)
    i.PWSEL_Task                             0x08002888   Section        0  taskdriver.o(i.PWSEL_Task)
    i.Password_Change                        0x080028d0   Section        0  password.o(i.Password_Change)
    i.Password_Clear                         0x080029bc   Section        0  password.o(i.Password_Clear)
    i.Password_Refresh                       0x080029d4   Section        0  password.o(i.Password_Refresh)
    i.Password_Select                        0x08002ab0   Section        0  password.o(i.Password_Select)
    i.Password_Vertify                       0x08002bac   Section        0  password.o(i.Password_Vertify)
    i.PendSV_Handler                         0x08002d54   Section        0  stm32f4xx_it.o(i.PendSV_Handler)
    i.Read_Memory                            0x08002d58   Section        0  password.o(i.Read_Memory)
    i.SVC_Handler                            0x08002dd0   Section        0  stm32f4xx_it.o(i.SVC_Handler)
    i.Serial_Init                            0x08002dd4   Section        0  serial.o(i.Serial_Init)
    i.Serial_LockClose                       0x08002dec   Section        0  serial.o(i.Serial_LockClose)
    i.Serial_LockOpen                        0x08002e38   Section        0  serial.o(i.Serial_LockOpen)
    i.Serial_ProcessCmd                      0x08002e7c   Section        0  serial.o(i.Serial_ProcessCmd)
    i.Serial_RXCallBack                      0x08002f8c   Section        0  serial.o(i.Serial_RXCallBack)
    i.Serial_ShowDHT                         0x08002fe4   Section        0  serial.o(i.Serial_ShowDHT)
    i.Serial_ShowHelp                        0x0800302c   Section        0  serial.o(i.Serial_ShowHelp)
    i.Serial_ShowRecord                      0x08003054   Section        0  serial.o(i.Serial_ShowRecord)
    i.Serial_ShowStatus                      0x080031c8   Section        0  serial.o(i.Serial_ShowStatus)
    i.Serial_ShowSuccess                     0x0800326c   Section        0  serial.o(i.Serial_ShowSuccess)
    i.Serial_ShowWarning                     0x08003298   Section        0  serial.o(i.Serial_ShowWarning)
    i.StepMotor_Forward                      0x080032c4   Section        0  stepmotor.o(i.StepMotor_Forward)
    i.StepMotor_Forward_90_Degree            0x08003318   Section        0  stepmotor.o(i.StepMotor_Forward_90_Degree)
    i.StepMotor_Step                         0x08003328   Section        0  stepmotor.o(i.StepMotor_Step)
    i.StepMotor_Stop                         0x080033a4   Section        0  stepmotor.o(i.StepMotor_Stop)
    i.SysTick_Handler                        0x080033dc   Section        0  stm32f4xx_it.o(i.SysTick_Handler)
    i.SystemClock_Config                     0x080033e4   Section        0  main.o(i.SystemClock_Config)
    i.SystemInit                             0x08003498   Section        0  system_stm32f4xx.o(i.SystemInit)
    i.TIM2_IRQHandler                        0x080034ac   Section        0  stm32f4xx_it.o(i.TIM2_IRQHandler)
    i.TIM3_IRQHandler                        0x080034bc   Section        0  stm32f4xx_it.o(i.TIM3_IRQHandler)
    i.TIM_Base_SetConfig                     0x080034cc   Section        0  stm32f4xx_hal_tim.o(i.TIM_Base_SetConfig)
    i.TIM_ETR_SetConfig                      0x080035ac   Section        0  stm32f4xx_hal_tim.o(i.TIM_ETR_SetConfig)
    i.TIM_ITRx_SetConfig                     0x080035c2   Section        0  stm32f4xx_hal_tim.o(i.TIM_ITRx_SetConfig)
    TIM_ITRx_SetConfig                       0x080035c3   Thumb Code    18  stm32f4xx_hal_tim.o(i.TIM_ITRx_SetConfig)
    i.TIM_TI1_ConfigInputStage               0x080035d4   Section        0  stm32f4xx_hal_tim.o(i.TIM_TI1_ConfigInputStage)
    TIM_TI1_ConfigInputStage                 0x080035d5   Thumb Code    38  stm32f4xx_hal_tim.o(i.TIM_TI1_ConfigInputStage)
    i.TIM_TI2_ConfigInputStage               0x080035fa   Section        0  stm32f4xx_hal_tim.o(i.TIM_TI2_ConfigInputStage)
    TIM_TI2_ConfigInputStage                 0x080035fb   Thumb Code    40  stm32f4xx_hal_tim.o(i.TIM_TI2_ConfigInputStage)
    i.TaskDriver_Init                        0x08003624   Section        0  taskdriver.o(i.TaskDriver_Init)
    i.TaskDriver_Run                         0x0800364c   Section        0  taskdriver.o(i.TaskDriver_Run)
    i.TimeToMemory                           0x08003690   Section        0  password.o(i.TimeToMemory)
    i.UART_DMAAbortOnError                   0x08003700   Section        0  stm32f4xx_hal_uart.o(i.UART_DMAAbortOnError)
    UART_DMAAbortOnError                     0x08003701   Thumb Code    18  stm32f4xx_hal_uart.o(i.UART_DMAAbortOnError)
    i.UART_EndRxTransfer                     0x08003712   Section        0  stm32f4xx_hal_uart.o(i.UART_EndRxTransfer)
    UART_EndRxTransfer                       0x08003713   Thumb Code   108  stm32f4xx_hal_uart.o(i.UART_EndRxTransfer)
    i.UART_EndTransmit_IT                    0x0800377e   Section        0  stm32f4xx_hal_uart.o(i.UART_EndTransmit_IT)
    UART_EndTransmit_IT                      0x0800377f   Thumb Code    32  stm32f4xx_hal_uart.o(i.UART_EndTransmit_IT)
    i.UART_Receive_IT                        0x0800379e   Section        0  stm32f4xx_hal_uart.o(i.UART_Receive_IT)
    UART_Receive_IT                          0x0800379f   Thumb Code   252  stm32f4xx_hal_uart.o(i.UART_Receive_IT)
    i.UART_SetConfig                         0x0800389c   Section        0  stm32f4xx_hal_uart.o(i.UART_SetConfig)
    UART_SetConfig                           0x0800389d   Thumb Code   546  stm32f4xx_hal_uart.o(i.UART_SetConfig)
    i.UART_Start_Receive_IT                  0x08003ac8   Section        0  stm32f4xx_hal_uart.o(i.UART_Start_Receive_IT)
    i.UART_Transmit_IT                       0x08003b08   Section        0  stm32f4xx_hal_uart.o(i.UART_Transmit_IT)
    UART_Transmit_IT                         0x08003b09   Thumb Code    96  stm32f4xx_hal_uart.o(i.UART_Transmit_IT)
    i.UART_WaitOnFlagUntilTimeout            0x08003b68   Section        0  stm32f4xx_hal_uart.o(i.UART_WaitOnFlagUntilTimeout)
    UART_WaitOnFlagUntilTimeout              0x08003b69   Thumb Code   140  stm32f4xx_hal_uart.o(i.UART_WaitOnFlagUntilTimeout)
    i.USART1_IRQHandler                      0x08003bf4   Section        0  stm32f4xx_it.o(i.USART1_IRQHandler)
    i.UsageFault_Handler                     0x08003c04   Section        0  stm32f4xx_it.o(i.UsageFault_Handler)
    i.UserwordToMemory                       0x08003c08   Section        0  password.o(i.UserwordToMemory)
    i.Userword_Clear                         0x08003c78   Section        0  password.o(i.Userword_Clear)
    i.VERTIFY_Task                           0x08003c9c   Section        0  taskdriver.o(i.VERTIFY_Task)
    i.VIEW_Task                              0x08003d10   Section        0  taskdriver.o(i.VIEW_Task)
    i.__0printf$6                            0x08003d3c   Section        0  printf6.o(i.__0printf$6)
    i.__NVIC_GetPriorityGrouping             0x08003d5c   Section        0  stm32f4xx_hal_cortex.o(i.__NVIC_GetPriorityGrouping)
    __NVIC_GetPriorityGrouping               0x08003d5d   Thumb Code    10  stm32f4xx_hal_cortex.o(i.__NVIC_GetPriorityGrouping)
    i.__NVIC_SetPriority                     0x08003d6c   Section        0  stm32f4xx_hal_cortex.o(i.__NVIC_SetPriority)
    __NVIC_SetPriority                       0x08003d6d   Thumb Code    32  stm32f4xx_hal_cortex.o(i.__NVIC_SetPriority)
    i.__scatterload_copy                     0x08003d94   Section       14  handlers.o(i.__scatterload_copy)
    i.__scatterload_null                     0x08003da2   Section        2  handlers.o(i.__scatterload_null)
    i.__scatterload_zeroinit                 0x08003da4   Section       14  handlers.o(i.__scatterload_zeroinit)
    i._printf_core                           0x08003db4   Section        0  printf6.o(i._printf_core)
    _printf_core                             0x08003db5   Thumb Code   748  printf6.o(i._printf_core)
    i._printf_post_padding                   0x080040a4   Section        0  printf6.o(i._printf_post_padding)
    _printf_post_padding                     0x080040a5   Thumb Code    36  printf6.o(i._printf_post_padding)
    i._printf_pre_padding                    0x080040c8   Section        0  printf6.o(i._printf_pre_padding)
    _printf_pre_padding                      0x080040c9   Thumb Code    46  printf6.o(i._printf_pre_padding)
    i.fputc                                  0x080040f8   Section        0  serial.o(i.fputc)
    i.main                                   0x08004114   Section        0  main.o(i.main)
    .constdata                               0x08004138   Section       24  system_stm32f4xx.o(.constdata)
    .constdata                               0x08004150   Section     1520  oled.o(.constdata)
    .data                                    0x20000000   Section        7  taskdriver.o(.data)
    .data                                    0x20000008   Section        9  stm32f4xx_hal.o(.data)
    .data                                    0x20000014   Section        4  system_stm32f4xx.o(.data)
    .data                                    0x20000018   Section        9  matrix.o(.data)
    Last_Raw                                 0x20000018   Data           1  matrix.o(.data)
    Ticks                                    0x2000001c   Data           4  matrix.o(.data)
    Last_Send                                0x20000020   Data           1  matrix.o(.data)
    .data                                    0x20000022   Section       64  password.o(.data)
    Password1_Length                         0x20000053   Data           1  password.o(.data)
    Password2_Length                         0x20000054   Data           1  password.o(.data)
    Password3_Length                         0x20000055   Data           1  password.o(.data)
    Key                                      0x20000056   Data           1  password.o(.data)
    UserwordMemory_Index                     0x2000005a   Data           2  password.o(.data)
    TimeMemory_Index                         0x2000005c   Data           2  password.o(.data)
    Password_Sel                             0x20000061   Data           1  password.o(.data)
    .data                                    0x20000064   Section        8  nowtime.o(.data)
    Raw_Time                                 0x20000064   Data           4  nowtime.o(.data)
    Total_Sec                                0x20000068   Data           4  nowtime.o(.data)
    .data                                    0x2000006c   Section       32  stepmotor.o(.data)
    Step_Table                               0x2000006c   Data          32  stepmotor.o(.data)
    .data                                    0x2000008c   Section        3  serial.o(.data)
    .data                                    0x20000090   Section        4  stdout.o(.data)
    .bss                                     0x20000094   Section      144  tim.o(.bss)
    .bss                                     0x20000124   Section       72  usart.o(.bss)
    .bss                                     0x2000016c   Section      320  password.o(.bss)
    .bss                                     0x200002ac   Section       64  serial.o(.bss)
    STACK                                    0x200002f0   Section     1024  startup_stm32f407xx.o(STACK)

    Global Symbols

    Symbol Name                              Value     Ov Type        Size  Object(Section)

    BuildAttributes$$THM_ISAv4$E$P$D$K$B$S$7EM$VFPi3$EXTD16$VFPS$VFMA$PE$A:L22UL41UL21$X:L11$S22US41US21$IEEE1$IW$USESV6$~STKCKD$USESV7$~SHL$OSPACE$ROPI$EBA8$MICROLIB$REQ8$PRES8$EABIv2 0x00000000   Number         0  anon$$obj.o ABSOLUTE
    __ARM_use_no_argv                        0x00000000   Number         0  main.o ABSOLUTE
    _printf_a                                0x00000000   Number         0  stubs.o ABSOLUTE
    _printf_c                                0x00000000   Number         0  stubs.o ABSOLUTE
    _printf_charcount                        0x00000000   Number         0  stubs.o ABSOLUTE
    _printf_d                                0x00000000   Number         0  stubs.o ABSOLUTE
    _printf_e                                0x00000000   Number         0  stubs.o ABSOLUTE
    _printf_f                                0x00000000   Number         0  stubs.o ABSOLUTE
    _printf_flags                            0x00000000   Number         0  stubs.o ABSOLUTE
    _printf_fp_dec                           0x00000000   Number         0  stubs.o ABSOLUTE
    _printf_fp_hex                           0x00000000   Number         0  stubs.o ABSOLUTE
    _printf_g                                0x00000000   Number         0  stubs.o ABSOLUTE
    _printf_i                                0x00000000   Number         0  stubs.o ABSOLUTE
    _printf_int_dec                          0x00000000   Number         0  stubs.o ABSOLUTE
    _printf_l                                0x00000000   Number         0  stubs.o ABSOLUTE
    _printf_lc                               0x00000000   Number         0  stubs.o ABSOLUTE
    _printf_ll                               0x00000000   Number         0  stubs.o ABSOLUTE
    _printf_lld                              0x00000000   Number         0  stubs.o ABSOLUTE
    _printf_lli                              0x00000000   Number         0  stubs.o ABSOLUTE
    _printf_llo                              0x00000000   Number         0  stubs.o ABSOLUTE
    _printf_llu                              0x00000000   Number         0  stubs.o ABSOLUTE
    _printf_llx                              0x00000000   Number         0  stubs.o ABSOLUTE
    _printf_longlong_dec                     0x00000000   Number         0  stubs.o ABSOLUTE
    _printf_longlong_hex                     0x00000000   Number         0  stubs.o ABSOLUTE
    _printf_longlong_oct                     0x00000000   Number         0  stubs.o ABSOLUTE
    _printf_ls                               0x00000000   Number         0  stubs.o ABSOLUTE
    _printf_mbtowc                           0x00000000   Number         0  stubs.o ABSOLUTE
    _printf_n                                0x00000000   Number         0  stubs.o ABSOLUTE
    _printf_o                                0x00000000   Number         0  stubs.o ABSOLUTE
    _printf_p                                0x00000000   Number         0  stubs.o ABSOLUTE
    _printf_percent                          0x00000000   Number         0  stubs.o ABSOLUTE
    _printf_pre_padding                      0x00000000   Number         0  stubs.o ABSOLUTE
    _printf_return_value                     0x00000000   Number         0  stubs.o ABSOLUTE
    _printf_s                                0x00000000   Number         0  stubs.o ABSOLUTE
    _printf_sizespec                         0x00000000   Number         0  stubs.o ABSOLUTE
    _printf_str                              0x00000000   Number         0  stubs.o ABSOLUTE
    _printf_truncate_signed                  0x00000000   Number         0  stubs.o ABSOLUTE
    _printf_truncate_unsigned                0x00000000   Number         0  stubs.o ABSOLUTE
    _printf_u                                0x00000000   Number         0  stubs.o ABSOLUTE
    _printf_wc                               0x00000000   Number         0  stubs.o ABSOLUTE
    _printf_wctomb                           0x00000000   Number         0  stubs.o ABSOLUTE
    _printf_widthprec                        0x00000000   Number         0  stubs.o ABSOLUTE
    _printf_x                                0x00000000   Number         0  stubs.o ABSOLUTE
    __cpp_initialize__aeabi_                  - Undefined Weak Reference
    __cxa_finalize                            - Undefined Weak Reference
    __decompress                              - Undefined Weak Reference
    _clock_init                               - Undefined Weak Reference
    _microlib_exit                            - Undefined Weak Reference
    __Vectors_Size                           0x00000188   Number         0  startup_stm32f407xx.o ABSOLUTE
    __Vectors                                0x08000000   Data           4  startup_stm32f407xx.o(RESET)
    __Vectors_End                            0x08000188   Data           0  startup_stm32f407xx.o(RESET)
    __main                                   0x08000189   Thumb Code     0  entry.o(.ARM.Collect$$$$00000000)
    _main_stk                                0x08000189   Thumb Code     0  entry2.o(.ARM.Collect$$$$00000001)
    _main_scatterload                        0x0800018d   Thumb Code     0  entry5.o(.ARM.Collect$$$$00000004)
    __main_after_scatterload                 0x08000191   Thumb Code     0  entry5.o(.ARM.Collect$$$$00000004)
    _main_clock                              0x08000191   Thumb Code     0  entry7b.o(.ARM.Collect$$$$00000008)
    _main_cpp_init                           0x08000191   Thumb Code     0  entry8b.o(.ARM.Collect$$$$0000000A)
    _main_init                               0x08000191   Thumb Code     0  entry9a.o(.ARM.Collect$$$$0000000B)
    __rt_final_cpp                           0x08000199   Thumb Code     0  entry10a.o(.ARM.Collect$$$$0000000D)
    __rt_final_exit                          0x08000199   Thumb Code     0  entry11a.o(.ARM.Collect$$$$0000000F)
    Reset_Handler                            0x0800019d   Thumb Code     8  startup_stm32f407xx.o(.text)
    ADC_IRQHandler                           0x080001b7   Thumb Code     0  startup_stm32f407xx.o(.text)
    CAN1_RX0_IRQHandler                      0x080001b7   Thumb Code     0  startup_stm32f407xx.o(.text)
    CAN1_RX1_IRQHandler                      0x080001b7   Thumb Code     0  startup_stm32f407xx.o(.text)
    CAN1_SCE_IRQHandler                      0x080001b7   Thumb Code     0  startup_stm32f407xx.o(.text)
    CAN1_TX_IRQHandler                       0x080001b7   Thumb Code     0  startup_stm32f407xx.o(.text)
    CAN2_RX0_IRQHandler                      0x080001b7   Thumb Code     0  startup_stm32f407xx.o(.text)
    CAN2_RX1_IRQHandler                      0x080001b7   Thumb Code     0  startup_stm32f407xx.o(.text)
    CAN2_SCE_IRQHandler                      0x080001b7   Thumb Code     0  startup_stm32f407xx.o(.text)
    CAN2_TX_IRQHandler                       0x080001b7   Thumb Code     0  startup_stm32f407xx.o(.text)
    DCMI_IRQHandler                          0x080001b7   Thumb Code     0  startup_stm32f407xx.o(.text)
    DMA1_Stream0_IRQHandler                  0x080001b7   Thumb Code     0  startup_stm32f407xx.o(.text)
    DMA1_Stream1_IRQHandler                  0x080001b7   Thumb Code     0  startup_stm32f407xx.o(.text)
    DMA1_Stream2_IRQHandler                  0x080001b7   Thumb Code     0  startup_stm32f407xx.o(.text)
    DMA1_Stream3_IRQHandler                  0x080001b7   Thumb Code     0  startup_stm32f407xx.o(.text)
    DMA1_Stream4_IRQHandler                  0x080001b7   Thumb Code     0  startup_stm32f407xx.o(.text)
    DMA1_Stream5_IRQHandler                  0x080001b7   Thumb Code     0  startup_stm32f407xx.o(.text)
    DMA1_Stream6_IRQHandler                  0x080001b7   Thumb Code     0  startup_stm32f407xx.o(.text)
    DMA1_Stream7_IRQHandler                  0x080001b7   Thumb Code     0  startup_stm32f407xx.o(.text)
    DMA2_Stream0_IRQHandler                  0x080001b7   Thumb Code     0  startup_stm32f407xx.o(.text)
    DMA2_Stream1_IRQHandler                  0x080001b7   Thumb Code     0  startup_stm32f407xx.o(.text)
    DMA2_Stream2_IRQHandler                  0x080001b7   Thumb Code     0  startup_stm32f407xx.o(.text)
    DMA2_Stream3_IRQHandler                  0x080001b7   Thumb Code     0  startup_stm32f407xx.o(.text)
    DMA2_Stream4_IRQHandler                  0x080001b7   Thumb Code     0  startup_stm32f407xx.o(.text)
    DMA2_Stream5_IRQHandler                  0x080001b7   Thumb Code     0  startup_stm32f407xx.o(.text)
    DMA2_Stream6_IRQHandler                  0x080001b7   Thumb Code     0  startup_stm32f407xx.o(.text)
    DMA2_Stream7_IRQHandler                  0x080001b7   Thumb Code     0  startup_stm32f407xx.o(.text)
    ETH_IRQHandler                           0x080001b7   Thumb Code     0  startup_stm32f407xx.o(.text)
    ETH_WKUP_IRQHandler                      0x080001b7   Thumb Code     0  startup_stm32f407xx.o(.text)
    EXTI0_IRQHandler                         0x080001b7   Thumb Code     0  startup_stm32f407xx.o(.text)
    EXTI15_10_IRQHandler                     0x080001b7   Thumb Code     0  startup_stm32f407xx.o(.text)
    EXTI1_IRQHandler                         0x080001b7   Thumb Code     0  startup_stm32f407xx.o(.text)
    EXTI2_IRQHandler                         0x080001b7   Thumb Code     0  startup_stm32f407xx.o(.text)
    EXTI3_IRQHandler                         0x080001b7   Thumb Code     0  startup_stm32f407xx.o(.text)
    EXTI4_IRQHandler                         0x080001b7   Thumb Code     0  startup_stm32f407xx.o(.text)
    EXTI9_5_IRQHandler                       0x080001b7   Thumb Code     0  startup_stm32f407xx.o(.text)
    FLASH_IRQHandler                         0x080001b7   Thumb Code     0  startup_stm32f407xx.o(.text)
    FMC_IRQHandler                           0x080001b7   Thumb Code     0  startup_stm32f407xx.o(.text)
    FPU_IRQHandler                           0x080001b7   Thumb Code     0  startup_stm32f407xx.o(.text)
    HASH_RNG_IRQHandler                      0x080001b7   Thumb Code     0  startup_stm32f407xx.o(.text)
    I2C1_ER_IRQHandler                       0x080001b7   Thumb Code     0  startup_stm32f407xx.o(.text)
    I2C1_EV_IRQHandler                       0x080001b7   Thumb Code     0  startup_stm32f407xx.o(.text)
    I2C2_ER_IRQHandler                       0x080001b7   Thumb Code     0  startup_stm32f407xx.o(.text)
    I2C2_EV_IRQHandler                       0x080001b7   Thumb Code     0  startup_stm32f407xx.o(.text)
    I2C3_ER_IRQHandler                       0x080001b7   Thumb Code     0  startup_stm32f407xx.o(.text)
    I2C3_EV_IRQHandler                       0x080001b7   Thumb Code     0  startup_stm32f407xx.o(.text)
    OTG_FS_IRQHandler                        0x080001b7   Thumb Code     0  startup_stm32f407xx.o(.text)
    OTG_FS_WKUP_IRQHandler                   0x080001b7   Thumb Code     0  startup_stm32f407xx.o(.text)
    OTG_HS_EP1_IN_IRQHandler                 0x080001b7   Thumb Code     0  startup_stm32f407xx.o(.text)
    OTG_HS_EP1_OUT_IRQHandler                0x080001b7   Thumb Code     0  startup_stm32f407xx.o(.text)
    OTG_HS_IRQHandler                        0x080001b7   Thumb Code     0  startup_stm32f407xx.o(.text)
    OTG_HS_WKUP_IRQHandler                   0x080001b7   Thumb Code     0  startup_stm32f407xx.o(.text)
    PVD_IRQHandler                           0x080001b7   Thumb Code     0  startup_stm32f407xx.o(.text)
    RCC_IRQHandler                           0x080001b7   Thumb Code     0  startup_stm32f407xx.o(.text)
    RTC_Alarm_IRQHandler                     0x080001b7   Thumb Code     0  startup_stm32f407xx.o(.text)
    RTC_WKUP_IRQHandler                      0x080001b7   Thumb Code     0  startup_stm32f407xx.o(.text)
    SDIO_IRQHandler                          0x080001b7   Thumb Code     0  startup_stm32f407xx.o(.text)
    SPI1_IRQHandler                          0x080001b7   Thumb Code     0  startup_stm32f407xx.o(.text)
    SPI2_IRQHandler                          0x080001b7   Thumb Code     0  startup_stm32f407xx.o(.text)
    SPI3_IRQHandler                          0x080001b7   Thumb Code     0  startup_stm32f407xx.o(.text)
    TAMP_STAMP_IRQHandler                    0x080001b7   Thumb Code     0  startup_stm32f407xx.o(.text)
    TIM1_BRK_TIM9_IRQHandler                 0x080001b7   Thumb Code     0  startup_stm32f407xx.o(.text)
    TIM1_CC_IRQHandler                       0x080001b7   Thumb Code     0  startup_stm32f407xx.o(.text)
    TIM1_TRG_COM_TIM11_IRQHandler            0x080001b7   Thumb Code     0  startup_stm32f407xx.o(.text)
    TIM1_UP_TIM10_IRQHandler                 0x080001b7   Thumb Code     0  startup_stm32f407xx.o(.text)
    TIM4_IRQHandler                          0x080001b7   Thumb Code     0  startup_stm32f407xx.o(.text)
    TIM5_IRQHandler                          0x080001b7   Thumb Code     0  startup_stm32f407xx.o(.text)
    TIM6_DAC_IRQHandler                      0x080001b7   Thumb Code     0  startup_stm32f407xx.o(.text)
    TIM7_IRQHandler                          0x080001b7   Thumb Code     0  startup_stm32f407xx.o(.text)
    TIM8_BRK_TIM12_IRQHandler                0x080001b7   Thumb Code     0  startup_stm32f407xx.o(.text)
    TIM8_CC_IRQHandler                       0x080001b7   Thumb Code     0  startup_stm32f407xx.o(.text)
    TIM8_TRG_COM_TIM14_IRQHandler            0x080001b7   Thumb Code     0  startup_stm32f407xx.o(.text)
    TIM8_UP_TIM13_IRQHandler                 0x080001b7   Thumb Code     0  startup_stm32f407xx.o(.text)
    UART4_IRQHandler                         0x080001b7   Thumb Code     0  startup_stm32f407xx.o(.text)
    UART5_IRQHandler                         0x080001b7   Thumb Code     0  startup_stm32f407xx.o(.text)
    USART2_IRQHandler                        0x080001b7   Thumb Code     0  startup_stm32f407xx.o(.text)
    USART3_IRQHandler                        0x080001b7   Thumb Code     0  startup_stm32f407xx.o(.text)
    USART6_IRQHandler                        0x080001b7   Thumb Code     0  startup_stm32f407xx.o(.text)
    WWDG_IRQHandler                          0x080001b7   Thumb Code     0  startup_stm32f407xx.o(.text)
    __aeabi_uldivmod                         0x080001c1   Thumb Code    98  uldiv.o(.text)
    __aeabi_memset                           0x08000223   Thumb Code    14  memseta.o(.text)
    __aeabi_memset4                          0x08000223   Thumb Code     0  memseta.o(.text)
    __aeabi_memset8                          0x08000223   Thumb Code     0  memseta.o(.text)
    __aeabi_memclr                           0x08000231   Thumb Code     4  memseta.o(.text)
    __aeabi_memclr4                          0x08000231   Thumb Code     0  memseta.o(.text)
    __aeabi_memclr8                          0x08000231   Thumb Code     0  memseta.o(.text)
    _memset$wrapper                          0x08000235   Thumb Code    18  memseta.o(.text)
    strcmp                                   0x08000247   Thumb Code    28  strcmp.o(.text)
    __aeabi_uidiv                            0x08000263   Thumb Code     0  uidiv.o(.text)
    __aeabi_uidivmod                         0x08000263   Thumb Code    44  uidiv.o(.text)
    __aeabi_llsl                             0x0800028f   Thumb Code    30  llshl.o(.text)
    _ll_shift_l                              0x0800028f   Thumb Code     0  llshl.o(.text)
    __aeabi_llsr                             0x080002ad   Thumb Code    32  llushr.o(.text)
    _ll_ushift_r                             0x080002ad   Thumb Code     0  llushr.o(.text)
    __scatterload                            0x080002cd   Thumb Code    28  init.o(.text)
    __scatterload_rt2                        0x080002cd   Thumb Code     0  init.o(.text)
    BusFault_Handler                         0x080002f1   Thumb Code     4  stm32f4xx_it.o(i.BusFault_Handler)
    CHAPWD_Task                              0x080002f5   Thumb Code    84  taskdriver.o(i.CHAPWD_Task)
    DWT_Delay_Init                           0x0800034d   Thumb Code    30  delay.o(i.DWT_Delay_Init)
    DebugMon_Handler                         0x08000375   Thumb Code     2  stm32f4xx_it.o(i.DebugMon_Handler)
    Delay_us                                 0x08000379   Thumb Code    34  delay.o(i.Delay_us)
    Display_ChaInt                           0x080003a9   Thumb Code    38  display.o(i.Display_ChaInt)
    Display_InputInt                         0x08000401   Thumb Code    38  display.o(i.Display_InputInt)
    Display_SelInt                           0x08000459   Thumb Code    18  display.o(i.Display_SelInt)
    Display_ShowChaErr                       0x0800047d   Thumb Code    36  display.o(i.Display_ShowChaErr)
    Display_ShowChaOK                        0x080004b5   Thumb Code    26  display.o(i.Display_ShowChaOK)
    Display_ShowChaPwd                       0x080004dd   Thumb Code    42  display.o(i.Display_ShowChaPwd)
    Display_ShowDHT                          0x08000515   Thumb Code    32  display.o(i.Display_ShowDHT)
    Display_ShowInput                        0x0800053d   Thumb Code    42  display.o(i.Display_ShowInput)
    Display_ShowLenErr                       0x08000579   Thumb Code    26  display.o(i.Display_ShowLenErr)
    Display_ShowLockFreq                     0x0800059d   Thumb Code    38  display.o(i.Display_ShowLockFreq)
    Display_ShowLockState                    0x080005d9   Thumb Code    32  display.o(i.Display_ShowLockState)
    Display_ShowMainMenu                     0x08000615   Thumb Code    48  display.o(i.Display_ShowMainMenu)
    Display_ShowMemErr                       0x08000665   Thumb Code    26  display.o(i.Display_ShowMemErr)
    Display_ShowOK                           0x08000689   Thumb Code    26  display.o(i.Display_ShowOK)
    Display_ShowOpen                         0x080006b1   Thumb Code    70  display.o(i.Display_ShowOpen)
    Display_ShowPwdErr                       0x08000741   Thumb Code    26  display.o(i.Display_ShowPwdErr)
    Display_ShowView                         0x08000765   Thumb Code   300  display.o(i.Display_ShowView)
    Display_Showsel                          0x080008c1   Thumb Code    70  display.o(i.Display_Showsel)
    Display_ViewInt                          0x0800093d   Thumb Code    18  display.o(i.Display_ViewInt)
    Err_Check                                0x08000961   Thumb Code    32  taskdriver.o(i.Err_Check)
    Error_Handler                            0x080009a1   Thumb Code     6  main.o(i.Error_Handler)
    Get_Now_Time                             0x080009a9   Thumb Code    80  nowtime.o(i.Get_Now_Time)
    HAL_DMA_Abort                            0x08000a01   Thumb Code   172  stm32f4xx_hal_dma.o(i.HAL_DMA_Abort)
    HAL_DMA_Abort_IT                         0x08000aad   Thumb Code    40  stm32f4xx_hal_dma.o(i.HAL_DMA_Abort_IT)
    HAL_Delay                                0x08000ad5   Thumb Code    36  stm32f4xx_hal.o(i.HAL_Delay)
    HAL_GPIO_Init                            0x08000afd   Thumb Code   454  stm32f4xx_hal_gpio.o(i.HAL_GPIO_Init)
    HAL_GPIO_ReadPin                         0x08000cf1   Thumb Code    16  stm32f4xx_hal_gpio.o(i.HAL_GPIO_ReadPin)
    HAL_GPIO_WritePin                        0x08000d01   Thumb Code    12  stm32f4xx_hal_gpio.o(i.HAL_GPIO_WritePin)
    HAL_GetTick                              0x08000d0d   Thumb Code     6  stm32f4xx_hal.o(i.HAL_GetTick)
    HAL_IncTick                              0x08000d19   Thumb Code    16  stm32f4xx_hal.o(i.HAL_IncTick)
    HAL_Init                                 0x08000d31   Thumb Code    54  stm32f4xx_hal.o(i.HAL_Init)
    HAL_InitTick                             0x08000d6d   Thumb Code    64  stm32f4xx_hal.o(i.HAL_InitTick)
    HAL_MspInit                              0x08000db9   Thumb Code    68  stm32f4xx_hal_msp.o(i.HAL_MspInit)
    HAL_NVIC_EnableIRQ                       0x08000e01   Thumb Code    40  stm32f4xx_hal_cortex.o(i.HAL_NVIC_EnableIRQ)
    HAL_NVIC_SetPriority                     0x08000e29   Thumb Code   124  stm32f4xx_hal_cortex.o(i.HAL_NVIC_SetPriority)
    HAL_NVIC_SetPriorityGrouping             0x08000ea5   Thumb Code    32  stm32f4xx_hal_cortex.o(i.HAL_NVIC_SetPriorityGrouping)
    HAL_RCC_ClockConfig                      0x08000ecd   Thumb Code   368  stm32f4xx_hal_rcc.o(i.HAL_RCC_ClockConfig)
    HAL_RCC_GetHCLKFreq                      0x08001051   Thumb Code     6  stm32f4xx_hal_rcc.o(i.HAL_RCC_GetHCLKFreq)
    HAL_RCC_GetPCLK1Freq                     0x0800105d   Thumb Code    22  stm32f4xx_hal_rcc.o(i.HAL_RCC_GetPCLK1Freq)
    HAL_RCC_GetPCLK2Freq                     0x0800107d   Thumb Code    22  stm32f4xx_hal_rcc.o(i.HAL_RCC_GetPCLK2Freq)
    HAL_RCC_GetSysClockFreq                  0x0800109d   Thumb Code   162  stm32f4xx_hal_rcc.o(i.HAL_RCC_GetSysClockFreq)
    HAL_RCC_OscConfig                        0x0800114d   Thumb Code  1172  stm32f4xx_hal_rcc.o(i.HAL_RCC_OscConfig)
    HAL_SYSTICK_Config                       0x080015e9   Thumb Code    52  stm32f4xx_hal_cortex.o(i.HAL_SYSTICK_Config)
    HAL_TIMEx_BreakCallback                  0x0800161d   Thumb Code     2  stm32f4xx_hal_tim_ex.o(i.HAL_TIMEx_BreakCallback)
    HAL_TIMEx_CommutCallback                 0x0800161f   Thumb Code     2  stm32f4xx_hal_tim_ex.o(i.HAL_TIMEx_CommutCallback)
    HAL_TIMEx_MasterConfigSynchronization    0x08001621   Thumb Code   150  stm32f4xx_hal_tim_ex.o(i.HAL_TIMEx_MasterConfigSynchronization)
    HAL_TIM_Base_Init                        0x080016d5   Thumb Code   102  stm32f4xx_hal_tim.o(i.HAL_TIM_Base_Init)
    HAL_TIM_Base_MspInit                     0x0800173d   Thumb Code   120  tim.o(i.HAL_TIM_Base_MspInit)
    HAL_TIM_Base_Start_IT                    0x080017bd   Thumb Code   138  stm32f4xx_hal_tim.o(i.HAL_TIM_Base_Start_IT)
    HAL_TIM_ConfigClockSource                0x08001865   Thumb Code   268  stm32f4xx_hal_tim.o(i.HAL_TIM_ConfigClockSource)
    HAL_TIM_IC_CaptureCallback               0x08001971   Thumb Code     2  stm32f4xx_hal_tim.o(i.HAL_TIM_IC_CaptureCallback)
    HAL_TIM_IRQHandler                       0x08001973   Thumb Code   364  stm32f4xx_hal_tim.o(i.HAL_TIM_IRQHandler)
    HAL_TIM_OC_DelayElapsedCallback          0x08001adf   Thumb Code     2  stm32f4xx_hal_tim.o(i.HAL_TIM_OC_DelayElapsedCallback)
    HAL_TIM_PWM_PulseFinishedCallback        0x08001ae1   Thumb Code     2  stm32f4xx_hal_tim.o(i.HAL_TIM_PWM_PulseFinishedCallback)
    HAL_TIM_PeriodElapsedCallback            0x08001ae5   Thumb Code    16  taskdriver.o(i.HAL_TIM_PeriodElapsedCallback)
    HAL_TIM_TriggerCallback                  0x08001af9   Thumb Code     2  stm32f4xx_hal_tim.o(i.HAL_TIM_TriggerCallback)
    HAL_UARTEx_RxEventCallback               0x08001afb   Thumb Code     2  stm32f4xx_hal_uart.o(i.HAL_UARTEx_RxEventCallback)
    HAL_UART_ErrorCallback                   0x08001afd   Thumb Code     2  stm32f4xx_hal_uart.o(i.HAL_UART_ErrorCallback)
    HAL_UART_IRQHandler                      0x08001b01   Thumb Code   772  stm32f4xx_hal_uart.o(i.HAL_UART_IRQHandler)
    HAL_UART_Init                            0x08001e09   Thumb Code   118  stm32f4xx_hal_uart.o(i.HAL_UART_Init)
    HAL_UART_MspInit                         0x08001e81   Thumb Code   140  usart.o(i.HAL_UART_MspInit)
    HAL_UART_Receive_IT                      0x08001f19   Thumb Code    44  stm32f4xx_hal_uart.o(i.HAL_UART_Receive_IT)
    HAL_UART_RxCpltCallback                  0x08001f45   Thumb Code    32  taskdriver.o(i.HAL_UART_RxCpltCallback)
    HAL_UART_Transmit                        0x08001f71   Thumb Code   190  stm32f4xx_hal_uart.o(i.HAL_UART_Transmit)
    HAL_UART_TxCpltCallback                  0x0800202f   Thumb Code     2  stm32f4xx_hal_uart.o(i.HAL_UART_TxCpltCallback)
    HardFault_Handler                        0x08002031   Thumb Code     4  stm32f4xx_it.o(i.HardFault_Handler)
    IDLE_Task                                0x08002035   Thumb Code    40  taskdriver.o(i.IDLE_Task)
    Lock_Close                               0x08002061   Thumb Code    18  taskdriver.o(i.Lock_Close)
    Lock_Open                                0x08002079   Thumb Code    20  taskdriver.o(i.Lock_Open)
    MX_GPIO_Init                             0x08002091   Thumb Code   282  gpio.o(i.MX_GPIO_Init)
    MX_TIM2_Init                             0x080021b9   Thumb Code   104  tim.o(i.MX_TIM2_Init)
    MX_TIM3_Init                             0x08002225   Thumb Code   100  tim.o(i.MX_TIM3_Init)
    MX_USART1_UART_Init                      0x08002291   Thumb Code    46  usart.o(i.MX_USART1_UART_Init)
    Matrix_GetNum                            0x080022c9   Thumb Code    80  matrix.o(i.Matrix_GetNum)
    Matrix_Scan_Raw                          0x08002325   Thumb Code   256  matrix.o(i.Matrix_Scan_Raw)
    Matrix_Set                               0x08002429   Thumb Code    44  matrix.o(i.Matrix_Set)
    MemManage_Handler                        0x08002459   Thumb Code     4  stm32f4xx_it.o(i.MemManage_Handler)
    NMI_Handler                              0x0800245d   Thumb Code     4  stm32f4xx_it.o(i.NMI_Handler)
    NewPassword_Clear                        0x08002461   Thumb Code    26  password.o(i.NewPassword_Clear)
    NewPassword_Set                          0x08002485   Thumb Code    36  password.o(i.NewPassword_Set)
    Now_Time_Init                            0x080024b5   Thumb Code    12  nowtime.o(i.Now_Time_Init)
    OLED_Clear                               0x080024c5   Thumb Code    42  oled.o(i.OLED_Clear)
    OLED_I2C_Init                            0x080024f1   Thumb Code    24  oled.o(i.OLED_I2C_Init)
    OLED_I2C_SendByte                        0x0800250d   Thumb Code   112  oled.o(i.OLED_I2C_SendByte)
    OLED_I2C_Start                           0x08002581   Thumb Code    60  oled.o(i.OLED_I2C_Start)
    OLED_I2C_Stop                            0x080025c1   Thumb Code    42  oled.o(i.OLED_I2C_Stop)
    OLED_Init                                0x080025f1   Thumb Code   180  oled.o(i.OLED_Init)
    OLED_Pow                                 0x080026a5   Thumb Code    20  oled.o(i.OLED_Pow)
    OLED_SetCursor                           0x080026b9   Thumb Code    34  oled.o(i.OLED_SetCursor)
    OLED_ShowChar                            0x080026dd   Thumb Code   110  oled.o(i.OLED_ShowChar)
    OLED_ShowNum                             0x08002751   Thumb Code    68  oled.o(i.OLED_ShowNum)
    OLED_ShowString                          0x08002795   Thumb Code    40  oled.o(i.OLED_ShowString)
    OLED_WriteCommand                        0x080027bd   Thumb Code    32  oled.o(i.OLED_WriteCommand)
    OLED_WriteData                           0x080027dd   Thumb Code    32  oled.o(i.OLED_WriteData)
    OPEN_Task                                0x080027fd   Thumb Code   100  taskdriver.o(i.OPEN_Task)
    Open_Error                               0x08002869   Thumb Code    28  password.o(i.Open_Error)
    PWSEL_Task                               0x08002889   Thumb Code    68  taskdriver.o(i.PWSEL_Task)
    Password_Change                          0x080028d1   Thumb Code   214  password.o(i.Password_Change)
    Password_Clear                           0x080029bd   Thumb Code    20  password.o(i.Password_Clear)
    Password_Refresh                         0x080029d5   Thumb Code   182  password.o(i.Password_Refresh)
    Password_Select                          0x08002ab1   Thumb Code   210  password.o(i.Password_Select)
    Password_Vertify                         0x08002bad   Thumb Code   392  password.o(i.Password_Vertify)
    PendSV_Handler                           0x08002d55   Thumb Code     2  stm32f4xx_it.o(i.PendSV_Handler)
    Read_Memory                              0x08002d59   Thumb Code   104  password.o(i.Read_Memory)
    SVC_Handler                              0x08002dd1   Thumb Code     2  stm32f4xx_it.o(i.SVC_Handler)
    Serial_Init                              0x08002dd5   Thumb Code    14  serial.o(i.Serial_Init)
    Serial_LockClose                         0x08002ded   Thumb Code    30  serial.o(i.Serial_LockClose)
    Serial_LockOpen                          0x08002e39   Thumb Code    28  serial.o(i.Serial_LockOpen)
    Serial_ProcessCmd                        0x08002e7d   Thumb Code   154  serial.o(i.Serial_ProcessCmd)
    Serial_RXCallBack                        0x08002f8d   Thumb Code    76  serial.o(i.Serial_RXCallBack)
    Serial_ShowDHT                           0x08002fe5   Thumb Code    28  serial.o(i.Serial_ShowDHT)
    Serial_ShowHelp                          0x0800302d   Thumb Code    10  serial.o(i.Serial_ShowHelp)
    Serial_ShowRecord                        0x08003055   Thumb Code   262  serial.o(i.Serial_ShowRecord)
    Serial_ShowStatus                        0x080031c9   Thumb Code    56  serial.o(i.Serial_ShowStatus)
    Serial_ShowSuccess                       0x0800326d   Thumb Code    14  serial.o(i.Serial_ShowSuccess)
    Serial_ShowWarning                       0x08003299   Thumb Code    14  serial.o(i.Serial_ShowWarning)
    StepMotor_Forward                        0x080032c5   Thumb Code    84  stepmotor.o(i.StepMotor_Forward)
    StepMotor_Forward_90_Degree              0x08003319   Thumb Code    14  stepmotor.o(i.StepMotor_Forward_90_Degree)
    StepMotor_Step                           0x08003329   Thumb Code   116  stepmotor.o(i.StepMotor_Step)
    StepMotor_Stop                           0x080033a5   Thumb Code    52  stepmotor.o(i.StepMotor_Stop)
    SysTick_Handler                          0x080033dd   Thumb Code     8  stm32f4xx_it.o(i.SysTick_Handler)
    SystemClock_Config                       0x080033e5   Thumb Code   170  main.o(i.SystemClock_Config)
    SystemInit                               0x08003499   Thumb Code    14  system_stm32f4xx.o(i.SystemInit)
    TIM2_IRQHandler                          0x080034ad   Thumb Code    10  stm32f4xx_it.o(i.TIM2_IRQHandler)
    TIM3_IRQHandler                          0x080034bd   Thumb Code    10  stm32f4xx_it.o(i.TIM3_IRQHandler)
    TIM_Base_SetConfig                       0x080034cd   Thumb Code   178  stm32f4xx_hal_tim.o(i.TIM_Base_SetConfig)
    TIM_ETR_SetConfig                        0x080035ad   Thumb Code    22  stm32f4xx_hal_tim.o(i.TIM_ETR_SetConfig)
    TaskDriver_Init                          0x08003625   Thumb Code    36  taskdriver.o(i.TaskDriver_Init)
    TaskDriver_Run                           0x0800364d   Thumb Code    64  taskdriver.o(i.TaskDriver_Run)
    TimeToMemory                             0x08003691   Thumb Code   102  password.o(i.TimeToMemory)
    UART_Start_Receive_IT                    0x08003ac9   Thumb Code    64  stm32f4xx_hal_uart.o(i.UART_Start_Receive_IT)
    USART1_IRQHandler                        0x08003bf5   Thumb Code    10  stm32f4xx_it.o(i.USART1_IRQHandler)
    UsageFault_Handler                       0x08003c05   Thumb Code     4  stm32f4xx_it.o(i.UsageFault_Handler)
    UserwordToMemory                         0x08003c09   Thumb Code    94  password.o(i.UserwordToMemory)
    Userword_Clear                           0x08003c79   Thumb Code    26  password.o(i.Userword_Clear)
    VERTIFY_Task                             0x08003c9d   Thumb Code   108  taskdriver.o(i.VERTIFY_Task)
    VIEW_Task                                0x08003d11   Thumb Code    36  taskdriver.o(i.VIEW_Task)
    __0printf$6                              0x08003d3d   Thumb Code    22  printf6.o(i.__0printf$6)
    __1printf$6                              0x08003d3d   Thumb Code     0  printf6.o(i.__0printf$6)
    __2printf                                0x08003d3d   Thumb Code     0  printf6.o(i.__0printf$6)
    __scatterload_copy                       0x08003d95   Thumb Code    14  handlers.o(i.__scatterload_copy)
    __scatterload_null                       0x08003da3   Thumb Code     2  handlers.o(i.__scatterload_null)
    __scatterload_zeroinit                   0x08003da5   Thumb Code    14  handlers.o(i.__scatterload_zeroinit)
    fputc                                    0x080040f9   Thumb Code    22  serial.o(i.fputc)
    main                                     0x08004115   Thumb Code    36  main.o(i.main)
    AHBPrescTable                            0x08004138   Data          16  system_stm32f4xx.o(.constdata)
    APBPrescTable                            0x08004148   Data           8  system_stm32f4xx.o(.constdata)
    OLED_F8x16                               0x08004150   Data        1520  oled.o(.constdata)
    Region$$Table$$Base                      0x08004740   Number         0  anon$$obj.o(Region$$Table)
    Region$$Table$$Limit                     0x08004760   Number         0  anon$$obj.o(Region$$Table)
    Temph                                    0x20000000   Data           1  taskdriver.o(.data)
    Templ                                    0x20000001   Data           1  taskdriver.o(.data)
    Humih                                    0x20000002   Data           1  taskdriver.o(.data)
    Humil                                    0x20000003   Data           1  taskdriver.o(.data)
    View_Flag                                0x20000004   Data           1  taskdriver.o(.data)
    Sensor_Read_Flag                         0x20000005   Data           1  taskdriver.o(.data)
    State                                    0x20000006   Data           1  taskdriver.o(.data)
    uwTick                                   0x20000008   Data           4  stm32f4xx_hal.o(.data)
    uwTickPrio                               0x2000000c   Data           4  stm32f4xx_hal.o(.data)
    uwTickFreq                               0x20000010   Data           1  stm32f4xx_hal.o(.data)
    SystemCoreClock                          0x20000014   Data           4  system_stm32f4xx.o(.data)
    Password                                 0x20000022   Data           8  password.o(.data)
    Password1                                0x2000002a   Data           8  password.o(.data)
    Password2                                0x20000032   Data           8  password.o(.data)
    Password3                                0x2000003a   Data           8  password.o(.data)
    Userword                                 0x20000042   Data           8  password.o(.data)
    NewPassWord                              0x2000004a   Data           8  password.o(.data)
    Password_Length                          0x20000052   Data           1  password.o(.data)
    Userword_Index                           0x20000057   Data           1  password.o(.data)
    Password_Index                           0x20000058   Data           1  password.o(.data)
    Vertify_State                            0x2000005e   Data           1  password.o(.data)
    Warnings                                 0x2000005f   Data           1  password.o(.data)
    Succeses                                 0x20000060   Data           1  password.o(.data)
    Rx_Cmd_Ready                             0x2000008c   Data           1  serial.o(.data)
    Uart_Rx_Byte                             0x2000008d   Data           1  serial.o(.data)
    Uart_Rx_Index                            0x2000008e   Data           1  serial.o(.data)
    __stdout                                 0x20000090   Data           4  stdout.o(.data)
    htim2                                    0x20000094   Data          72  tim.o(.bss)
    htim3                                    0x200000dc   Data          72  tim.o(.bss)
    huart1                                   0x20000124   Data          72  usart.o(.bss)
    UserwordMemory                           0x2000016c   Data         256  password.o(.bss)
    TimeMemory                               0x2000026c   Data          64  password.o(.bss)
    Uart_Rx_Buf                              0x200002ac   Data          64  serial.o(.bss)
    __initial_sp                             0x200006f0   Data           0  startup_stm32f407xx.o(STACK)



==============================================================================

Memory Map of the image

  Image Entry point : 0x08000189

  Load Region LR_IROM1 (Base: 0x08000000, Size: 0x000047f4, Max: 0x00080000, ABSOLUTE)

    Execution Region ER_IROM1 (Exec base: 0x08000000, Load base: 0x08000000, Size: 0x00004760, Max: 0x00080000, ABSOLUTE)

    Exec Addr    Load Addr    Size         Type   Attr      Idx    E Section Name        Object

    0x08000000   0x08000000   0x00000188   Data   RO            3    RESET               startup_stm32f407xx.o
    0x08000188   0x08000188   0x00000000   Code   RO         3795  * .ARM.Collect$$$$00000000  mc_w.l(entry.o)
    0x08000188   0x08000188   0x00000004   Code   RO         4065    .ARM.Collect$$$$00000001  mc_w.l(entry2.o)
    0x0800018c   0x0800018c   0x00000004   Code   RO         4068    .ARM.Collect$$$$00000004  mc_w.l(entry5.o)
    0x08000190   0x08000190   0x00000000   Code   RO         4070    .ARM.Collect$$$$00000008  mc_w.l(entry7b.o)
    0x08000190   0x08000190   0x00000000   Code   RO         4072    .ARM.Collect$$$$0000000A  mc_w.l(entry8b.o)
    0x08000190   0x08000190   0x00000008   Code   RO         4073    .ARM.Collect$$$$0000000B  mc_w.l(entry9a.o)
    0x08000198   0x08000198   0x00000000   Code   RO         4075    .ARM.Collect$$$$0000000D  mc_w.l(entry10a.o)
    0x08000198   0x08000198   0x00000000   Code   RO         4077    .ARM.Collect$$$$0000000F  mc_w.l(entry11a.o)
    0x08000198   0x08000198   0x00000004   Code   RO         4066    .ARM.Collect$$$$00002712  mc_w.l(entry2.o)
    0x0800019c   0x0800019c   0x00000024   Code   RO            4    .text               startup_stm32f407xx.o
    0x080001c0   0x080001c0   0x00000062   Code   RO         3798    .text               mc_w.l(uldiv.o)
    0x08000222   0x08000222   0x00000024   Code   RO         3800    .text               mc_w.l(memseta.o)
    0x08000246   0x08000246   0x0000001c   Code   RO         3802    .text               mc_w.l(strcmp.o)
    0x08000262   0x08000262   0x0000002c   Code   RO         4080    .text               mc_w.l(uidiv.o)
    0x0800028e   0x0800028e   0x0000001e   Code   RO         4082    .text               mc_w.l(llshl.o)
    0x080002ac   0x080002ac   0x00000020   Code   RO         4084    .text               mc_w.l(llushr.o)
    0x080002cc   0x080002cc   0x00000024   Code   RO         4097    .text               mc_w.l(init.o)
    0x080002f0   0x080002f0   0x00000004   Code   RO          411    i.BusFault_Handler  stm32f4xx_it.o
    0x080002f4   0x080002f4   0x00000058   Code   RO           13    i.CHAPWD_Task       taskdriver.o
    0x0800034c   0x0800034c   0x00000028   Code   RO          529    i.DWT_Delay_Init    delay.o
    0x08000374   0x08000374   0x00000002   Code   RO          412    i.DebugMon_Handler  stm32f4xx_it.o
    0x08000376   0x08000376   0x00000002   PAD
    0x08000378   0x08000378   0x00000030   Code   RO          531    i.Delay_us          delay.o
    0x080003a8   0x080003a8   0x00000058   Code   RO         3549    i.Display_ChaInt    display.o
    0x08000400   0x08000400   0x00000058   Code   RO         3550    i.Display_InputInt  display.o
    0x08000458   0x08000458   0x00000024   Code   RO         3551    i.Display_SelInt    display.o
    0x0800047c   0x0800047c   0x00000038   Code   RO         3552    i.Display_ShowChaErr  display.o
    0x080004b4   0x080004b4   0x00000028   Code   RO         3553    i.Display_ShowChaOK  display.o
    0x080004dc   0x080004dc   0x00000038   Code   RO         3554    i.Display_ShowChaPwd  display.o
    0x08000514   0x08000514   0x00000028   Code   RO         3555    i.Display_ShowDHT   display.o
    0x0800053c   0x0800053c   0x0000003c   Code   RO         3556    i.Display_ShowInput  display.o
    0x08000578   0x08000578   0x00000024   Code   RO         3557    i.Display_ShowLenErr  display.o
    0x0800059c   0x0800059c   0x0000003c   Code   RO         3558    i.Display_ShowLockFreq  display.o
    0x080005d8   0x080005d8   0x0000003c   Code   RO         3559    i.Display_ShowLockState  display.o
    0x08000614   0x08000614   0x00000050   Code   RO         3560    i.Display_ShowMainMenu  display.o
    0x08000664   0x08000664   0x00000024   Code   RO         3561    i.Display_ShowMemErr  display.o
    0x08000688   0x08000688   0x00000028   Code   RO         3562    i.Display_ShowOK    display.o
    0x080006b0   0x080006b0   0x00000090   Code   RO         3563    i.Display_ShowOpen  display.o
    0x08000740   0x08000740   0x00000024   Code   RO         3564    i.Display_ShowPwdErr  display.o
    0x08000764   0x08000764   0x0000015c   Code   RO         3566    i.Display_ShowView  display.o
    0x080008c0   0x080008c0   0x0000007c   Code   RO         3567    i.Display_Showsel   display.o
    0x0800093c   0x0800093c   0x00000024   Code   RO         3568    i.Display_ViewInt   display.o
    0x08000960   0x08000960   0x00000040   Code   RO           14    i.Err_Check         taskdriver.o
    0x080009a0   0x080009a0   0x00000006   Code   RO          244    i.Error_Handler     main.o
    0x080009a6   0x080009a6   0x00000002   PAD
    0x080009a8   0x080009a8   0x00000058   Code   RO         3302    i.Get_Now_Time      nowtime.o
    0x08000a00   0x08000a00   0x000000ac   Code   RO         2056    i.HAL_DMA_Abort     stm32f4xx_hal_dma.o
    0x08000aac   0x08000aac   0x00000028   Code   RO         2057    i.HAL_DMA_Abort_IT  stm32f4xx_hal_dma.o
    0x08000ad4   0x08000ad4   0x00000028   Code   RO         2498    i.HAL_Delay         stm32f4xx_hal.o
    0x08000afc   0x08000afc   0x000001f4   Code   RO         1949    i.HAL_GPIO_Init     stm32f4xx_hal_gpio.o
    0x08000cf0   0x08000cf0   0x00000010   Code   RO         1951    i.HAL_GPIO_ReadPin  stm32f4xx_hal_gpio.o
    0x08000d00   0x08000d00   0x0000000c   Code   RO         1953    i.HAL_GPIO_WritePin  stm32f4xx_hal_gpio.o
    0x08000d0c   0x08000d0c   0x0000000c   Code   RO         2504    i.HAL_GetTick       stm32f4xx_hal.o
    0x08000d18   0x08000d18   0x00000018   Code   RO         2510    i.HAL_IncTick       stm32f4xx_hal.o
    0x08000d30   0x08000d30   0x0000003c   Code   RO         2511    i.HAL_Init          stm32f4xx_hal.o
    0x08000d6c   0x08000d6c   0x0000004c   Code   RO         2512    i.HAL_InitTick      stm32f4xx_hal.o
    0x08000db8   0x08000db8   0x00000048   Code   RO          505    i.HAL_MspInit       stm32f4xx_hal_msp.o
    0x08000e00   0x08000e00   0x00000028   Code   RO         2341    i.HAL_NVIC_EnableIRQ  stm32f4xx_hal_cortex.o
    0x08000e28   0x08000e28   0x0000007c   Code   RO         2347    i.HAL_NVIC_SetPriority  stm32f4xx_hal_cortex.o
    0x08000ea4   0x08000ea4   0x00000028   Code   RO         2348    i.HAL_NVIC_SetPriorityGrouping  stm32f4xx_hal_cortex.o
    0x08000ecc   0x08000ecc   0x00000184   Code   RO         1550    i.HAL_RCC_ClockConfig  stm32f4xx_hal_rcc.o
    0x08001050   0x08001050   0x0000000c   Code   RO         1555    i.HAL_RCC_GetHCLKFreq  stm32f4xx_hal_rcc.o
    0x0800105c   0x0800105c   0x00000020   Code   RO         1557    i.HAL_RCC_GetPCLK1Freq  stm32f4xx_hal_rcc.o
    0x0800107c   0x0800107c   0x00000020   Code   RO         1558    i.HAL_RCC_GetPCLK2Freq  stm32f4xx_hal_rcc.o
    0x0800109c   0x0800109c   0x000000b0   Code   RO         1559    i.HAL_RCC_GetSysClockFreq  stm32f4xx_hal_rcc.o
    0x0800114c   0x0800114c   0x0000049c   Code   RO         1562    i.HAL_RCC_OscConfig  stm32f4xx_hal_rcc.o
    0x080015e8   0x080015e8   0x00000034   Code   RO         2352    i.HAL_SYSTICK_Config  stm32f4xx_hal_cortex.o
    0x0800161c   0x0800161c   0x00000002   Code   RO         1282    i.HAL_TIMEx_BreakCallback  stm32f4xx_hal_tim_ex.o
    0x0800161e   0x0800161e   0x00000002   Code   RO         1283    i.HAL_TIMEx_CommutCallback  stm32f4xx_hal_tim_ex.o
    0x08001620   0x08001620   0x000000b4   Code   RO         1301    i.HAL_TIMEx_MasterConfigSynchronization  stm32f4xx_hal_tim_ex.o
    0x080016d4   0x080016d4   0x00000066   Code   RO          567    i.HAL_TIM_Base_Init  stm32f4xx_hal_tim.o
    0x0800173a   0x0800173a   0x00000002   PAD
    0x0800173c   0x0800173c   0x00000080   Code   RO          322    i.HAL_TIM_Base_MspInit  tim.o
    0x080017bc   0x080017bc   0x000000a8   Code   RO          572    i.HAL_TIM_Base_Start_IT  stm32f4xx_hal_tim.o
    0x08001864   0x08001864   0x0000010c   Code   RO          576    i.HAL_TIM_ConfigClockSource  stm32f4xx_hal_tim.o
    0x08001970   0x08001970   0x00000002   Code   RO          601    i.HAL_TIM_IC_CaptureCallback  stm32f4xx_hal_tim.o
    0x08001972   0x08001972   0x0000016c   Code   RO          615    i.HAL_TIM_IRQHandler  stm32f4xx_hal_tim.o
    0x08001ade   0x08001ade   0x00000002   Code   RO          618    i.HAL_TIM_OC_DelayElapsedCallback  stm32f4xx_hal_tim.o
    0x08001ae0   0x08001ae0   0x00000002   Code   RO          645    i.HAL_TIM_PWM_PulseFinishedCallback  stm32f4xx_hal_tim.o
    0x08001ae2   0x08001ae2   0x00000002   PAD
    0x08001ae4   0x08001ae4   0x00000014   Code   RO           15    i.HAL_TIM_PeriodElapsedCallback  taskdriver.o
    0x08001af8   0x08001af8   0x00000002   Code   RO          658    i.HAL_TIM_TriggerCallback  stm32f4xx_hal_tim.o
    0x08001afa   0x08001afa   0x00000002   Code   RO         2761    i.HAL_UARTEx_RxEventCallback  stm32f4xx_hal_uart.o
    0x08001afc   0x08001afc   0x00000002   Code   RO         2775    i.HAL_UART_ErrorCallback  stm32f4xx_hal_uart.o
    0x08001afe   0x08001afe   0x00000002   PAD
    0x08001b00   0x08001b00   0x00000308   Code   RO         2778    i.HAL_UART_IRQHandler  stm32f4xx_hal_uart.o
    0x08001e08   0x08001e08   0x00000076   Code   RO         2779    i.HAL_UART_Init     stm32f4xx_hal_uart.o
    0x08001e7e   0x08001e7e   0x00000002   PAD
    0x08001e80   0x08001e80   0x00000098   Code   RO          370    i.HAL_UART_MspInit  usart.o
    0x08001f18   0x08001f18   0x0000002c   Code   RO         2784    i.HAL_UART_Receive_IT  stm32f4xx_hal_uart.o
    0x08001f44   0x08001f44   0x0000002c   Code   RO           16    i.HAL_UART_RxCpltCallback  taskdriver.o
    0x08001f70   0x08001f70   0x000000be   Code   RO         2787    i.HAL_UART_Transmit  stm32f4xx_hal_uart.o
    0x0800202e   0x0800202e   0x00000002   Code   RO         2790    i.HAL_UART_TxCpltCallback  stm32f4xx_hal_uart.o
    0x08002030   0x08002030   0x00000004   Code   RO          413    i.HardFault_Handler  stm32f4xx_it.o
    0x08002034   0x08002034   0x0000002c   Code   RO           17    i.IDLE_Task         taskdriver.o
    0x08002060   0x08002060   0x00000018   Code   RO           18    i.Lock_Close        taskdriver.o
    0x08002078   0x08002078   0x00000018   Code   RO           19    i.Lock_Open         taskdriver.o
    0x08002090   0x08002090   0x00000128   Code   RO          297    i.MX_GPIO_Init      gpio.o
    0x080021b8   0x080021b8   0x0000006c   Code   RO          323    i.MX_TIM2_Init      tim.o
    0x08002224   0x08002224   0x0000006c   Code   RO          324    i.MX_TIM3_Init      tim.o
    0x08002290   0x08002290   0x00000038   Code   RO          371    i.MX_USART1_UART_Init  usart.o
    0x080022c8   0x080022c8   0x0000005c   Code   RO         3159    i.Matrix_GetNum     matrix.o
    0x08002324   0x08002324   0x00000104   Code   RO         3160    i.Matrix_Scan_Raw   matrix.o
    0x08002428   0x08002428   0x00000030   Code   RO         3161    i.Matrix_Set        matrix.o
    0x08002458   0x08002458   0x00000004   Code   RO          414    i.MemManage_Handler  stm32f4xx_it.o
    0x0800245c   0x0800245c   0x00000004   Code   RO          415    i.NMI_Handler       stm32f4xx_it.o
    0x08002460   0x08002460   0x00000024   Code   RO         3196    i.NewPassword_Clear  password.o
    0x08002484   0x08002484   0x00000030   Code   RO         3197    i.NewPassword_Set   password.o
    0x080024b4   0x080024b4   0x00000010   Code   RO         3303    i.Now_Time_Init     nowtime.o
    0x080024c4   0x080024c4   0x0000002a   Code   RO         3378    i.OLED_Clear        oled.o
    0x080024ee   0x080024ee   0x00000002   PAD
    0x080024f0   0x080024f0   0x0000001c   Code   RO         3379    i.OLED_I2C_Init     oled.o
    0x0800250c   0x0800250c   0x00000074   Code   RO         3380    i.OLED_I2C_SendByte  oled.o
    0x08002580   0x08002580   0x00000040   Code   RO         3381    i.OLED_I2C_Start    oled.o
    0x080025c0   0x080025c0   0x00000030   Code   RO         3382    i.OLED_I2C_Stop     oled.o
    0x080025f0   0x080025f0   0x000000b4   Code   RO         3383    i.OLED_Init         oled.o
    0x080026a4   0x080026a4   0x00000014   Code   RO         3384    i.OLED_Pow          oled.o
    0x080026b8   0x080026b8   0x00000022   Code   RO         3385    i.OLED_SetCursor    oled.o
    0x080026da   0x080026da   0x00000002   PAD
    0x080026dc   0x080026dc   0x00000074   Code   RO         3387    i.OLED_ShowChar     oled.o
    0x08002750   0x08002750   0x00000044   Code   RO         3389    i.OLED_ShowNum      oled.o
    0x08002794   0x08002794   0x00000028   Code   RO         3391    i.OLED_ShowString   oled.o
    0x080027bc   0x080027bc   0x00000020   Code   RO         3392    i.OLED_WriteCommand  oled.o
    0x080027dc   0x080027dc   0x00000020   Code   RO         3393    i.OLED_WriteData    oled.o
    0x080027fc   0x080027fc   0x0000006c   Code   RO           20    i.OPEN_Task         taskdriver.o
    0x08002868   0x08002868   0x00000020   Code   RO         3198    i.Open_Error        password.o
    0x08002888   0x08002888   0x00000048   Code   RO           21    i.PWSEL_Task        taskdriver.o
    0x080028d0   0x080028d0   0x000000ec   Code   RO         3199    i.Password_Change   password.o
    0x080029bc   0x080029bc   0x00000018   Code   RO         3200    i.Password_Clear    password.o
    0x080029d4   0x080029d4   0x000000dc   Code   RO         3201    i.Password_Refresh  password.o
    0x08002ab0   0x08002ab0   0x000000fc   Code   RO         3202    i.Password_Select   password.o
    0x08002bac   0x08002bac   0x000001a8   Code   RO         3203    i.Password_Vertify  password.o
    0x08002d54   0x08002d54   0x00000002   Code   RO          416    i.PendSV_Handler    stm32f4xx_it.o
    0x08002d56   0x08002d56   0x00000002   PAD
    0x08002d58   0x08002d58   0x00000078   Code   RO         3204    i.Read_Memory       password.o
    0x08002dd0   0x08002dd0   0x00000002   Code   RO          417    i.SVC_Handler       stm32f4xx_it.o
    0x08002dd2   0x08002dd2   0x00000002   PAD
    0x08002dd4   0x08002dd4   0x00000018   Code   RO         3694    i.Serial_Init       serial.o
    0x08002dec   0x08002dec   0x0000004c   Code   RO         3695    i.Serial_LockClose  serial.o
    0x08002e38   0x08002e38   0x00000044   Code   RO         3696    i.Serial_LockOpen   serial.o
    0x08002e7c   0x08002e7c   0x00000110   Code   RO         3697    i.Serial_ProcessCmd  serial.o
    0x08002f8c   0x08002f8c   0x00000058   Code   RO         3698    i.Serial_RXCallBack  serial.o
    0x08002fe4   0x08002fe4   0x00000048   Code   RO         3699    i.Serial_ShowDHT    serial.o
    0x0800302c   0x0800302c   0x00000028   Code   RO         3700    i.Serial_ShowHelp   serial.o
    0x08003054   0x08003054   0x00000174   Code   RO         3702    i.Serial_ShowRecord  serial.o
    0x080031c8   0x080031c8   0x000000a4   Code   RO         3703    i.Serial_ShowStatus  serial.o
    0x0800326c   0x0800326c   0x0000002c   Code   RO         3704    i.Serial_ShowSuccess  serial.o
    0x08003298   0x08003298   0x0000002c   Code   RO         3705    i.Serial_ShowWarning  serial.o
    0x080032c4   0x080032c4   0x00000054   Code   RO         3334    i.StepMotor_Forward  stepmotor.o
    0x08003318   0x08003318   0x0000000e   Code   RO         3335    i.StepMotor_Forward_90_Degree  stepmotor.o
    0x08003326   0x08003326   0x00000002   PAD
    0x08003328   0x08003328   0x0000007c   Code   RO         3336    i.StepMotor_Step    stepmotor.o
    0x080033a4   0x080033a4   0x00000038   Code   RO         3337    i.StepMotor_Stop    stepmotor.o
    0x080033dc   0x080033dc   0x00000008   Code   RO          418    i.SysTick_Handler   stm32f4xx_it.o
    0x080033e4   0x080033e4   0x000000b4   Code   RO          245    i.SystemClock_Config  main.o
    0x08003498   0x08003498   0x00000014   Code   RO         3123    i.SystemInit        system_stm32f4xx.o
    0x080034ac   0x080034ac   0x00000010   Code   RO          419    i.TIM2_IRQHandler   stm32f4xx_it.o
    0x080034bc   0x080034bc   0x00000010   Code   RO          420    i.TIM3_IRQHandler   stm32f4xx_it.o
    0x080034cc   0x080034cc   0x000000e0   Code   RO          660    i.TIM_Base_SetConfig  stm32f4xx_hal_tim.o
    0x080035ac   0x080035ac   0x00000016   Code   RO          671    i.TIM_ETR_SetConfig  stm32f4xx_hal_tim.o
    0x080035c2   0x080035c2   0x00000012   Code   RO          672    i.TIM_ITRx_SetConfig  stm32f4xx_hal_tim.o
    0x080035d4   0x080035d4   0x00000026   Code   RO          678    i.TIM_TI1_ConfigInputStage  stm32f4xx_hal_tim.o
    0x080035fa   0x080035fa   0x00000028   Code   RO          680    i.TIM_TI2_ConfigInputStage  stm32f4xx_hal_tim.o
    0x08003622   0x08003622   0x00000002   PAD
    0x08003624   0x08003624   0x00000028   Code   RO           22    i.TaskDriver_Init   taskdriver.o
    0x0800364c   0x0800364c   0x00000044   Code   RO           23    i.TaskDriver_Run    taskdriver.o
    0x08003690   0x08003690   0x00000070   Code   RO         3205    i.TimeToMemory      password.o
    0x08003700   0x08003700   0x00000012   Code   RO         2792    i.UART_DMAAbortOnError  stm32f4xx_hal_uart.o
    0x08003712   0x08003712   0x0000006c   Code   RO         2802    i.UART_EndRxTransfer  stm32f4xx_hal_uart.o
    0x0800377e   0x0800377e   0x00000020   Code   RO         2803    i.UART_EndTransmit_IT  stm32f4xx_hal_uart.o
    0x0800379e   0x0800379e   0x000000fc   Code   RO         2805    i.UART_Receive_IT   stm32f4xx_hal_uart.o
    0x0800389a   0x0800389a   0x00000002   PAD
    0x0800389c   0x0800389c   0x0000022c   Code   RO         2806    i.UART_SetConfig    stm32f4xx_hal_uart.o
    0x08003ac8   0x08003ac8   0x00000040   Code   RO         2808    i.UART_Start_Receive_IT  stm32f4xx_hal_uart.o
    0x08003b08   0x08003b08   0x00000060   Code   RO         2809    i.UART_Transmit_IT  stm32f4xx_hal_uart.o
    0x08003b68   0x08003b68   0x0000008c   Code   RO         2810    i.UART_WaitOnFlagUntilTimeout  stm32f4xx_hal_uart.o
    0x08003bf4   0x08003bf4   0x00000010   Code   RO          421    i.USART1_IRQHandler  stm32f4xx_it.o
    0x08003c04   0x08003c04   0x00000004   Code   RO          422    i.UsageFault_Handler  stm32f4xx_it.o
    0x08003c08   0x08003c08   0x00000070   Code   RO         3206    i.UserwordToMemory  password.o
    0x08003c78   0x08003c78   0x00000024   Code   RO         3207    i.Userword_Clear    password.o
    0x08003c9c   0x08003c9c   0x00000074   Code   RO           25    i.VERTIFY_Task      taskdriver.o
    0x08003d10   0x08003d10   0x0000002c   Code   RO           26    i.VIEW_Task         taskdriver.o
    0x08003d3c   0x08003d3c   0x00000020   Code   RO         3959    i.__0printf$6       mc_w.l(printf6.o)
    0x08003d5c   0x08003d5c   0x00000010   Code   RO         2354    i.__NVIC_GetPriorityGrouping  stm32f4xx_hal_cortex.o
    0x08003d6c   0x08003d6c   0x00000028   Code   RO         2355    i.__NVIC_SetPriority  stm32f4xx_hal_cortex.o
    0x08003d94   0x08003d94   0x0000000e   Code   RO         4105    i.__scatterload_copy  mc_w.l(handlers.o)
    0x08003da2   0x08003da2   0x00000002   Code   RO         4106    i.__scatterload_null  mc_w.l(handlers.o)
    0x08003da4   0x08003da4   0x0000000e   Code   RO         4107    i.__scatterload_zeroinit  mc_w.l(handlers.o)
    0x08003db2   0x08003db2   0x00000002   PAD
    0x08003db4   0x08003db4   0x000002f0   Code   RO         3966    i._printf_core      mc_w.l(printf6.o)
    0x080040a4   0x080040a4   0x00000024   Code   RO         3967    i._printf_post_padding  mc_w.l(printf6.o)
    0x080040c8   0x080040c8   0x0000002e   Code   RO         3968    i._printf_pre_padding  mc_w.l(printf6.o)
    0x080040f6   0x080040f6   0x00000002   PAD
    0x080040f8   0x080040f8   0x0000001c   Code   RO         3706    i.fputc             serial.o
    0x08004114   0x08004114   0x00000024   Code   RO          246    i.main              main.o
    0x08004138   0x08004138   0x00000018   Data   RO         3124    .constdata          system_stm32f4xx.o
    0x08004150   0x08004150   0x000005f0   Data   RO         3394    .constdata          oled.o
    0x08004740   0x08004740   0x00000020   Data   RO         4103    Region$$Table       anon$$obj.o


    Execution Region RW_IRAM1 (Exec base: 0x20000000, Load base: 0x08004760, Size: 0x000006f0, Max: 0x0001c000, ABSOLUTE)

    Exec Addr    Load Addr    Size         Type   Attr      Idx    E Section Name        Object

    0x20000000   0x08004760   0x00000007   Data   RW           27    .data               taskdriver.o
    0x20000007   0x08004767   0x00000001   PAD
    0x20000008   0x08004768   0x00000009   Data   RW         2518    .data               stm32f4xx_hal.o
    0x20000011   0x08004771   0x00000003   PAD
    0x20000014   0x08004774   0x00000004   Data   RW         3125    .data               system_stm32f4xx.o
    0x20000018   0x08004778   0x00000009   Data   RW         3162    .data               matrix.o
    0x20000021   0x08004781   0x00000001   PAD
    0x20000022   0x08004782   0x00000040   Data   RW         3209    .data               password.o
    0x20000062   0x080047c2   0x00000002   PAD
    0x20000064   0x080047c4   0x00000008   Data   RW         3304    .data               nowtime.o
    0x2000006c   0x080047cc   0x00000020   Data   RW         3338    .data               stepmotor.o
    0x2000008c   0x080047ec   0x00000003   Data   RW         3708    .data               serial.o
    0x2000008f   0x080047ef   0x00000001   PAD
    0x20000090   0x080047f0   0x00000004   Data   RW         4079    .data               mc_w.l(stdout.o)
    0x20000094        -       0x00000090   Zero   RW          325    .bss                tim.o
    0x20000124        -       0x00000048   Zero   RW          372    .bss                usart.o
    0x2000016c        -       0x00000140   Zero   RW         3208    .bss                password.o
    0x200002ac        -       0x00000040   Zero   RW         3707    .bss                serial.o
    0x200002ec   0x080047f4   0x00000004   PAD
    0x200002f0        -       0x00000400   Zero   RW            1    STACK               startup_stm32f407xx.o


    Execution Region RW_IRAM2 (Exec base: 0x2001c000, Load base: 0x080047f4, Size: 0x00000000, Max: 0x00004000, ABSOLUTE)

    **** No section assigned to this execution region ****


==============================================================================

Image component sizes


      Code (inc. data)   RO Data    RW Data    ZI Data      Debug   Object Name

        88         24          0          0          0        948   delay.o
      1464        512          0          0          0       9941   display.o
       296         14          0          0          0       1003   gpio.o
       222         10          0          0          0       1968   main.o
       400         20          0          9          0       1895   matrix.o
       104         12          0          8          0       1631   nowtime.o
       820         24       1520          0          0       7905   oled.o
      1652        254          0         64        320       9769   password.o
      1292        584          0          3         64       7543   serial.o
        36          8        392          0       1024        812   startup_stm32f407xx.o
       278         12          0         32          0       3132   stepmotor.o
       212         36          0          9          0       9213   stm32f4xx_hal.o
       312         22          0          0          0      34167   stm32f4xx_hal_cortex.o
       212          0          0          0          0       1883   stm32f4xx_hal_dma.o
       528         46          0          0          0       2687   stm32f4xx_hal_gpio.o
        72          4          0          0          0        814   stm32f4xx_hal_msp.o
      1820         84          0          0          0       5472   stm32f4xx_hal_rcc.o
      1252         76          0          0          0       9487   stm32f4xx_hal_tim.o
       184         30          0          0          0       2433   stm32f4xx_hal_tim_ex.o
      2400         14          0          0          0      12164   stm32f4xx_hal_uart.o
        82         18          0          0          0       5422   stm32f4xx_it.o
        20          6         24          4          0       1055   system_stm32f4xx.o
       756        124          0          7          0     699766   taskdriver.o
       344         20          0          0        144       2283   tim.o
       208         22          0          0         72       1610   usart.o

    ----------------------------------------------------------------------
     15080       1976       1968        144       1628     835003   Object Totals
         0          0         32          0          0          0   (incl. Generated)
        26          0          0          8          4          0   (incl. Padding)

    ----------------------------------------------------------------------

      Code (inc. data)   RO Data    RW Data    ZI Data      Debug   Library Member Name

         0          0          0          0          0          0   entry.o
         0          0          0          0          0          0   entry10a.o
         0          0          0          0          0          0   entry11a.o
         8          4          0          0          0          0   entry2.o
         4          0          0          0          0          0   entry5.o
         0          0          0          0          0          0   entry7b.o
         0          0          0          0          0          0   entry8b.o
         8          4          0          0          0          0   entry9a.o
        30          0          0          0          0          0   handlers.o
        36          8          0          0          0         68   init.o
        30          0          0          0          0         68   llshl.o
        32          0          0          0          0         68   llushr.o
        36          0          0          0          0        108   memseta.o
       866         14          0          0          0        352   printf6.o
         0          0          0          4          0          0   stdout.o
        28          0          0          0          0         76   strcmp.o
        44          0          0          0          0         80   uidiv.o
        98          0          0          0          0         92   uldiv.o

    ----------------------------------------------------------------------
      1224         30          0          4          0        912   Library Totals
         4          0          0          0          0          0   (incl. Padding)

    ----------------------------------------------------------------------

      Code (inc. data)   RO Data    RW Data    ZI Data      Debug   Library Name

      1220         30          0          4          0        912   mc_w.l

    ----------------------------------------------------------------------
      1224         30          0          4          0        912   Library Totals

    ----------------------------------------------------------------------

==============================================================================


      Code (inc. data)   RO Data    RW Data    ZI Data      Debug   

     16304       2006       1968        148       1628     820803   Grand Totals
     16304       2006       1968        148       1628     820803   ELF Image Totals
     16304       2006       1968        148          0          0   ROM Totals

==============================================================================

    Total RO  Size (Code + RO Data)                18272 (  17.84kB)
    Total RW  Size (RW Data + ZI Data)              1776 (   1.73kB)
    Total ROM Size (Code + RO Data + RW Data)      18420 (  17.99kB)

==============================================================================

