Component: ARM Compiler 5.06 update 5 (build 528) Tool: armlink [4d35e2]

==============================================================================

Section Cross References

    startup_stm32f407xx.o(RESET) refers to startup_stm32f407xx.o(STACK) for __initial_sp
    startup_stm32f407xx.o(RESET) refers to startup_stm32f407xx.o(.text) for Reset_Handler
    startup_stm32f407xx.o(RESET) refers to stm32f4xx_it.o(i.NMI_Handler) for NMI_Handler
    startup_stm32f407xx.o(RESET) refers to stm32f4xx_it.o(i.HardFault_Handler) for HardFault_Handler
    startup_stm32f407xx.o(RESET) refers to stm32f4xx_it.o(i.MemManage_Handler) for MemManage_Handler
    startup_stm32f407xx.o(RESET) refers to stm32f4xx_it.o(i.BusFault_Handler) for BusFault_Handler
    startup_stm32f407xx.o(RESET) refers to stm32f4xx_it.o(i.UsageFault_Handler) for UsageFault_Handler
    startup_stm32f407xx.o(RESET) refers to stm32f4xx_it.o(i.SVC_Handler) for SVC_Handler
    startup_stm32f407xx.o(RESET) refers to stm32f4xx_it.o(i.DebugMon_Handler) for DebugMon_Handler
    startup_stm32f407xx.o(RESET) refers to stm32f4xx_it.o(i.PendSV_Handler) for PendSV_Handler
    startup_stm32f407xx.o(RESET) refers to stm32f4xx_it.o(i.SysTick_Handler) for SysTick_Handler
    startup_stm32f407xx.o(RESET) refers to stm32f4xx_it.o(i.TIM2_IRQHandler) for TIM2_IRQHandler
    startup_stm32f407xx.o(RESET) refers to stm32f4xx_it.o(i.TIM3_IRQHandler) for TIM3_IRQHandler
    startup_stm32f407xx.o(RESET) refers to stm32f4xx_it.o(i.USART1_IRQHandler) for USART1_IRQHandler
    startup_stm32f407xx.o(.text) refers to system_stm32f4xx.o(i.SystemInit) for SystemInit
    startup_stm32f407xx.o(.text) refers to entry.o(.ARM.Collect$$$$00000000) for __main
    taskdriver.o(i.CHAPWD_Task) refers to password.o(i.Password_Change) for Password_Change
    taskdriver.o(i.CHAPWD_Task) refers to display.o(i.Display_ShowChaPwd) for Display_ShowChaPwd
    taskdriver.o(i.CHAPWD_Task) refers to display.o(i.Display_ShowChaOK) for Display_ShowChaOK
    taskdriver.o(i.CHAPWD_Task) refers to display.o(i.Display_ShowOpen) for Display_ShowOpen
    taskdriver.o(i.CHAPWD_Task) refers to display.o(i.Display_ShowChaErr) for Display_ShowChaErr
    taskdriver.o(i.CHAPWD_Task) refers to taskdriver.o(.data) for State
    taskdriver.o(i.Err_Check) refers to password.o(i.Open_Error) for Open_Error
    taskdriver.o(i.Err_Check) refers to printf6.o(i.__0printf$6) for __2printf
    taskdriver.o(i.HAL_TIM_PeriodElapsedCallback) refers to taskdriver.o(.data) for Sensor_Read_Flag
    taskdriver.o(i.HAL_UART_RxCpltCallback) refers to serial.o(i.Serial_RXCallBack) for Serial_RXCallBack
    taskdriver.o(i.HAL_UART_RxCpltCallback) refers to stm32f4xx_hal_uart.o(i.HAL_UART_Receive_IT) for HAL_UART_Receive_IT
    taskdriver.o(i.HAL_UART_RxCpltCallback) refers to serial.o(.data) for Uart_Rx_Byte
    taskdriver.o(i.HAL_UART_RxCpltCallback) refers to usart.o(.bss) for huart1
    taskdriver.o(i.IDLE_Task) refers to display.o(i.Display_ShowLockFreq) for Display_ShowLockFreq
    taskdriver.o(i.IDLE_Task) refers to display.o(i.Display_ShowLockState) for Display_ShowLockState
    taskdriver.o(i.IDLE_Task) refers to display.o(i.Display_ShowDHT) for Display_ShowDHT
    taskdriver.o(i.IDLE_Task) refers to matrix.o(i.Matrix_GetNum) for Matrix_GetNum
    taskdriver.o(i.IDLE_Task) refers to display.o(i.Display_InputInt) for Display_InputInt
    taskdriver.o(i.IDLE_Task) refers to taskdriver.o(.data) for State
    taskdriver.o(i.Lock_Close) refers to stepmotor.o(i.StepMotor_Forward_90_Degree) for StepMotor_Forward_90_Degree
    taskdriver.o(i.Lock_Close) refers to password.o(.data) for Vertify_State
    taskdriver.o(i.Lock_Open) refers to stepmotor.o(i.StepMotor_Forward_90_Degree) for StepMotor_Forward_90_Degree
    taskdriver.o(i.Lock_Open) refers to password.o(.data) for Succeses
    taskdriver.o(i.OPEN_Task) refers to matrix.o(i.Matrix_GetNum) for Matrix_GetNum
    taskdriver.o(i.OPEN_Task) refers to display.o(i.Display_ShowMainMenu) for Display_ShowMainMenu
    taskdriver.o(i.OPEN_Task) refers to display.o(i.Display_SelInt) for Display_SelInt
    taskdriver.o(i.OPEN_Task) refers to display.o(i.Display_ChaInt) for Display_ChaInt
    taskdriver.o(i.OPEN_Task) refers to display.o(i.Display_ViewInt) for Display_ViewInt
    taskdriver.o(i.OPEN_Task) refers to display.o(i.Display_InputInt) for Display_InputInt
    taskdriver.o(i.OPEN_Task) refers to password.o(.data) for Vertify_State
    taskdriver.o(i.OPEN_Task) refers to taskdriver.o(.data) for State
    taskdriver.o(i.PWSEL_Task) refers to password.o(i.Password_Select) for Password_Select
    taskdriver.o(i.PWSEL_Task) refers to display.o(i.Display_Showsel) for Display_Showsel
    taskdriver.o(i.PWSEL_Task) refers to display.o(i.Display_ShowOpen) for Display_ShowOpen
    taskdriver.o(i.PWSEL_Task) refers to display.o(i.Display_SelInt) for Display_SelInt
    taskdriver.o(i.PWSEL_Task) refers to taskdriver.o(.data) for State
[...]
    ../clib/microlib/printf/printf.c         0x00000000   Number         0  printf4.o ABSOLUTE
    ../clib/microlib/printf/printf.c         0x00000000   Number         0  printf3.o ABSOLUTE
    ../clib/microlib/printf/printf.c         0x00000000   Number         0  printf7.o ABSOLUTE
    ../clib/microlib/printf/stubs.s          0x00000000   Number         0  stubs.o ABSOLUTE
    ../clib/microlib/stdio/streams.c         0x00000000   Number         0  stdout.o ABSOLUTE
    ../clib/microlib/string/memset.c         0x00000000   Number         0  memseta.o ABSOLUTE
    ../clib/microlib/string/strcmp.c         0x00000000   Number         0  strcmp.o ABSOLUTE
    ../clib/microlib/stubs.s                 0x00000000   Number         0  iusefp.o ABSOLUTE
    ../fplib/microlib/fpadd.c                0x00000000   Number         0  dadd.o ABSOLUTE
    ../fplib/microlib/fpdiv.c                0x00000000   Number         0  ddiv.o ABSOLUTE
    ../fplib/microlib/fpepilogue.c           0x00000000   Number         0  depilogue.o ABSOLUTE
    ../fplib/microlib/fpfix.c                0x00000000   Number         0  dfixul.o ABSOLUTE
    ../fplib/microlib/fpmul.c                0x00000000   Number         0  dmul.o ABSOLUTE
    ..\Core\Src\Delay.c                      0x00000000   Number         0  delay.o ABSOLUTE
    ..\Core\Src\TaskDriver.c                 0x00000000   Number         0  taskdriver.o ABSOLUTE
    ..\Core\Src\gpio.c                       0x00000000   Number         0  gpio.o ABSOLUTE
    ..\Core\Src\main.c                       0x00000000   Number         0  main.o ABSOLUTE
    ..\Core\Src\stm32f4xx_hal_msp.c          0x00000000   Number         0  stm32f4xx_hal_msp.o ABSOLUTE
    ..\Core\Src\stm32f4xx_it.c               0x00000000   Number         0  stm32f4xx_it.o ABSOLUTE
    ..\Core\Src\system_stm32f4xx.c           0x00000000   Number         0  system_stm32f4xx.o ABSOLUTE
    ..\Core\Src\tim.c                        0x00000000   Number         0  tim.o ABSOLUTE
    ..\Core\Src\usart.c                      0x00000000   Number         0  usart.o ABSOLUTE
    ..\Drivers\Hardware\Display.c            0x00000000   Number         0  display.o ABSOLUTE
    ..\Drivers\Hardware\Matrix.c             0x00000000   Number         0  matrix.o ABSOLUTE
    ..\Drivers\Hardware\NowTime.c            0x00000000   Number         0  nowtime.o ABSOLUTE
    ..\Drivers\Hardware\OLED.c               0x00000000   Number         0  oled.o ABSOLUTE
    ..\Drivers\Hardware\Password.c           0x00000000   Number         0  password.o ABSOLUTE
    ..\Drivers\Hardware\Serial.c             0x00000000   Number         0  serial.o ABSOLUTE
    ..\Drivers\Hardware\StepMotor.c          0x00000000   Number         0  stepmotor.o ABSOLUTE
    ..\Drivers\Hardware\dht11.c              0x00000000   Number         0  dht11.o ABSOLUTE
    ..\Drivers\STM32F4xx_HAL_Driver\Src\stm32f4xx_hal.c 0x00000000   Number         0  stm32f4xx_hal.o ABSOLUTE
    ..\Drivers\STM32F4xx_HAL_Driver\Src\stm32f4xx_hal_cortex.c 0x00000000   Number         0  stm32f4xx_hal_cortex.o ABSOLUTE
    ..\Drivers\STM32F4xx_HAL_Driver\Src\stm32f4xx_hal_dma.c 0x00000000   Number         0  stm32f4xx_hal_dma.o ABSOLUTE
    ..\Drivers\STM32F4xx_HAL_Driver\Src\stm32f4xx_hal_dma_ex.c 0x00000000   Number         0  stm32f4xx_hal_dma_ex.o ABSOLUTE
    ..\Drivers\STM32F4xx_HAL_Driver\Src\stm32f4xx_hal_exti.c 0x00000000   Number         0  stm32f4xx_hal_exti.o ABSOLUTE
    ..\Drivers\STM32F4xx_HAL_Driver\Src\stm32f4xx_hal_flash.c 0x00000000   Number         0  stm32f4xx_hal_flash.o ABSOLUTE
    ..\Drivers\STM32F4xx_HAL_Driver\Src\stm32f4xx_hal_flash_ex.c 0x00000000   Number         0  stm32f4xx_hal_flash_ex.o ABSOLUTE
    ..\Drivers\STM32F4xx_HAL_Driver\Src\stm32f4xx_hal_flash_ramfunc.c 0x00000000   Number         0  stm32f4xx_hal_flash_ramfunc.o ABSOLUTE
    ..\Drivers\STM32F4xx_HAL_Driver\Src\stm32f4xx_hal_gpio.c 0x00000000   Number         0  stm32f4xx_hal_gpio.o ABSOLUTE
    ..\Drivers\STM32F4xx_HAL_Driver\Src\stm32f4xx_hal_pwr.c 0x00000000   Number         0  stm32f4xx_hal_pwr.o ABSOLUTE
    ..\Drivers\STM32F4xx_HAL_Driver\Src\stm32f4xx_hal_pwr_ex.c 0x00000000   Number         0  stm32f4xx_hal_pwr_ex.o ABSOLUTE
    ..\Drivers\STM32F4xx_HAL_Driver\Src\stm32f4xx_hal_rcc.c 0x00000000   Number         0  stm32f4xx_hal_rcc.o ABSOLUTE
    ..\Drivers\STM32F4xx_HAL_Driver\Src\stm32f4xx_hal_rcc_ex.c 0x00000000   Number         0  stm32f4xx_hal_rcc_ex.o ABSOLUTE
    ..\Drivers\STM32F4xx_HAL_Driver\Src\stm32f4xx_hal_tim.c 0x00000000   Number         0  stm32f4xx_hal_tim.o ABSOLUTE
    ..\Drivers\STM32F4xx_HAL_Driver\Src\stm32f4xx_hal_tim_ex.c 0x00000000   Number         0  stm32f4xx_hal_tim_ex.o ABSOLUTE
    ..\Drivers\STM32F4xx_HAL_Driver\Src\stm32f4xx_hal_uart.c 0x00000000   Number         0  stm32f4xx_hal_uart.o ABSOLUTE
    ..\\Core\\Src\\Delay.c                   0x00000000   Number         0  delay.o ABSOLUTE
    ..\\Core\\Src\\TaskDriver.c              0x00000000   Number         0  taskdriver.o ABSOLUTE
    ..\\Drivers\\Hardware\\Display.c         0x00000000   Number         0  display.o ABSOLUTE
    ..\\Drivers\\Hardware\\Matrix.c          0x00000000   Number         0  matrix.o ABSOLUTE
    ..\\Drivers\\Hardware\\NowTime.c         0x00000000   Number         0  nowtime.o ABSOLUTE
    ..\\Drivers\\Hardware\\OLED.c            0x00000000   Number         0  oled.o ABSOLUTE
    ..\\Drivers\\Hardware\\Password.c        0x00000000   Number         0  password.o ABSOLUTE
    ..\\Drivers\\Hardware\\Serial.c          0x00000000   Number         0  serial.o ABSOLUTE
    ..\\Drivers\\Hardware\\StepMotor.c       0x00000000   Number         0  stepmotor.o ABSOLUTE
    ..\\Drivers\\Hardware\\dht11.c           0x00000000   Number         0  dht11.o ABSOLUTE
    cdrcmple.s                               0x00000000   Number         0  cdrcmple.o ABSOLUTE
    dc.s                                     0x00000000   Number         0  dc.o ABSOLUTE
    handlers.s                               0x00000000   Number         0  handlers.o ABSOLUTE
    init.s                                   0x00000000   Number         0  init.o ABSOLUTE
    startup_stm32f407xx.s                    0x00000000   Number         0  startup_stm32f407xx.o ABSOLUTE
    RESET                                    0x08000000   Section      392  startup_stm32f407xx.o(RESET)
    .ARM.Collect$$$$00000000                 0x08000188   Section        0  entry.o(.ARM.Collect$$$$00000000)
    .ARM.Collect$$$$00000001                 0x08000188   Section        4  entry2.o(.ARM.Collect$$$$00000001)
    .ARM.Collect$$$$00000004                 0x0800018c   Section        4  entry5.o(.ARM.Collect$$$$00000004)
    .ARM.Collect$$$$00000008                 0x08000190   Section        0  entry7b.o(.ARM.Collect$$$$00000008)
    .ARM.Collect$$$$0000000A                 0x08000190   Section        0  entry8b.o(.ARM.Collect$$$$0000000A)
    .ARM.Collect$$$$0000000B                 0x08000190   Section        8  entry9a.o(.ARM.Collect$$$$0000000B)
    .ARM.Collect$$$$0000000D                 0x08000198   Section        0  entry10a.o(.ARM.Collect$$$$0000000D)
    .ARM.Collect$$$$0000000F                 0x08000198   Section        0  entry11a.o(.ARM.Collect$$$$0000000F)
    .ARM.Collect$$$$00002712                 0x08000198   Section        4  entry2.o(.ARM.Collect$$$$00002712)
    __lit__00000000                          0x08000198   Data           4  entry2.o(.ARM.Collect$$$$00002712)
    .text                                    0x0800019c   Section       36  startup_stm32f407xx.o(.text)
    $v0                                      0x0800019c   Number         0  startup_stm32f407xx.o(.text)
    .text                                    0x080001c0   Section        0  uldiv.o(.text)
    .text                                    0x08000222   Section        0  memseta.o(.text)
    .text                                    0x08000246   Section        0  strcmp.o(.text)
    .text                                    0x08000262   Section        0  uidiv.o(.text)
    .text                                    0x0800028e   Section        0  llshl.o(.text)
    .text                                    0x080002ac   Section        0  llushr.o(.text)
    .text                                    0x080002cc   Section       36  init.o(.text)
    i.BusFault_Handler                       0x080002f0   Section        0  stm32f4xx_it.o(i.BusFault_Handler)
    i.CHAPWD_Task                            0x080002f4   Section        0  taskdriver.o(i.CHAPWD_Task)
    i.DWT_Delay_Init                         0x0800034c   Section        0  delay.o(i.DWT_Delay_Init)
    i.DebugMon_Handler                       0x08000374   Section        0  stm32f4xx_it.o(i.DebugMon_Handler)
    i.Delay_us                               0x08000378   Section        0  delay.o(i.Delay_us)
    i.Display_ChaInt                         0x080003a8   Section        0  display.o(i.Display_ChaInt)
    i.Display_InputInt                       0x08000400   Section        0  display.o(i.Display_InputInt)
    i.Display_SelInt                         0x08000458   Section        0  display.o(i.Display_SelInt)
    i.Display_ShowChaErr                     0x0800047c   Section        0  display.o(i.Display_ShowChaErr)
    i.Display_ShowChaOK                      0x080004b4   Section        0  display.o(i.Display_ShowChaOK)
    i.Display_ShowChaPwd                     0x080004dc   Section        0  display.o(i.Display_ShowChaPwd)
    i.Display_ShowDHT                        0x08000514   Section        0  display.o(i.Display_ShowDHT)
    i.Display_ShowInput                      0x0800053c   Section        0  display.o(i.Display_ShowInput)
    i.Display_ShowLenErr                     0x08000578   Section        0  display.o(i.Display_ShowLenErr)
    i.Display_ShowLockFreq                   0x0800059c   Section        0  display.o(i.Display_ShowLockFreq)
    i.Display_ShowLockState                  0x080005d8   Section        0  display.o(i.Display_ShowLockState)
    i.Display_ShowMainMenu                   0x08000614   Section        0  display.o(i.Display_ShowMainMenu)
    i.Display_ShowMemErr                     0x08000664   Section        0  display.o(i.Display_ShowMemErr)
    i.Display_ShowOK                         0x08000688   Section        0  display.o(i.Display_ShowOK)
    i.Display_ShowOpen                       0x080006b0   Section        0  display.o(i.Display_ShowOpen)
    i.Display_ShowPwdErr                     0x08000740   Section        0  display.o(i.Display_ShowPwdErr)
    i.Display_ShowView                       0x08000764   Section        0  display.o(i.Display_ShowView)
    i.Display_Showsel                        0x080008f0   Section        0  display.o(i.Display_Showsel)
    i.Display_ViewInt                        0x0800096c   Section        0  display.o(i.Display_ViewInt)
    i.Err_Check                              0x08000990   Section        0  taskdriver.o(i.Err_Check)
    i.Error_Handler                          0x080009d0   Section        0  main.o(i.Error_Handler)
    i.Get_Now_Time                           0x080009d8   Section        0  nowtime.o(i.Get_Now_Time)
    i.HAL_DMA_Abort                          0x08000a30   Section        0  stm32f4xx_hal_dma.o(i.HAL_DMA_Abort)
    i.HAL_DMA_Abort_IT                       0x08000adc   Section        0  stm32f4xx_hal_dma.o(i.HAL_DMA_Abort_IT)
    i.HAL_Delay                              0x08000b04   Section        0  stm32f4xx_hal.o(i.HAL_Delay)
    i.HAL_GPIO_Init                          0x08000b2c   Section        0  stm32f4xx_hal_gpio.o(i.HAL_GPIO_Init)
    i.HAL_GPIO_ReadPin                       0x08000d20   Section        0  stm32f4xx_hal_gpio.o(i.HAL_GPIO_ReadPin)
    i.HAL_GPIO_WritePin                      0x08000d30   Section        0  stm32f4xx_hal_gpio.o(i.HAL_GPIO_WritePin)
    i.HAL_GetTick                            0x08000d3c   Section        0  stm32f4xx_hal.o(i.HAL_GetTick)
    i.HAL_IncTick                            0x08000d48   Section        0  stm32f4xx_hal.o(i.HAL_IncTick)
    i.HAL_Init                               0x08000d60   Section        0  stm32f4xx_hal.o(i.HAL_Init)
    i.HAL_InitTick                           0x08000d9c   Section        0  stm32f4xx_hal.o(i.HAL_InitTick)
    i.HAL_MspInit                            0x08000de8   Section        0  stm32f4xx_hal_msp.o(i.HAL_MspInit)
    i.HAL_NVIC_EnableIRQ                     0x08000e30   Section        0  stm32f4xx_hal_cortex.o(i.HAL_NVIC_EnableIRQ)
    i.HAL_NVIC_SetPriority                   0x08000e58   Section        0  stm32f4xx_hal_cortex.o(i.HAL_NVIC_SetPriority)
    i.HAL_NVIC_SetPriorityGrouping           0x08000ed4   Section        0  stm32f4xx_hal_cortex.o(i.HAL_NVIC_SetPriorityGrouping)
    i.HAL_RCC_ClockConfig                    0x08000efc   Section        0  stm32f4xx_hal_rcc.o(i.HAL_RCC_ClockConfig)
    i.HAL_RCC_GetHCLKFreq                    0x08001080   Section        0  stm32f4xx_hal_rcc.o(i.HAL_RCC_GetHCLKFreq)
    i.HAL_RCC_GetPCLK1Freq                   0x0800108c   Section        0  stm32f4xx_hal_rcc.o(i.HAL_RCC_GetPCLK1Freq)
    i.HAL_RCC_GetPCLK2Freq                   0x080010ac   Section        0  stm32f4xx_hal_rcc.o(i.HAL_RCC_GetPCLK2Freq)
    i.HAL_RCC_GetSysClockFreq                0x080010cc   Section        0  stm32f4xx_hal_rcc.o(i.HAL_RCC_GetSysClockFreq)
    i.HAL_RCC_OscConfig                      0x0800117c   Section        0  stm32f4xx_hal_rcc.o(i.HAL_RCC_OscConfig)
    i.HAL_SYSTICK_Config                     0x08001618   Section        0  stm32f4xx_hal_cortex.o(i.HAL_SYSTICK_Config)
    i.HAL_TIMEx_BreakCallback                0x0800164c   Section        0  stm32f4xx_hal_tim_ex.o(i.HAL_TIMEx_BreakCallback)
    i.HAL_TIMEx_CommutCallback               0x0800164e   Section        0  stm32f4xx_hal_tim_ex.o(i.HAL_TIMEx_CommutCallback)
    i.HAL_TIMEx_MasterConfigSynchronization  0x08001650   Section        0  stm32f4xx_hal_tim_ex.o(i.HAL_TIMEx_MasterConfigSynchronization)
    i.HAL_TIM_Base_Init                      0x08001704   Section        0  stm32f4xx_hal_tim.o(i.HAL_TIM_Base_Init)
    i.HAL_TIM_Base_MspInit                   0x0800176c   Section        0  tim.o(i.HAL_TIM_Base_MspInit)
    i.HAL_TIM_Base_Start_IT                  0x080017ec   Section        0  stm32f4xx_hal_tim.o(i.HAL_TIM_Base_Start_IT)
    i.HAL_TIM_ConfigClockSource              0x08001894   Section        0  stm32f4xx_hal_tim.o(i.HAL_TIM_ConfigClockSource)
    i.HAL_TIM_IC_CaptureCallback             0x080019a0   Section        0  stm32f4xx_hal_tim.o(i.HAL_TIM_IC_CaptureCallback)
    i.HAL_TIM_IRQHandler                     0x080019a2   Section        0  stm32f4xx_hal_tim.o(i.HAL_TIM_IRQHandler)
    i.HAL_TIM_OC_DelayElapsedCallback        0x08001b0e   Section        0  stm32f4xx_hal_tim.o(i.HAL_TIM_OC_DelayElapsedCallback)
    i.HAL_TIM_PWM_PulseFinishedCallback      0x08001b10   Section        0  stm32f4xx_hal_tim.o(i.HAL_TIM_PWM_PulseFinishedCallback)
    i.HAL_TIM_PeriodElapsedCallback          0x08001b14   Section        0  taskdriver.o(i.HAL_TIM_PeriodElapsedCallback)
    i.HAL_TIM_TriggerCallback                0x08001b28   Section        0  stm32f4xx_hal_tim.o(i.HAL_TIM_TriggerCallback)
    i.HAL_UARTEx_RxEventCallback             0x08001b2a   Section        0  stm32f4xx_hal_uart.o(i.HAL_UARTEx_RxEventCallback)
    i.HAL_UART_ErrorCallback                 0x08001b2c   Section        0  stm32f4xx_hal_uart.o(i.HAL_UART_ErrorCallback)
    i.HAL_UART_IRQHandler                    0x08001b30   Section        0  stm32f4xx_hal_uart.o(i.HAL_UART_IRQHandler)
    i.HAL_UART_Init                          0x08001e38   Section        0  stm32f4xx_hal_uart.o(i.HAL_UART_Init)
    i.HAL_UART_MspInit                       0x08001eb0   Section        0  usart.o(i.HAL_UART_MspInit)
    i.HAL_UART_Receive_IT                    0x08001f48   Section        0  stm32f4xx_hal_uart.o(i.HAL_UART_Receive_IT)
    i.HAL_UART_RxCpltCallback                0x08001f74   Section        0  taskdriver.o(i.HAL_UART_RxCpltCallback)
    i.HAL_UART_Transmit                      0x08001fa0   Section        0  stm32f4xx_hal_uart.o(i.HAL_UART_Transmit)
    i.HAL_UART_TxCpltCallback                0x0800205e   Section        0  stm32f4xx_hal_uart.o(i.HAL_UART_TxCpltCallback)
    i.HardFault_Handler                      0x08002060   Section        0  stm32f4xx_it.o(i.HardFault_Handler)
    i.IDLE_Task                              0x08002064   Section        0  taskdriver.o(i.IDLE_Task)
    i.Lock_Close                             0x08002090   Section        0  taskdriver.o(i.Lock_Close)
    i.Lock_Open                              0x080020a8   Section        0  taskdriver.o(i.Lock_Open)
    i.MX_GPIO_Init                           0x080020c0   Section        0  gpio.o(i.MX_GPIO_Init)
    i.MX_TIM2_Init                           0x080021e8   Section        0  tim.o(i.MX_TIM2_Init)
    i.MX_TIM3_Init                           0x08002254   Section        0  tim.o(i.MX_TIM3_Init)
    i.MX_USART1_UART_Init                    0x080022c0   Section        0  usart.o(i.MX_USART1_UART_Init)
    i.Matrix_GetNum                          0x080022f8   Section        0  matrix.o(i.Matrix_GetNum)
    i.Matrix_Scan_Raw                        0x08002354   Section        0  matrix.o(i.Matrix_Scan_Raw)
    i.Matrix_Set                             0x08002458   Section        0  matrix.o(i.Matrix_Set)
    i.MemManage_Handler                      0x08002488   Section        0  stm32f4xx_it.o(i.MemManage_Handler)
    i.NMI_Handler                            0x0800248c   Section        0  stm32f4xx_it.o(i.NMI_Handler)
    i.NewPassword_Clear                      0x08002490   Section        0  password.o(i.NewPassword_Clear)
    i.NewPassword_Set                        0x080024b4   Section        0  password.o(i.NewPassword_Set)
    i.Now_Time_Init                          0x080024e4   Section        0  nowtime.o(i.Now_Time_Init)
    i.OLED_Clear                             0x080024f4   Section        0  oled.o(i.OLED_Clear)
    i.OLED_I2C_Init                          0x08002520   Section        0  oled.o(i.OLED_I2C_Init)
    i.OLED_I2C_SendByte                      0x0800253c   Section        0  oled.o(i.OLED_I2C_SendByte)
    i.OLED_I2C_Start                         0x080025b0   Section        0  oled.o(i.OLED_I2C_Start)
    i.OLED_I2C_Stop                          0x080025f0   Section        0  oled.o(i.OLED_I2C_Stop)
    i.OLED_Init                              0x08002620   Section        0  oled.o(i.OLED_Init)
    i.OLED_Pow                               0x080026d4   Section        0  oled.o(i.OLED_Pow)
    i.OLED_SetCursor                         0x080026e8   Section        0  oled.o(i.OLED_SetCursor)
    i.OLED_ShowChar                          0x0800270c   Section        0  oled.o(i.OLED_ShowChar)
    i.OLED_ShowNum                           0x08002780   Section        0  oled.o(i.OLED_ShowNum)
    i.OLED_ShowString                        0x080027c4   Section        0  oled.o(i.OLED_ShowString)
    i.OLED_WriteCommand                      0x080027ec   Section        0  oled.o(i.OLED_WriteCommand)
    i.OLED_WriteData                         0x0800280c   Section        0  oled.o(i.OLED_WriteData)
    i.OPEN_Task                              0x0800282c   Section        0  taskdriver.o(i.OPEN_Task)
    i.Open_Error                             0x08002898   Section        0  password.o(i.Open_Error)
    i.PWSEL_Task                             0x080028b8   Section        0  taskdriver.o(i.PWSEL_Task)
    i.Password_Change                        0x08002900   Section        0  password.o(i.Password_Change)
    i.Password_Clear                         0x080029ec   Section        0  password.o(i.Password_Clear)
    i.Password_Refresh                       0x08002a04   Section        0  password.o(i.Password_Refresh)
    i.Password_Select                        0x08002ae0   Section        0  password.o(i.Password_Select)
    i.Password_Vertify                       0x08002bdc   Section        0  password.o(i.Password_Vertify)
    i.PendSV_Handler                         0x08002d84   Section        0  stm32f4xx_it.o(i.PendSV_Handler)
    i.Read_Memory                            0x08002d88   Section        0  password.o(i.Read_Memory)
    i.SVC_Handler                            0x08002e00   Section        0  stm32f4xx_it.o(i.SVC_Handler)
    i.Serial_Init                            0x08002e04   Section        0  serial.o(i.Serial_Init)
    i.Serial_LockClose                       0x08002e1c   Section        0  serial.o(i.Serial_LockClose)
    i.Serial_LockOpen                        0x08002e68   Section        0  serial.o(i.Serial_LockOpen)
    i.Serial_ProcessCmd                      0x08002eac   Section        0  serial.o(i.Serial_ProcessCmd)
    i.Serial_RXCallBack                      0x08002fbc   Section        0  serial.o(i.Serial_RXCallBack)
    i.Serial_ShowDHT                         0x08003014   Section        0  serial.o(i.Serial_ShowDHT)
    i.Serial_ShowHelp                        0x0800305c   Section        0  serial.o(i.Serial_ShowHelp)
    i.Serial_ShowRecord                      0x08003084   Section        0  serial.o(i.Serial_ShowRecord)
    i.Serial_ShowStatus                      0x08003200   Section        0  serial.o(i.Serial_ShowStatus)
    i.Serial_ShowSuccess                     0x080032a4   Section        0  serial.o(i.Serial_ShowSuccess)
    i.Serial_ShowWarning                     0x080032d0   Section        0  serial.o(i.Serial_ShowWarning)
    i.StepMotor_Forward                      0x080032fc   Section        0  stepmotor.o(i.StepMotor_Forward)
    i.StepMotor_Forward_90_Degree            0x08003350   Section        0  stepmotor.o(i.StepMotor_Forward_90_Degree)
    i.StepMotor_Step                         0x08003360   Section        0  stepmotor.o(i.StepMotor_Step)
    i.StepMotor_Stop                         0x080033dc   Section        0  stepmotor.o(i.StepMotor_Stop)
    i.SysTick_Handler                        0x08003414   Section        0  stm32f4xx_it.o(i.SysTick_Handler)
    i.SystemClock_Config                     0x0800341c   Section        0  main.o(i.SystemClock_Config)
    i.SystemInit                             0x080034d0   Section        0  system_stm32f4xx.o(i.SystemInit)
    i.TIM2_IRQHandler                        0x080034e4   Section        0  stm32f4xx_it.o(i.TIM2_IRQHandler)
    i.TIM3_IRQHandler                        0x080034f4   Section        0  stm32f4xx_it.o(i.TIM3_IRQHandler)
    i.TIM_Base_SetConfig                     0x08003504   Section        0  stm32f4xx_hal_tim.o(i.TIM_Base_SetConfig)
    i.TIM_ETR_SetConfig                      0x080035e4   Section        0  stm32f4xx_hal_tim.o(i.TIM_ETR_SetConfig)
    i.TIM_ITRx_SetConfig                     0x080035fa   Section        0  stm32f4xx_hal_tim.o(i.TIM_ITRx_SetConfig)
    TIM_ITRx_SetConfig                       0x080035fb   Thumb Code    18  stm32f4xx_hal_tim.o(i.TIM_ITRx_SetConfig)
    i.TIM_TI1_ConfigInputStage               0x0800360c   Section        0  stm32f4xx_hal_tim.o(i.TIM_TI1_ConfigInputStage)
    TIM_TI1_ConfigInputStage                 0x0800360d   Thumb Code    38  stm32f4xx_hal_tim.o(i.TIM_TI1_ConfigInputStage)
    i.TIM_TI2_ConfigInputStage               0x08003632   Section        0  stm32f4xx_hal_tim.o(i.TIM_TI2_ConfigInputStage)
    TIM_TI2_ConfigInputStage                 0x08003633   Thumb Code    40  stm32f4xx_hal_tim.o(i.TIM_TI2_ConfigInputStage)
    i.TaskDriver_Init                        0x0800365c   Section        0  taskdriver.o(i.TaskDriver_Init)
    i.TaskDriver_Run                         0x08003684   Section        0  taskdriver.o(i.TaskDriver_Run)
    i.TimeToMemory                           0x080036c8   Section        0  password.o(i.TimeToMemory)
    i.UART_DMAAbortOnError                   0x08003738   Section        0  stm32f4xx_hal_uart.o(i.UART_DMAAbortOnError)
    UART_DMAAbortOnError                     0x08003739   Thumb Code    18  stm32f4xx_hal_uart.o(i.UART_DMAAbortOnError)
    i.UART_EndRxTransfer                     0x0800374a   Section        0  stm32f4xx_hal_uart.o(i.UART_EndRxTransfer)
    UART_EndRxTransfer                       0x0800374b   Thumb Code   108  stm32f4xx_hal_uart.o(i.UART_EndRxTransfer)
    i.UART_EndTransmit_IT                    0x080037b6   Section        0  stm32f4xx_hal_uart.o(i.UART_EndTransmit_IT)
    UART_EndTransmit_IT                      0x080037b7   Thumb Code    32  stm32f4xx_hal_uart.o(i.UART_EndTransmit_IT)
    i.UART_Receive_IT                        0x080037d6   Section        0  stm32f4xx_hal_uart.o(i.UART_Receive_IT)
    UART_Receive_IT                          0x080037d7   Thumb Code   252  stm32f4xx_hal_uart.o(i.UART_Receive_IT)
    i.UART_SetConfig                         0x080038d4   Section        0  stm32f4xx_hal_uart.o(i.UART_SetConfig)
    UART_SetConfig                           0x080038d5   Thumb Code   546  stm32f4xx_hal_uart.o(i.UART_SetConfig)
    i.UART_Start_Receive_IT                  0x08003b00   Section        0  stm32f4xx_hal_uart.o(i.UART_Start_Receive_IT)
    i.UART_Transmit_IT                       0x08003b40   Section        0  stm32f4xx_hal_uart.o(i.UART_Transmit_IT)
    UART_Transmit_IT                         0x08003b41   Thumb Code    96  stm32f4xx_hal_uart.o(i.UART_Transmit_IT)
    i.UART_WaitOnFlagUntilTimeout            0x08003ba0   Section        0  stm32f4xx_hal_uart.o(i.UART_WaitOnFlagUntilTimeout)
    UART_WaitOnFlagUntilTimeout              0x08003ba1   Thumb Code   140  stm32f4xx_hal_uart.o(i.UART_WaitOnFlagUntilTimeout)
    i.USART1_IRQHandler                      0x08003c2c   Section        0  stm32f4xx_it.o(i.USART1_IRQHandler)
    i.UsageFault_Handler                     0x08003c3c   Section        0  stm32f4xx_it.o(i.UsageFault_Handler)
    i.UserwordToMemory                       0x08003c40   Section        0  password.o(i.UserwordToMemory)
    i.Userword_Clear                         0x08003cb0   Section        0  password.o(i.Userword_Clear)
    i.VERTIFY_Task                           0x08003cd4   Section        0  taskdriver.o(i.VERTIFY_Task)
    i.VIEW_Task                              0x08003d48   Section        0  taskdriver.o(i.VIEW_Task)
    i.__0printf$6                            0x08003d74   Section        0  printf6.o(i.__0printf$6)
    i.__NVIC_GetPriorityGrouping             0x08003d94   Section        0  stm32f4xx_hal_cortex.o(i.__NVIC_GetPriorityGrouping)
    __NVIC_GetPriorityGrouping               0x08003d95   Thumb Code    10  stm32f4xx_hal_cortex.o(i.__NVIC_GetPriorityGrouping)
    i.__NVIC_SetPriority                     0x08003da4   Section        0  stm32f4xx_hal_cortex.o(i.__NVIC_SetPriority)
    __NVIC_SetPriority                       0x08003da5   Thumb Code    32  stm32f4xx_hal_cortex.o(i.__NVIC_SetPriority)
    i.__scatterload_copy                     0x08003dcc   Section       14  handlers.o(i.__scatterload_copy)
    i.__scatterload_null                     0x08003dda   Section        2  handlers.o(i.__scatterload_null)
    i.__scatterload_zeroinit                 0x08003ddc   Section       14  handlers.o(i.__scatterload_zeroinit)
    i._printf_core                           0x08003dec   Section        0  printf6.o(i._printf_core)
    _printf_core                             0x08003ded   Thumb Code   748  printf6.o(i._printf_core)
    i._printf_post_padding                   0x080040dc   Section        0  printf6.o(i._printf_post_padding)
    _printf_post_padding                     0x080040dd   Thumb Code    36  printf6.o(i._printf_post_padding)
    i._printf_pre_padding                    0x08004100   Section        0  printf6.o(i._printf_pre_padding)
    _printf_pre_padding                      0x08004101   Thumb Code    46  printf6.o(i._printf_pre_padding)
    i.fputc                                  0x08004130   Section        0  serial.o(i.fputc)
    i.main                                   0x0800414c   Section        0  main.o(i.main)
    .constdata                               0x08004170   Section       24  system_stm32f4xx.o(.constdata)
    .constdata                               0x08004188   Section     1520  oled.o(.constdata)
    .data                                    0x20000000   Section        7  taskdriver.o(.data)
    .data                                    0x20000008   Section        9  stm32f4xx_hal.o(.data)
    .data                                    0x20000014   Section        4  system_stm32f4xx.o(.data)
    .data                                    0x20000018   Section        9  matrix.o(.data)
    Last_Raw                                 0x20000018   Data           1  matrix.o(.data)
    Ticks                                    0x2000001c   Data           4  matrix.o(.data)
    Last_Send                                0x20000020   Data           1  matrix.o(.data)
    .data                                    0x20000022   Section       64  password.o(.data)
    Password1_Length                         0x20000053   Data           1  password.o(.data)
    Password2_Length                         0x20000054   Data           1  password.o(.data)
    Password3_Length                         0x20000055   Data           1  password.o(.data)
    Key                                      0x20000056   Data           1  password.o(.data)
    UserwordMemory_Index                     0x2000005a   Data           2  password.o(.data)
    TimeMemory_Index                         0x2000005c   Data           2  password.o(.data)
    Password_Sel                             0x20000061   Data           1  password.o(.data)
    .data                                    0x20000064   Section        8  nowtime.o(.data)
    Raw_Time                                 0x20000064   Data           4  nowtime.o(.data)
    Total_Sec                                0x20000068   Data           4  nowtime.o(.data)
    .data                                    0x2000006c   Section       32  stepmotor.o(.data)
    Step_Table                               0x2000006c   Data          32  stepmotor.o(.data)
    .data                                    0x2000008c   Section        3  serial.o(.data)
    .data                                    0x20000090   Section        4  stdout.o(.data)
    .bss                                     0x20000094   Section      144  tim.o(.bss)
    .bss                                     0x20000124   Section       72  usart.o(.bss)
    .bss                                     0x2000016c   Section      320  password.o(.bss)
    .bss                                     0x200002ac   Section       64  serial.o(.bss)
    STACK                                    0x200002f0   Section     1024  startup_stm32f407xx.o(STACK)

    Global Symbols

    Symbol Name                              Value     Ov Type        Size  Object(Section)

    BuildAttributes$$THM_ISAv4$E$P$D$K$B$S$7EM$VFPi3$EXTD16$VFPS$VFMA$PE$A:L22UL41UL21$X:L11$S22US41US21$IEEE1$IW$USESV6$~STKCKD$USESV7$~SHL$OSPACE$ROPI$EBA8$MICROLIB$REQ8$PRES8$EABIv2 0x00000000   Number         0  anon$$obj.o ABSOLUTE
    __ARM_use_no_argv                        0x00000000   Number         0  main.o ABSOLUTE
    _printf_a                                0x00000000   Number         0  stubs.o ABSOLUTE
    _printf_c                                0x00000000   Number         0  stubs.o ABSOLUTE
    _printf_charcount                        0x00000000   Number         0  stubs.o ABSOLUTE
    _printf_d                                0x00000000   Number         0  stubs.o ABSOLUTE
    _printf_e                                0x00000000   Number         0  stubs.o ABSOLUTE
    _printf_f                                0x00000000   Number         0  stubs.o ABSOLUTE
    _printf_flags                            0x00000000   Number         0  stubs.o ABSOLUTE
    _printf_fp_dec                           0x00000000   Number         0  stubs.o ABSOLUTE
    _printf_fp_hex                           0x00000000   Number         0  stubs.o ABSOLUTE
    _printf_g                                0x00000000   Number         0  stubs.o ABSOLUTE
    _printf_i                                0x00000000   Number         0  stubs.o ABSOLUTE
    _printf_int_dec                          0x00000000   Number         0  stubs.o ABSOLUTE
    _printf_l                                0x00000000   Number         0  stubs.o ABSOLUTE
    _printf_lc                               0x00000000   Number         0  stubs.o ABSOLUTE
    _printf_ll                               0x00000000   Number         0  stubs.o ABSOLUTE
    _printf_lld                              0x00000000   Number         0  stubs.o ABSOLUTE
    _printf_lli                              0x00000000   Number         0  stubs.o ABSOLUTE
    _printf_llo                              0x00000000   Number         0  stubs.o ABSOLUTE
    _printf_llu                              0x00000000   Number         0  stubs.o ABSOLUTE
    _printf_llx                              0x00000000   Number         0  stubs.o ABSOLUTE
    _printf_longlong_dec                     0x00000000   Number         0  stubs.o ABSOLUTE
    _printf_longlong_hex                     0x00000000   Number         0  stubs.o ABSOLUTE
    _printf_longlong_oct                     0x00000000   Number         0  stubs.o ABSOLUTE
    _printf_ls                               0x00000000   Number         0  stubs.o ABSOLUTE
    _printf_mbtowc                           0x00000000   Number         0  stubs.o ABSOLUTE
    _printf_n                                0x00000000   Number         0  stubs.o ABSOLUTE
    _printf_o                                0x00000000   Number         0  stubs.o ABSOLUTE
    _printf_p                                0x00000000   Number         0  stubs.o ABSOLUTE
    _printf_percent                          0x00000000   Number         0  stubs.o ABSOLUTE
    _printf_pre_padding                      0x00000000   Number         0  stubs.o ABSOLUTE
    _printf_return_value                     0x00000000   Number         0  stubs.o ABSOLUTE
    _printf_s                                0x00000000   Number         0  stubs.o ABSOLUTE
    _printf_sizespec                         0x00000000   Number         0  stubs.o ABSOLUTE
    _printf_str                              0x00000000   Number         0  stubs.o ABSOLUTE
    _printf_truncate_signed                  0x00000000   Number         0  stubs.o ABSOLUTE
    _printf_truncate_unsigned                0x00000000   Number         0  stubs.o ABSOLUTE
    _printf_u                                0x00000000   Number         0  stubs.o ABSOLUTE
    _printf_wc                               0x00000000   Number         0  stubs.o ABSOLUTE
    _printf_wctomb                           0x00000000   Number         0  stubs.o ABSOLUTE
    _printf_widthprec                        0x00000000   Number         0  stubs.o ABSOLUTE
    _printf_x                                0x00000000   Number         0  stubs.o ABSOLUTE
    __cpp_initialize__aeabi_                  - Undefined Weak Reference
    __cxa_finalize                            - Undefined Weak Reference
    __decompress                              - Undefined Weak Reference
    _clock_init                               - Undefined Weak Reference
    _microlib_exit                            - Undefined Weak Reference
    __Vectors_Size                           0x00000188   Number         0  startup_stm32f407xx.o ABSOLUTE
    __Vectors                                0x08000000   Data           4  startup_stm32f407xx.o(RESET)
    __Vectors_End                            0x08000188   Data           0  startup_stm32f407xx.o(RESET)
    __main                                   0x08000189   Thumb Code     0  entry.o(.ARM.Collect$$$$00000000)
    _main_stk                                0x08000189   Thumb Code     0  entry2.o(.ARM.Collect$$$$00000001)
    _main_scatterload                        0x0800018d   Thumb Code     0  entry5.o(.ARM.Collect$$$$00000004)
    __main_after_scatterload                 0x08000191   Thumb Code     0  entry5.o(.ARM.Collect$$$$00000004)
    _main_clock                              0x08000191   Thumb Code     0  entry7b.o(.ARM.Collect$$$$00000008)
    _main_cpp_init                           0x08000191   Thumb Code     0  entry8b.o(.ARM.Collect$$$$0000000A)
    _main_init                               0x08000191   Thumb Code     0  entry9a.o(.ARM.Collect$$$$0000000B)
    __rt_final_cpp                           0x08000199   Thumb Code     0  entry10a.o(.ARM.Collect$$$$0000000D)
    __rt_final_exit                          0x08000199   Thumb Code     0  entry11a.o(.ARM.Collect$$$$0000000F)
    Reset_Handler                            0x0800019d   Thumb Code     8  startup_stm32f407xx.o(.text)
    ADC_IRQHandler                           0x080001b7   Thumb Code     0  startup_stm32f407xx.o(.text)
    CAN1_RX0_IRQHandler                      0x080001b7   Thumb Code     0  startup_stm32f407xx.o(.text)
    CAN1_RX1_IRQHandler                      0x080001b7   Thumb Code     0  startup_stm32f407xx.o(.text)
    CAN1_SCE_IRQHandler                      0x080001b7   Thumb Code     0  startup_stm32f407xx.o(.text)
    CAN1_TX_IRQHandler                       0x080001b7   Thumb Code     0  startup_stm32f407xx.o(.text)
    CAN2_RX0_IRQHandler                      0x080001b7   Thumb Code     0  startup_stm32f407xx.o(.text)
    CAN2_RX1_IRQHandler                      0x080001b7   Thumb Code     0  startup_stm32f407xx.o(.text)
    CAN2_SCE_IRQHandler                      0x080001b7   Thumb Code     0  startup_stm32f407xx.o(.text)
    CAN2_TX_IRQHandler                       0x080001b7   Thumb Code     0  startup_stm32f407xx.o(.text)
    DCMI_IRQHandler                          0x080001b7   Thumb Code     0  startup_stm32f407xx.o(.text)
    DMA1_Stream0_IRQHandler                  0x080001b7   Thumb Code     0  startup_stm32f407xx.o(.text)
    DMA1_Stream1_IRQHandler                  0x080001b7   Thumb Code     0  startup_stm32f407xx.o(.text)
    DMA1_Stream2_IRQHandler                  0x080001b7   Thumb Code     0  startup_stm32f407xx.o(.text)
    DMA1_Stream3_IRQHandler                  0x080001b7   Thumb Code     0  startup_stm32f407xx.o(.text)
    DMA1_Stream4_IRQHandler                  0x080001b7   Thumb Code     0  startup_stm32f407xx.o(.text)
    DMA1_Stream5_IRQHandler                  0x080001b7   Thumb Code     0  startup_stm32f407xx.o(.text)
    DMA1_Stream6_IRQHandler                  0x080001b7   Thumb Code     0  startup_stm32f407xx.o(.text)
    DMA1_Stream7_IRQHandler                  0x080001b7   Thumb Code     0  startup_stm32f407xx.o(.text)
    DMA2_Stream0_IRQHandler                  0x080001b7   Thumb Code     0  startup_stm32f407xx.o(.text)
    DMA2_Stream1_IRQHandler                  0x080001b7   Thumb Code     0  startup_stm32f407xx.o(.text)
    DMA2_Stream2_IRQHandler                  0x080001b7   Thumb Code     0  startup_stm32f407xx.o(.text)
    DMA2_Stream3_IRQHandler                  0x080001b7   Thumb Code     0  startup_stm32f407xx.o(.text)
    DMA2_Stream4_IRQHandler                  0x080001b7   Thumb Code     0  startup_stm32f407xx.o(.text)
    DMA2_Stream5_IRQHandler                  0x080001b7   Thumb Code     0  startup_stm32f407xx.o(.text)
    DMA2_Stream6_IRQHandler                  0x080001b7   Thumb Code     0  startup_stm32f407xx.o(.text)
    DMA2_Stream7_IRQHandler                  0x080001b7   Thumb Code     0  startup_stm32f407xx.o(.text)
    ETH_IRQHandler                           0x080001b7   Thumb Code     0  startup_stm32f407xx.o(.text)
    ETH_WKUP_IRQHandler                      0x080001b7   Thumb Code     0  startup_stm32f407xx.o(.text)
    EXTI0_IRQHandler                         0x080001b7   Thumb Code     0  startup_stm32f407xx.o(.text)
    EXTI15_10_IRQHandler                     0x080001b7   Thumb Code     0  startup_stm32f407xx.o(.text)
    EXTI1_IRQHandler                         0x080001b7   Thumb Code     0  startup_stm32f407xx.o(.text)
    EXTI2_IRQHandler                         0x080001b7   Thumb Code     0  startup_stm32f407xx.o(.text)
    EXTI3_IRQHandler                         0x080001b7   Thumb Code     0  startup_stm32f407xx.o(.text)
    EXTI4_IRQHandler                         0x080001b7   Thumb Code     0  startup_stm32f407xx.o(.text)
    EXTI9_5_IRQHandler                       0x080001b7   Thumb Code     0  startup_stm32f407xx.o(.text)
    FLASH_IRQHandler                         0x080001b7   Thumb Code     0  startup_stm32f407xx.o(.text)
    FMC_IRQHandler                           0x080001b7   Thumb Code     0  startup_stm32f407xx.o(.text)
    FPU_IRQHandler                           0x080001b7   Thumb Code     0  startup_stm32f407xx.o(.text)
    HASH_RNG_IRQHandler                      0x080001b7   Thumb Code     0  startup_stm32f407xx.o(.text)
    I2C1_ER_IRQHandler                       0x080001b7   Thumb Code     0  startup_stm32f407xx.o(.text)
    I2C1_EV_IRQHandler                       0x080001b7   Thumb Code     0  startup_stm32f407xx.o(.text)
    I2C2_ER_IRQHandler                       0x080001b7   Thumb Code     0  startup_stm32f407xx.o(.text)
    I2C2_EV_IRQHandler                       0x080001b7   Thumb Code     0  startup_stm32f407xx.o(.text)
    I2C3_ER_IRQHandler                       0x080001b7   Thumb Code     0  startup_stm32f407xx.o(.text)
    I2C3_EV_IRQHandler                       0x080001b7   Thumb Code     0  startup_stm32f407xx.o(.text)
    OTG_FS_IRQHandler                        0x080001b7   Thumb Code     0  startup_stm32f407xx.o(.text)
    OTG_FS_WKUP_IRQHandler                   0x080001b7   Thumb Code     0  startup_stm32f407xx.o(.text)
    OTG_HS_EP1_IN_IRQHandler                 0x080001b7   Thumb Code     0  startup_stm32f407xx.o(.text)
    OTG_HS_EP1_OUT_IRQHandler                0x080001b7   Thumb Code     0  startup_stm32f407xx.o(.text)
    OTG_HS_IRQHandler                        0x080001b7   Thumb Code     0  startup_stm32f407xx.o(.text)
    OTG_HS_WKUP_IRQHandler                   0x080001b7   Thumb Code     0  startup_stm32f407xx.o(.text)
    PVD_IRQHandler                           0x080001b7   Thumb Code     0  startup_stm32f407xx.o(.text)
    RCC_IRQHandler                           0x080001b7   Thumb Code     0  startup_stm32f407xx.o(.text)
    RTC_Alarm_IRQHandler                     0x080001b7   Thumb Code     0  startup_stm32f407xx.o(.text)
    RTC_WKUP_IRQHandler                      0x080001b7   Thumb Code     0  startup_stm32f407xx.o(.text)
    SDIO_IRQHandler                          0x080001b7   Thumb Code     0  startup_stm32f407xx.o(.text)
    SPI1_IRQHandler                          0x080001b7   Thumb Code     0  startup_stm32f407xx.o(.text)
    SPI2_IRQHandler                          0x080001b7   Thumb Code     0  startup_stm32f407xx.o(.text)
    SPI3_IRQHandler                          0x080001b7   Thumb Code     0  startup_stm32f407xx.o(.text)
    TAMP_STAMP_IRQHandler                    0x080001b7   Thumb Code     0  startup_stm32f407xx.o(.text)
    TIM1_BRK_TIM9_IRQHandler                 0x080001b7   Thumb Code     0  startup_stm32f407xx.o(.text)
    TIM1_CC_IRQHandler                       0x080001b7   Thumb Code     0  startup_stm32f407xx.o(.text)
    TIM1_TRG_COM_TIM11_IRQHandler            0x080001b7   Thumb Code     0  startup_stm32f407xx.o(.text)
    TIM1_UP_TIM10_IRQHandler                 0x080001b7   Thumb Code     0  startup_stm32f407xx.o(.text)
    TIM4_IRQHandler                          0x080001b7   Thumb Code     0  startup_stm32f407xx.o(.text)
    TIM5_IRQHandler                          0x080001b7   Thumb Code     0  startup_stm32f407xx.o(.text)
    TIM6_DAC_IRQHandler                      0x080001b7   Thumb Code     0  startup_stm32f407xx.o(.text)
    TIM7_IRQHandler                          0x080001b7   Thumb Code     0  startup_stm32f407xx.o(.text)
    TIM8_BRK_TIM12_IRQHandler                0x080001b7   Thumb Code     0  startup_stm32f407xx.o(.text)
    TIM8_CC_IRQHandler                       0x080001b7   Thumb Code     0  startup_stm32f407xx.o(.text)
    TIM8_TRG_COM_TIM14_IRQHandler            0x080001b7   Thumb Code     0  startup_stm32f407xx.o(.text)
    TIM8_UP_TIM13_IRQHandler                 0x080001b7   Thumb Code     0  startup_stm32f407xx.o(.text)
    UART4_IRQHandler                         0x080001b7   Thumb Code     0  startup_stm32f407xx.o(.text)
    UART5_IRQHandler                         0x080001b7   Thumb Code     0  startup_stm32f407xx.o(.text)
    USART2_IRQHandler                        0x080001b7   Thumb Code     0  startup_stm32f407xx.o(.text)
    USART3_IRQHandler                        0x080001b7   Thumb Code     0  startup_stm32f407xx.o(.text)
    USART6_IRQHandler                        0x080001b7   Thumb Code     0  startup_stm32f407xx.o(.text)
    WWDG_IRQHandler                          0x080001b7   Thumb Code     0  startup_stm32f407xx.o(.text)
    __aeabi_uldivmod                         0x080001c1   Thumb Code    98  uldiv.o(.text)
    __aeabi_memset                           0x08000223   Thumb Code    14  memseta.o(.text)
    __aeabi_memset4                          0x08000223   Thumb Code     0  memseta.o(.text)
    __aeabi_memset8                          0x08000223   Thumb Code     0  memseta.o(.text)
    __aeabi_memclr                           0x08000231   Thumb Code     4  memseta.o(.text)
    __aeabi_memclr4                          0x08000231   Thumb Code     0  memseta.o(.text)
    __aeabi_memclr8                          0x08000231   Thumb Code     0  memseta.o(.text)
    _memset$wrapper                          0x08000235   Thumb Code    18  memseta.o(.text)
    strcmp                                   0x08000247   Thumb Code    28  strcmp.o(.text)
    __aeabi_uidiv                            0x08000263   Thumb Code     0  uidiv.o(.text)
    __aeabi_uidivmod                         0x08000263   Thumb Code    44  uidiv.o(.text)
    __aeabi_llsl                             0x0800028f   Thumb Code    30  llshl.o(.text)
    _ll_shift_l                              0x0800028f   Thumb Code     0  llshl.o(.text)
    __aeabi_llsr                             0x080002ad   Thumb Code    32  llushr.o(.text)
    _ll_ushift_r                             0x080002ad   Thumb Code     0  llushr.o(.text)
    __scatterload                            0x080002cd   Thumb Code    28  init.o(.text)
    __scatterload_rt2                        0x080002cd   Thumb Code     0  init.o(.text)
    BusFault_Handler                         0x080002f1   Thumb Code     4  stm32f4xx_it.o(i.BusFault_Handler)
    CHAPWD_Task                              0x080002f5   Thumb Code    84  taskdriver.o(i.CHAPWD_Task)
    DWT_Delay_Init                           0x0800034d   Thumb Code    30  delay.o(i.DWT_Delay_Init)
    DebugMon_Handler                         0x08000375   Thumb Code     2  stm32f4xx_it.o(i.DebugMon_Handler)
    Delay_us                                 0x08000379   Thumb Code    34  delay.o(i.Delay_us)
    Display_ChaInt                           0x080003a9   Thumb Code    38  display.o(i.Display_ChaInt)
    Display_InputInt                         0x08000401   Thumb Code    38  display.o(i.Display_InputInt)
    Display_SelInt                           0x08000459   Thumb Code    18  display.o(i.Display_SelInt)
    Display_ShowChaErr                       0x0800047d   Thumb Code    36  display.o(i.Display_ShowChaErr)
    Display_ShowChaOK                        0x080004b5   Thumb Code    26  display.o(i.Display_ShowChaOK)
    Display_ShowChaPwd                       0x080004dd   Thumb Code    42  display.o(i.Display_ShowChaPwd)
    Display_ShowDHT                          0x08000515   Thumb Code    32  display.o(i.Display_ShowDHT)
    Display_ShowInput                        0x0800053d   Thumb Code    42  display.o(i.Display_ShowInput)
    Display_ShowLenErr                       0x08000579   Thumb Code    26  display.o(i.Display_ShowLenErr)
    Display_ShowLockFreq                     0x0800059d   Thumb Code    38  display.o(i.Display_ShowLockFreq)
    Display_ShowLockState                    0x080005d9   Thumb Code    32  display.o(i.Display_ShowLockState)
    Display_ShowMainMenu                     0x08000615   Thumb Code    48  display.o(i.Display_ShowMainMenu)
    Display_ShowMemErr                       0x08000665   Thumb Code    26  display.o(i.Display_ShowMemErr)
    Display_ShowOK                           0x08000689   Thumb Code    26  display.o(i.Display_ShowOK)
    Display_ShowOpen                         0x080006b1   Thumb Code    70  display.o(i.Display_ShowOpen)
    Display_ShowPwdErr                       0x08000741   Thumb Code    26  display.o(i.Display_ShowPwdErr)
    Display_ShowView                         0x08000765   Thumb Code   332  display.o(i.Display_ShowView)
    Display_Showsel                          0x080008f1   Thumb Code    70  display.o(i.Display_Showsel)
    Display_ViewInt                          0x0800096d   Thumb Code    18  display.o(i.Display_ViewInt)
    Err_Check                                0x08000991   Thumb Code    32  taskdriver.o(i.Err_Check)
    Error_Handler                            0x080009d1   Thumb Code     6  main.o(i.Error_Handler)
    Get_Now_Time                             0x080009d9   Thumb Code    80  nowtime.o(i.Get_Now_Time)
    HAL_DMA_Abort                            0x08000a31   Thumb Code   172  stm32f4xx_hal_dma.o(i.HAL_DMA_Abort)
    HAL_DMA_Abort_IT                         0x08000add   Thumb Code    40  stm32f4xx_hal_dma.o(i.HAL_DMA_Abort_IT)
    HAL_Delay                                0x08000b05   Thumb Code    36  stm32f4xx_hal.o(i.HAL_Delay)
    HAL_GPIO_Init                            0x08000b2d   Thumb Code   454  stm32f4xx_hal_gpio.o(i.HAL_GPIO_Init)
    HAL_GPIO_ReadPin                         0x08000d21   Thumb Code    16  stm32f4xx_hal_gpio.o(i.HAL_GPIO_ReadPin)
    HAL_GPIO_WritePin                        0x08000d31   Thumb Code    12  stm32f4xx_hal_gpio.o(i.HAL_GPIO_WritePin)
    HAL_GetTick                              0x08000d3d   Thumb Code     6  stm32f4xx_hal.o(i.HAL_GetTick)
    HAL_IncTick                              0x08000d49   Thumb Code    16  stm32f4xx_hal.o(i.HAL_IncTick)
    HAL_Init                                 0x08000d61   Thumb Code    54  stm32f4xx_hal.o(i.HAL_Init)
    HAL_InitTick                             0x08000d9d   Thumb Code    64  stm32f4xx_hal.o(i.HAL_InitTick)
    HAL_MspInit                              0x08000de9   Thumb Code    68  stm32f4xx_hal_msp.o(i.HAL_MspInit)
    HAL_NVIC_EnableIRQ                       0x08000e31   Thumb Code    40  stm32f4xx_hal_cortex.o(i.HAL_NVIC_EnableIRQ)
    HAL_NVIC_SetPriority                     0x08000e59   Thumb Code   124  stm32f4xx_hal_cortex.o(i.HAL_NVIC_SetPriority)
    HAL_NVIC_SetPriorityGrouping             0x08000ed5   Thumb Code    32  stm32f4xx_hal_cortex.o(i.HAL_NVIC_SetPriorityGrouping)
    HAL_RCC_ClockConfig                      0x08000efd   Thumb Code   368  stm32f4xx_hal_rcc.o(i.HAL_RCC_ClockConfig)
    HAL_RCC_GetHCLKFreq                      0x08001081   Thumb Code     6  stm32f4xx_hal_rcc.o(i.HAL_RCC_GetHCLKFreq)
    HAL_RCC_GetPCLK1Freq                     0x0800108d   Thumb Code    22  stm32f4xx_hal_rcc.o(i.HAL_RCC_GetPCLK1Freq)
    HAL_RCC_GetPCLK2Freq                     0x080010ad   Thumb Code    22  stm32f4xx_hal_rcc.o(i.HAL_RCC_GetPCLK2Freq)
    HAL_RCC_GetSysClockFreq                  0x080010cd   Thumb Code   162  stm32f4xx_hal_rcc.o(i.HAL_RCC_GetSysClockFreq)
    HAL_RCC_OscConfig                        0x0800117d   Thumb Code  1172  stm32f4xx_hal_rcc.o(i.HAL_RCC_OscConfig)
    HAL_SYSTICK_Config                       0x08001619   Thumb Code    52  stm32f4xx_hal_cortex.o(i.HAL_SYSTICK_Config)
    HAL_TIMEx_BreakCallback                  0x0800164d   Thumb Code     2  stm32f4xx_hal_tim_ex.o(i.HAL_TIMEx_BreakCallback)
    HAL_TIMEx_CommutCallback                 0x0800164f   Thumb Code     2  stm32f4xx_hal_tim_ex.o(i.HAL_TIMEx_CommutCallback)
    HAL_TIMEx_MasterConfigSynchronization    0x08001651   Thumb Code   150  stm32f4xx_hal_tim_ex.o(i.HAL_TIMEx_MasterConfigSynchronization)
    HAL_TIM_Base_Init                        0x08001705   Thumb Code   102  stm32f4xx_hal_tim.o(i.HAL_TIM_Base_Init)
    HAL_TIM_Base_MspInit                     0x0800176d   Thumb Code   120  tim.o(i.HAL_TIM_Base_MspInit)
    HAL_TIM_Base_Start_IT                    0x080017ed   Thumb Code   138  stm32f4xx_hal_tim.o(i.HAL_TIM_Base_Start_IT)
    HAL_TIM_ConfigClockSource                0x08001895   Thumb Code   268  stm32f4xx_hal_tim.o(i.HAL_TIM_ConfigClockSource)
    HAL_TIM_IC_CaptureCallback               0x080019a1   Thumb Code     2  stm32f4xx_hal_tim.o(i.HAL_TIM_IC_CaptureCallback)
    HAL_TIM_IRQHandler                       0x080019a3   Thumb Code   364  stm32f4xx_hal_tim.o(i.HAL_TIM_IRQHandler)
    HAL_TIM_OC_DelayElapsedCallback          0x08001b0f   Thumb Code     2  stm32f4xx_hal_tim.o(i.HAL_TIM_OC_DelayElapsedCallback)
    HAL_TIM_PWM_PulseFinishedCallback        0x08001b11   Thumb Code     2  stm32f4xx_hal_tim.o(i.HAL_TIM_PWM_PulseFinishedCallback)
    HAL_TIM_PeriodElapsedCallback            0x08001b15   Thumb Code    16  taskdriver.o(i.HAL_TIM_PeriodElapsedCallback)
    HAL_TIM_TriggerCallback                  0x08001b29   Thumb Code     2  stm32f4xx_hal_tim.o(i.HAL_TIM_TriggerCallback)
    HAL_UARTEx_RxEventCallback               0x08001b2b   Thumb Code     2  stm32f4xx_hal_uart.o(i.HAL_UARTEx_RxEventCallback)
    HAL_UART_ErrorCallback                   0x08001b2d   Thumb Code     2  stm32f4xx_hal_uart.o(i.HAL_UART_ErrorCallback)
    HAL_UART_IRQHandler                      0x08001b31   Thumb Code   772  stm32f4xx_hal_uart.o(i.HAL_UART_IRQHandler)
    HAL_UART_Init                            0x08001e39   Thumb Code   118  stm32f4xx_hal_uart.o(i.HAL_UART_Init)
    HAL_UART_MspInit                         0x08001eb1   Thumb Code   140  usart.o(i.HAL_UART_MspInit)
    HAL_UART_Receive_IT                      0x08001f49   Thumb Code    44  stm32f4xx_hal_uart.o(i.HAL_UART_Receive_IT)
    HAL_UART_RxCpltCallback                  0x08001f75   Thumb Code    32  taskdriver.o(i.HAL_UART_RxCpltCallback)
    HAL_UART_Transmit                        0x08001fa1   Thumb Code   190  stm32f4xx_hal_uart.o(i.HAL_UART_Transmit)
    HAL_UART_TxCpltCallback                  0x0800205f   Thumb Code     2  stm32f4xx_hal_uart.o(i.HAL_UART_TxCpltCallback)
    HardFault_Handler                        0x08002061   Thumb Code     4  stm32f4xx_it.o(i.HardFault_Handler)
    IDLE_Task                                0x08002065   Thumb Code    40  taskdriver.o(i.IDLE_Task)
    Lock_Close                               0x08002091   Thumb Code    18  taskdriver.o(i.Lock_Close)
    Lock_Open                                0x080020a9   Thumb Code    20  taskdriver.o(i.Lock_Open)
    MX_GPIO_Init                             0x080020c1   Thumb Code   282  gpio.o(i.MX_GPIO_Init)
    MX_TIM2_Init                             0x080021e9   Thumb Code   104  tim.o(i.MX_TIM2_Init)
    MX_TIM3_Init                             0x08002255   Thumb Code   100  tim.o(i.MX_TIM3_Init)
    MX_USART1_UART_Init                      0x080022c1   Thumb Code    46  usart.o(i.MX_USART1_UART_Init)
    Matrix_GetNum                            0x080022f9   Thumb Code    80  matrix.o(i.Matrix_GetNum)
    Matrix_Scan_Raw                          0x08002355   Thumb Code   256  matrix.o(i.Matrix_Scan_Raw)
    Matrix_Set                               0x08002459   Thumb Code    44  matrix.o(i.Matrix_Set)
    MemManage_Handler                        0x08002489   Thumb Code     4  stm32f4xx_it.o(i.MemManage_Handler)
    NMI_Handler                              0x0800248d   Thumb Code     4  stm32f4xx_it.o(i.NMI_Handler)
    NewPassword_Clear                        0x08002491   Thumb Code    26  password.o(i.NewPassword_Clear)
    NewPassword_Set                          0x080024b5   Thumb Code    36  password.o(i.NewPassword_Set)
    Now_Time_Init                            0x080024e5   Thumb Code    12  nowtime.o(i.Now_Time_Init)
    OLED_Clear                               0x080024f5   Thumb Code    42  oled.o(i.OLED_Clear)
    OLED_I2C_Init                            0x08002521   Thumb Code    24  oled.o(i.OLED_I2C_Init)
    OLED_I2C_SendByte                        0x0800253d   Thumb Code   112  oled.o(i.OLED_I2C_SendByte)
    OLED_I2C_Start                           0x080025b1   Thumb Code    60  oled.o(i.OLED_I2C_Start)
    OLED_I2C_Stop                            0x080025f1   Thumb Code    42  oled.o(i.OLED_I2C_Stop)
    OLED_Init                                0x08002621   Thumb Code   180  oled.o(i.OLED_Init)
    OLED_Pow                                 0x080026d5   Thumb Code    20  oled.o(i.OLED_Pow)
    OLED_SetCursor                           0x080026e9   Thumb Code    34  oled.o(i.OLED_SetCursor)
    OLED_ShowChar                            0x0800270d   Thumb Code   110  oled.o(i.OLED_ShowChar)
    OLED_ShowNum                             0x08002781   Thumb Code    68  oled.o(i.OLED_ShowNum)
    OLED_ShowString                          0x080027c5   Thumb Code    40  oled.o(i.OLED_ShowString)
    OLED_WriteCommand                        0x080027ed   Thumb Code    32  oled.o(i.OLED_WriteCommand)
    OLED_WriteData                           0x0800280d   Thumb Code    32  oled.o(i.OLED_WriteData)
    OPEN_Task                                0x0800282d   Thumb Code   100  taskdriver.o(i.OPEN_Task)
    Open_Error                               0x08002899   Thumb Code    28  password.o(i.Open_Error)
    PWSEL_Task                               0x080028b9   Thumb Code    68  taskdriver.o(i.PWSEL_Task)
    Password_Change                          0x08002901   Thumb Code   214  password.o(i.Password_Change)
    Password_Clear                           0x080029ed   Thumb Code    20  password.o(i.Password_Clear)
    Password_Refresh                         0x08002a05   Thumb Code   182  password.o(i.Password_Refresh)
    Password_Select                          0x08002ae1   Thumb Code   210  password.o(i.Password_Select)
    Password_Vertify                         0x08002bdd   Thumb Code   392  password.o(i.Password_Vertify)
    PendSV_Handler                           0x08002d85   Thumb Code     2  stm32f4xx_it.o(i.PendSV_Handler)
    Read_Memory                              0x08002d89   Thumb Code   104  password.o(i.Read_Memory)
    SVC_Handler                              0x08002e01   Thumb Code     2  stm32f4xx_it.o(i.SVC_Handler)
    Serial_Init                              0x08002e05   Thumb Code    14  serial.o(i.Serial_Init)
    Serial_LockClose                         0x08002e1d   Thumb Code    30  serial.o(i.Serial_LockClose)
    Serial_LockOpen                          0x08002e69   Thumb Code    28  serial.o(i.Serial_LockOpen)
    Serial_ProcessCmd                        0x08002ead   Thumb Code   154  serial.o(i.Serial_ProcessCmd)
    Serial_RXCallBack                        0x08002fbd   Thumb Code    76  serial.o(i.Serial_RXCallBack)
    Serial_ShowDHT                           0x08003015   Thumb Code    28  serial.o(i.Serial_ShowDHT)
    Serial_ShowHelp                          0x0800305d   Thumb Code    10  serial.o(i.Serial_ShowHelp)
    Serial_ShowRecord                        0x08003085   Thumb Code   270  serial.o(i.Serial_ShowRecord)
    Serial_ShowStatus                        0x08003201   Thumb Code    56  serial.o(i.Serial_ShowStatus)
    Serial_ShowSuccess                       0x080032a5   Thumb Code    14  serial.o(i.Serial_ShowSuccess)
    Serial_ShowWarning                       0x080032d1   Thumb Code    14  serial.o(i.Serial_ShowWarning)
    StepMotor_Forward                        0x080032fd   Thumb Code    84  stepmotor.o(i.StepMotor_Forward)
    StepMotor_Forward_90_Degree              0x08003351   Thumb Code    14  stepmotor.o(i.StepMotor_Forward_90_Degree)
    StepMotor_Step                           0x08003361   Thumb Code   116  stepmotor.o(i.StepMotor_Step)
    StepMotor_Stop                           0x080033dd   Thumb Code    52  stepmotor.o(i.StepMotor_Stop)
    SysTick_Handler                          0x08003415   Thumb Code     8  stm32f4xx_it.o(i.SysTick_Handler)
    SystemClock_Config                       0x0800341d   Thumb Code   170  main.o(i.SystemClock_Config)
    SystemInit                               0x080034d1   Thumb Code    14  system_stm32f4xx.o(i.SystemInit)
    TIM2_IRQHandler                          0x080034e5   Thumb Code    10  stm32f4xx_it.o(i.TIM2_IRQHandler)
    TIM3_IRQHandler                          0x080034f5   Thumb Code    10  stm32f4xx_it.o(i.TIM3_IRQHandler)
    TIM_Base_SetConfig                       0x08003505   Thumb Code   178  stm32f4xx_hal_tim.o(i.TIM_Base_SetConfig)
    TIM_ETR_SetConfig                        0x080035e5   Thumb Code    22  stm32f4xx_hal_tim.o(i.TIM_ETR_SetConfig)
    TaskDriver_Init                          0x0800365d   Thumb Code    36  taskdriver.o(i.TaskDriver_Init)
    TaskDriver_Run                           0x08003685   Thumb Code    64  taskdriver.o(i.TaskDriver_Run)
    TimeToMemory                             0x080036c9   Thumb Code   102  password.o(i.TimeToMemory)
    UART_Start_Receive_IT                    0x08003b01   Thumb Code    64  stm32f4xx_hal_uart.o(i.UART_Start_Receive_IT)
    USART1_IRQHandler                        0x08003c2d   Thumb Code    10  stm32f4xx_it.o(i.USART1_IRQHandler)
    UsageFault_Handler                       0x08003c3d   Thumb Code     4  stm32f4xx_it.o(i.UsageFault_Handler)
    UserwordToMemory                         0x08003c41   Thumb Code    94  password.o(i.UserwordToMemory)
    Userword_Clear                           0x08003cb1   Thumb Code    26  password.o(i.Userword_Clear)
    VERTIFY_Task                             0x08003cd5   Thumb Code   108  taskdriver.o(i.VERTIFY_Task)
    VIEW_Task                                0x08003d49   Thumb Code    36  taskdriver.o(i.VIEW_Task)
    __0printf$6                              0x08003d75   Thumb Code    22  printf6.o(i.__0printf$6)
    __1printf$6                              0x08003d75   Thumb Code     0  printf6.o(i.__0printf$6)
    __2printf                                0x08003d75   Thumb Code     0  printf6.o(i.__0printf$6)
    __scatterload_copy                       0x08003dcd   Thumb Code    14  handlers.o(i.__scatterload_copy)
    __scatterload_null                       0x08003ddb   Thumb Code     2  handlers.o(i.__scatterload_null)
    __scatterload_zeroinit                   0x08003ddd   Thumb Code    14  handlers.o(i.__scatterload_zeroinit)
    fputc                                    0x08004131   Thumb Code    22  serial.o(i.fputc)
    main                                     0x0800414d   Thumb Code    36  main.o(i.main)
    AHBPrescTable                            0x08004170   Data          16  system_stm32f4xx.o(.constdata)
    APBPrescTable                            0x08004180   Data           8  system_stm32f4xx.o(.constdata)
    OLED_F8x16                               0x08004188   Data        1520  oled.o(.constdata)
    Region$$Table$$Base                      0x08004778   Number         0  anon$$obj.o(Region$$Table)
    Region$$Table$$Limit                     0x08004798   Number         0  anon$$obj.o(Region$$Table)
    Temph                                    0x20000000   Data           1  taskdriver.o(.data)
    Templ                                    0x20000001   Data           1  taskdriver.o(.data)
    Humih                                    0x20000002   Data           1  taskdriver.o(.data)
    Humil                                    0x20000003   Data           1  taskdriver.o(.data)
    View_Flag                                0x20000004   Data           1  taskdriver.o(.data)
    Sensor_Read_Flag                         0x20000005   Data           1  taskdriver.o(.data)
    State                                    0x20000006   Data           1  taskdriver.o(.data)
    uwTick                                   0x20000008   Data           4  stm32f4xx_hal.o(.data)
    uwTickPrio                               0x2000000c   Data           4  stm32f4xx_hal.o(.data)
    uwTickFreq                               0x20000010   Data           1  stm32f4xx_hal.o(.data)
    SystemCoreClock                          0x20000014   Data           4  system_stm32f4xx.o(.data)
    Password                                 0x20000022   Data           8  password.o(.data)
    Password1                                0x2000002a   Data           8  password.o(.data)
    Password2                                0x20000032   Data           8  password.o(.data)
    Password3                                0x2000003a   Data           8  password.o(.data)
    Userword                                 0x20000042   Data           8  password.o(.data)
    NewPassWord                              0x2000004a   Data           8  password.o(.data)
    Password_Length                          0x20000052   Data           1  password.o(.data)
    Userword_Index                           0x20000057   Data           1  password.o(.data)
    Password_Index                           0x20000058   Data           1  password.o(.data)
    Vertify_State                            0x2000005e   Data           1  password.o(.data)
    Warnings                                 0x2000005f   Data           1  password.o(.data)
    Succeses                                 0x20000060   Data           1  password.o(.data)
    Rx_Cmd_Ready                             0x2000008c   Data           1  serial.o(.data)
    Uart_Rx_Byte                             0x2000008d   Data           1  serial.o(.data)
    Uart_Rx_Index                            0x2000008e   Data           1  serial.o(.data)
    __stdout                                 0x20000090   Data           4  stdout.o(.data)
    htim2                                    0x20000094   Data          72  tim.o(.bss)
    htim3                                    0x200000dc   Data          72  tim.o(.bss)
    huart1                                   0x20000124   Data          72  usart.o(.bss)
    UserwordMemory                           0x2000016c   Data         256  password.o(.bss)
    TimeMemory                               0x2000026c   Data          64  password.o(.bss)
    Uart_Rx_Buf                              0x200002ac   Data          64  serial.o(.bss)
    __initial_sp                             0x200006f0   Data           0  startup_stm32f407xx.o(STACK)



==============================================================================

Memory Map of the image

  Image Entry point : 0x08000189

  Load Region LR_IROM1 (Base: 0x08000000, Size: 0x0000482c, Max: 0x00080000, ABSOLUTE)

    Execution Region ER_IROM1 (Exec base: 0x08000000, Load base: 0x08000000, Size: 0x00004798, Max: 0x00080000, ABSOLUTE)

    Exec Addr    Load Addr    Size         Type   Attr      Idx    E Section Name        Object

    0x08000000   0x08000000   0x00000188   Data   RO            3    RESET               startup_stm32f407xx.o
    0x08000188   0x08000188   0x00000000   Code   RO         3894  * .ARM.Collect$$$$00000000  mc_w.l(entry.o)
    0x08000188   0x08000188   0x00000004   Code   RO         4164    .ARM.Collect$$$$00000001  mc_w.l(entry2.o)
    0x0800018c   0x0800018c   0x00000004   Code   RO         4167    .ARM.Collect$$$$00000004  mc_w.l(entry5.o)
    0x08000190   0x08000190   0x00000000   Code   RO         4169    .ARM.Collect$$$$00000008  mc_w.l(entry7b.o)
    0x08000190   0x08000190   0x00000000   Code   RO         4171    .ARM.Collect$$$$0000000A  mc_w.l(entry8b.o)
    0x08000190   0x08000190   0x00000008   Code   RO         4172    .ARM.Collect$$$$0000000B  mc_w.l(entry9a.o)
    0x08000198   0x08000198   0x00000000   Code   RO         4174    .ARM.Collect$$$$0000000D  mc_w.l(entry10a.o)
    0x08000198   0x08000198   0x00000000   Code   RO         4176    .ARM.Collect$$$$0000000F  mc_w.l(entry11a.o)
    0x08000198   0x08000198   0x00000004   Code   RO         4165    .ARM.Collect$$$$00002712  mc_w.l(entry2.o)
    0x0800019c   0x0800019c   0x00000024   Code   RO            4    .text               startup_stm32f407xx.o
    0x080001c0   0x080001c0   0x00000062   Code   RO         3897    .text               mc_w.l(uldiv.o)
    0x08000222   0x08000222   0x00000024   Code   RO         3899    .text               mc_w.l(memseta.o)
    0x08000246   0x08000246   0x0000001c   Code   RO         3901    .text               mc_w.l(strcmp.o)
    0x08000262   0x08000262   0x0000002c   Code   RO         4179    .text               mc_w.l(uidiv.o)
    0x0800028e   0x0800028e   0x0000001e   Code   RO         4181    .text               mc_w.l(llshl.o)
    0x080002ac   0x080002ac   0x00000020   Code   RO         4183    .text               mc_w.l(llushr.o)
    0x080002cc   0x080002cc   0x00000024   Code   RO         4196    .text               mc_w.l(init.o)
    0x080002f0   0x080002f0   0x00000004   Code   RO          504    i.BusFault_Handler  stm32f4xx_it.o
    0x080002f4   0x080002f4   0x00000058   Code   RO           13    i.CHAPWD_Task       taskdriver.o
    0x0800034c   0x0800034c   0x00000028   Code   RO          622    i.DWT_Delay_Init    delay.o
    0x08000374   0x08000374   0x00000002   Code   RO          505    i.DebugMon_Handler  stm32f4xx_it.o
    0x08000376   0x08000376   0x00000002   PAD
    0x08000378   0x08000378   0x00000030   Code   RO          624    i.Delay_us          delay.o
    0x080003a8   0x080003a8   0x00000058   Code   RO         3645    i.Display_ChaInt    display.o
    0x08000400   0x08000400   0x00000058   Code   RO         3646    i.Display_InputInt  display.o
    0x08000458   0x08000458   0x00000024   Code   RO         3647    i.Display_SelInt    display.o
    0x0800047c   0x0800047c   0x00000038   Code   RO         3648    i.Display_ShowChaErr  display.o
    0x080004b4   0x080004b4   0x00000028   Code   RO         3649    i.Display_ShowChaOK  display.o
    0x080004dc   0x080004dc   0x00000038   Code   RO         3650    i.Display_ShowChaPwd  display.o
    0x08000514   0x08000514   0x00000028   Code   RO         3651    i.Display_ShowDHT   display.o
    0x0800053c   0x0800053c   0x0000003c   Code   RO         3652    i.Display_ShowInput  display.o
    0x08000578   0x08000578   0x00000024   Code   RO         3653    i.Display_ShowLenErr  display.o
    0x0800059c   0x0800059c   0x0000003c   Code   RO         3654    i.Display_ShowLockFreq  display.o
    0x080005d8   0x080005d8   0x0000003c   Code   RO         3655    i.Display_ShowLockState  display.o
    0x08000614   0x08000614   0x00000050   Code   RO         3656    i.Display_ShowMainMenu  display.o
    0x08000664   0x08000664   0x00000024   Code   RO         3657    i.Display_ShowMemErr  display.o
    0x08000688   0x08000688   0x00000028   Code   RO         3658    i.Display_ShowOK    display.o
    0x080006b0   0x080006b0   0x00000090   Code   RO         3659    i.Display_ShowOpen  display.o
    0x08000740   0x08000740   0x00000024   Code   RO         3660    i.Display_ShowPwdErr  display.o
    0x08000764   0x08000764   0x0000018c   Code   RO         3662    i.Display_ShowView  display.o
    0x080008f0   0x080008f0   0x0000007c   Code   RO         3663    i.Display_Showsel   display.o
    0x0800096c   0x0800096c   0x00000024   Code   RO         3664    i.Display_ViewInt   display.o
    0x08000990   0x08000990   0x00000040   Code   RO           14    i.Err_Check         taskdriver.o
    0x080009d0   0x080009d0   0x00000006   Code   RO          244    i.Error_Handler     main.o
    0x080009d6   0x080009d6   0x00000002   PAD
    0x080009d8   0x080009d8   0x00000058   Code   RO         3395    i.Get_Now_Time      nowtime.o
    0x08000a30   0x08000a30   0x000000ac   Code   RO         2149    i.HAL_DMA_Abort     stm32f4xx_hal_dma.o
    0x08000adc   0x08000adc   0x00000028   Code   RO         2150    i.HAL_DMA_Abort_IT  stm32f4xx_hal_dma.o
    0x08000b04   0x08000b04   0x00000028   Code   RO         2591    i.HAL_Delay         stm32f4xx_hal.o
    0x08000b2c   0x08000b2c   0x000001f4   Code   RO         2042    i.HAL_GPIO_Init     stm32f4xx_hal_gpio.o
    0x08000d20   0x08000d20   0x00000010   Code   RO         2044    i.HAL_GPIO_ReadPin  stm32f4xx_hal_gpio.o
    0x08000d30   0x08000d30   0x0000000c   Code   RO         2046    i.HAL_GPIO_WritePin  stm32f4xx_hal_gpio.o
    0x08000d3c   0x08000d3c   0x0000000c   Code   RO         2597    i.HAL_GetTick       stm32f4xx_hal.o
    0x08000d48   0x08000d48   0x00000018   Code   RO         2603    i.HAL_IncTick       stm32f4xx_hal.o
    0x08000d60   0x08000d60   0x0000003c   Code   RO         2604    i.HAL_Init          stm32f4xx_hal.o
    0x08000d9c   0x08000d9c   0x0000004c   Code   RO         2605    i.HAL_InitTick      stm32f4xx_hal.o
    0x08000de8   0x08000de8   0x00000048   Code   RO          598    i.HAL_MspInit       stm32f4xx_hal_msp.o
    0x08000e30   0x08000e30   0x00000028   Code   RO         2434    i.HAL_NVIC_EnableIRQ  stm32f4xx_hal_cortex.o
    0x08000e58   0x08000e58   0x0000007c   Code   RO         2440    i.HAL_NVIC_SetPriority  stm32f4xx_hal_cortex.o
    0x08000ed4   0x08000ed4   0x00000028   Code   RO         2441    i.HAL_NVIC_SetPriorityGrouping  stm32f4xx_hal_cortex.o
    0x08000efc   0x08000efc   0x00000184   Code   RO         1643    i.HAL_RCC_ClockConfig  stm32f4xx_hal_rcc.o
    0x08001080   0x08001080   0x0000000c   Code   RO         1648    i.HAL_RCC_GetHCLKFreq  stm32f4xx_hal_rcc.o
    0x0800108c   0x0800108c   0x00000020   Code   RO         1650    i.HAL_RCC_GetPCLK1Freq  stm32f4xx_hal_rcc.o
    0x080010ac   0x080010ac   0x00000020   Code   RO         1651    i.HAL_RCC_GetPCLK2Freq  stm32f4xx_hal_rcc.o
    0x080010cc   0x080010cc   0x000000b0   Code   RO         1652    i.HAL_RCC_GetSysClockFreq  stm32f4xx_hal_rcc.o
    0x0800117c   0x0800117c   0x0000049c   Code   RO         1655    i.HAL_RCC_OscConfig  stm32f4xx_hal_rcc.o
    0x08001618   0x08001618   0x00000034   Code   RO         2445    i.HAL_SYSTICK_Config  stm32f4xx_hal_cortex.o
    0x0800164c   0x0800164c   0x00000002   Code   RO         1375    i.HAL_TIMEx_BreakCallback  stm32f4xx_hal_tim_ex.o
    0x0800164e   0x0800164e   0x00000002   Code   RO         1376    i.HAL_TIMEx_CommutCallback  stm32f4xx_hal_tim_ex.o
    0x08001650   0x08001650   0x000000b4   Code   RO         1394    i.HAL_TIMEx_MasterConfigSynchronization  stm32f4xx_hal_tim_ex.o
    0x08001704   0x08001704   0x00000066   Code   RO          660    i.HAL_TIM_Base_Init  stm32f4xx_hal_tim.o
    0x0800176a   0x0800176a   0x00000002   PAD
    0x0800176c   0x0800176c   0x00000080   Code   RO          415    i.HAL_TIM_Base_MspInit  tim.o
    0x080017ec   0x080017ec   0x000000a8   Code   RO          665    i.HAL_TIM_Base_Start_IT  stm32f4xx_hal_tim.o
    0x08001894   0x08001894   0x0000010c   Code   RO          669    i.HAL_TIM_ConfigClockSource  stm32f4xx_hal_tim.o
    0x080019a0   0x080019a0   0x00000002   Code   RO          694    i.HAL_TIM_IC_CaptureCallback  stm32f4xx_hal_tim.o
    0x080019a2   0x080019a2   0x0000016c   Code   RO          708    i.HAL_TIM_IRQHandler  stm32f4xx_hal_tim.o
    0x08001b0e   0x08001b0e   0x00000002   Code   RO          711    i.HAL_TIM_OC_DelayElapsedCallback  stm32f4xx_hal_tim.o
    0x08001b10   0x08001b10   0x00000002   Code   RO          738    i.HAL_TIM_PWM_PulseFinishedCallback  stm32f4xx_hal_tim.o
    0x08001b12   0x08001b12   0x00000002   PAD
    0x08001b14   0x08001b14   0x00000014   Code   RO           15    i.HAL_TIM_PeriodElapsedCallback  taskdriver.o
    0x08001b28   0x08001b28   0x00000002   Code   RO          751    i.HAL_TIM_TriggerCallback  stm32f4xx_hal_tim.o
    0x08001b2a   0x08001b2a   0x00000002   Code   RO         2854    i.HAL_UARTEx_RxEventCallback  stm32f4xx_hal_uart.o
    0x08001b2c   0x08001b2c   0x00000002   Code   RO         2868    i.HAL_UART_ErrorCallback  stm32f4xx_hal_uart.o
    0x08001b2e   0x08001b2e   0x00000002   PAD
    0x08001b30   0x08001b30   0x00000308   Code   RO         2871    i.HAL_UART_IRQHandler  stm32f4xx_hal_uart.o
    0x08001e38   0x08001e38   0x00000076   Code   RO         2872    i.HAL_UART_Init     stm32f4xx_hal_uart.o
    0x08001eae   0x08001eae   0x00000002   PAD
    0x08001eb0   0x08001eb0   0x00000098   Code   RO          463    i.HAL_UART_MspInit  usart.o
    0x08001f48   0x08001f48   0x0000002c   Code   RO         2877    i.HAL_UART_Receive_IT  stm32f4xx_hal_uart.o
    0x08001f74   0x08001f74   0x0000002c   Code   RO           16    i.HAL_UART_RxCpltCallback  taskdriver.o
    0x08001fa0   0x08001fa0   0x000000be   Code   RO         2880    i.HAL_UART_Transmit  stm32f4xx_hal_uart.o
    0x0800205e   0x0800205e   0x00000002   Code   RO         2883    i.HAL_UART_TxCpltCallback  stm32f4xx_hal_uart.o
    0x08002060   0x08002060   0x00000004   Code   RO          506    i.HardFault_Handler  stm32f4xx_it.o
    0x08002064   0x08002064   0x0000002c   Code   RO           17    i.IDLE_Task         taskdriver.o
    0x08002090   0x08002090   0x00000018   Code   RO           18    i.Lock_Close        taskdriver.o
    0x080020a8   0x080020a8   0x00000018   Code   RO           19    i.Lock_Open         taskdriver.o
    0x080020c0   0x080020c0   0x00000128   Code   RO          390    i.MX_GPIO_Init      gpio.o
    0x080021e8   0x080021e8   0x0000006c   Code   RO          416    i.MX_TIM2_Init      tim.o
    0x08002254   0x08002254   0x0000006c   Code   RO          417    i.MX_TIM3_Init      tim.o
    0x080022c0   0x080022c0   0x00000038   Code   RO          464    i.MX_USART1_UART_Init  usart.o
    0x080022f8   0x080022f8   0x0000005c   Code   RO         3252    i.Matrix_GetNum     matrix.o
    0x08002354   0x08002354   0x00000104   Code   RO         3253    i.Matrix_Scan_Raw   matrix.o
    0x08002458   0x08002458   0x00000030   Code   RO         3254    i.Matrix_Set        matrix.o
    0x08002488   0x08002488   0x00000004   Code   RO          507    i.MemManage_Handler  stm32f4xx_it.o
    0x0800248c   0x0800248c   0x00000004   Code   RO          508    i.NMI_Handler       stm32f4xx_it.o
    0x08002490   0x08002490   0x00000024   Code   RO         3289    i.NewPassword_Clear  password.o
    0x080024b4   0x080024b4   0x00000030   Code   RO         3290    i.NewPassword_Set   password.o
    0x080024e4   0x080024e4   0x00000010   Code   RO         3396    i.Now_Time_Init     nowtime.o
    0x080024f4   0x080024f4   0x0000002a   Code   RO         3471    i.OLED_Clear        oled.o
    0x0800251e   0x0800251e   0x00000002   PAD
    0x08002520   0x08002520   0x0000001c   Code   RO         3472    i.OLED_I2C_Init     oled.o
    0x0800253c   0x0800253c   0x00000074   Code   RO         3473    i.OLED_I2C_SendByte  oled.o
    0x080025b0   0x080025b0   0x00000040   Code   RO         3474    i.OLED_I2C_Start    oled.o
    0x080025f0   0x080025f0   0x00000030   Code   RO         3475    i.OLED_I2C_Stop     oled.o
    0x08002620   0x08002620   0x000000b4   Code   RO         3476    i.OLED_Init         oled.o
    0x080026d4   0x080026d4   0x00000014   Code   RO         3477    i.OLED_Pow          oled.o
    0x080026e8   0x080026e8   0x00000022   Code   RO         3478    i.OLED_SetCursor    oled.o
    0x0800270a   0x0800270a   0x00000002   PAD
    0x0800270c   0x0800270c   0x00000074   Code   RO         3480    i.OLED_ShowChar     oled.o
    0x08002780   0x08002780   0x00000044   Code   RO         3482    i.OLED_ShowNum      oled.o
    0x080027c4   0x080027c4   0x00000028   Code   RO         3484    i.OLED_ShowString   oled.o
    0x080027ec   0x080027ec   0x00000020   Code   RO         3485    i.OLED_WriteCommand  oled.o
    0x0800280c   0x0800280c   0x00000020   Code   RO         3486    i.OLED_WriteData    oled.o
    0x0800282c   0x0800282c   0x0000006c   Code   RO           20    i.OPEN_Task         taskdriver.o
    0x08002898   0x08002898   0x00000020   Code   RO         3291    i.Open_Error        password.o
    0x080028b8   0x080028b8   0x00000048   Code   RO           21    i.PWSEL_Task        taskdriver.o
    0x08002900   0x08002900   0x000000ec   Code   RO         3292    i.Password_Change   password.o
    0x080029ec   0x080029ec   0x00000018   Code   RO         3293    i.Password_Clear    password.o
    0x08002a04   0x08002a04   0x000000dc   Code   RO         3294    i.Password_Refresh  password.o
    0x08002ae0   0x08002ae0   0x000000fc   Code   RO         3295    i.Password_Select   password.o
    0x08002bdc   0x08002bdc   0x000001a8   Code   RO         3296    i.Password_Vertify  password.o
    0x08002d84   0x08002d84   0x00000002   Code   RO          509    i.PendSV_Handler    stm32f4xx_it.o
    0x08002d86   0x08002d86   0x00000002   PAD
    0x08002d88   0x08002d88   0x00000078   Code   RO         3297    i.Read_Memory       password.o
    0x08002e00   0x08002e00   0x00000002   Code   RO          510    i.SVC_Handler       stm32f4xx_it.o
    0x08002e02   0x08002e02   0x00000002   PAD
    0x08002e04   0x08002e04   0x00000018   Code   RO         3790    i.Serial_Init       serial.o
    0x08002e1c   0x08002e1c   0x0000004c   Code   RO         3791    i.Serial_LockClose  serial.o
    0x08002e68   0x08002e68   0x00000044   Code   RO         3792    i.Serial_LockOpen   serial.o
    0x08002eac   0x08002eac   0x00000110   Code   RO         3793    i.Serial_ProcessCmd  serial.o
    0x08002fbc   0x08002fbc   0x00000058   Code   RO         3794    i.Serial_RXCallBack  serial.o
    0x08003014   0x08003014   0x00000048   Code   RO         3795    i.Serial_ShowDHT    serial.o
    0x0800305c   0x0800305c   0x00000028   Code   RO         3796    i.Serial_ShowHelp   serial.o
    0x08003084   0x08003084   0x0000017c   Code   RO         3798    i.Serial_ShowRecord  serial.o
    0x08003200   0x08003200   0x000000a4   Code   RO         3799    i.Serial_ShowStatus  serial.o
    0x080032a4   0x080032a4   0x0000002c   Code   RO         3800    i.Serial_ShowSuccess  serial.o
    0x080032d0   0x080032d0   0x0000002c   Code   RO         3801    i.Serial_ShowWarning  serial.o
    0x080032fc   0x080032fc   0x00000054   Code   RO         3427    i.StepMotor_Forward  stepmotor.o
    0x08003350   0x08003350   0x0000000e   Code   RO         3428    i.StepMotor_Forward_90_Degree  stepmotor.o
    0x0800335e   0x0800335e   0x00000002   PAD
    0x08003360   0x08003360   0x0000007c   Code   RO         3429    i.StepMotor_Step    stepmotor.o
    0x080033dc   0x080033dc   0x00000038   Code   RO         3430    i.StepMotor_Stop    stepmotor.o
    0x08003414   0x08003414   0x00000008   Code   RO          511    i.SysTick_Handler   stm32f4xx_it.o
    0x0800341c   0x0800341c   0x000000b4   Code   RO          245    i.SystemClock_Config  main.o
    0x080034d0   0x080034d0   0x00000014   Code   RO         3216    i.SystemInit        system_stm32f4xx.o
    0x080034e4   0x080034e4   0x00000010   Code   RO          512    i.TIM2_IRQHandler   stm32f4xx_it.o
    0x080034f4   0x080034f4   0x00000010   Code   RO          513    i.TIM3_IRQHandler   stm32f4xx_it.o
    0x08003504   0x08003504   0x000000e0   Code   RO          753    i.TIM_Base_SetConfig  stm32f4xx_hal_tim.o
    0x080035e4   0x080035e4   0x00000016   Code   RO          764    i.TIM_ETR_SetConfig  stm32f4xx_hal_tim.o
    0x080035fa   0x080035fa   0x00000012   Code   RO          765    i.TIM_ITRx_SetConfig  stm32f4xx_hal_tim.o
    0x0800360c   0x0800360c   0x00000026   Code   RO          771    i.TIM_TI1_ConfigInputStage  stm32f4xx_hal_tim.o
    0x08003632   0x08003632   0x00000028   Code   RO          773    i.TIM_TI2_ConfigInputStage  stm32f4xx_hal_tim.o
    0x0800365a   0x0800365a   0x00000002   PAD
    0x0800365c   0x0800365c   0x00000028   Code   RO           22    i.TaskDriver_Init   taskdriver.o
    0x08003684   0x08003684   0x00000044   Code   RO           23    i.TaskDriver_Run    taskdriver.o
    0x080036c8   0x080036c8   0x00000070   Code   RO         3298    i.TimeToMemory      password.o
    0x08003738   0x08003738   0x00000012   Code   RO         2885    i.UART_DMAAbortOnError  stm32f4xx_hal_uart.o
    0x0800374a   0x0800374a   0x0000006c   Code   RO         2895    i.UART_EndRxTransfer  stm32f4xx_hal_uart.o
    0x080037b6   0x080037b6   0x00000020   Code   RO         2896    i.UART_EndTransmit_IT  stm32f4xx_hal_uart.o
    0x080037d6   0x080037d6   0x000000fc   Code   RO         2898    i.UART_Receive_IT   stm32f4xx_hal_uart.o
    0x080038d2   0x080038d2   0x00000002   PAD
    0x080038d4   0x080038d4   0x0000022c   Code   RO         2899    i.UART_SetConfig    stm32f4xx_hal_uart.o
    0x08003b00   0x08003b00   0x00000040   Code   RO         2901    i.UART_Start_Receive_IT  stm32f4xx_hal_uart.o
    0x08003b40   0x08003b40   0x00000060   Code   RO         2902    i.UART_Transmit_IT  stm32f4xx_hal_uart.o
    0x08003ba0   0x08003ba0   0x0000008c   Code   RO         2903    i.UART_WaitOnFlagUntilTimeout  stm32f4xx_hal_uart.o
    0x08003c2c   0x08003c2c   0x00000010   Code   RO          514    i.USART1_IRQHandler  stm32f4xx_it.o
    0x08003c3c   0x08003c3c   0x00000004   Code   RO          515    i.UsageFault_Handler  stm32f4xx_it.o
    0x08003c40   0x08003c40   0x00000070   Code   RO         3299    i.UserwordToMemory  password.o
    0x08003cb0   0x08003cb0   0x00000024   Code   RO         3300    i.Userword_Clear    password.o
    0x08003cd4   0x08003cd4   0x00000074   Code   RO           25    i.VERTIFY_Task      taskdriver.o
    0x08003d48   0x08003d48   0x0000002c   Code   RO           26    i.VIEW_Task         taskdriver.o
    0x08003d74   0x08003d74   0x00000020   Code   RO         4058    i.__0printf$6       mc_w.l(printf6.o)
    0x08003d94   0x08003d94   0x00000010   Code   RO         2447    i.__NVIC_GetPriorityGrouping  stm32f4xx_hal_cortex.o
    0x08003da4   0x08003da4   0x00000028   Code   RO         2448    i.__NVIC_SetPriority  stm32f4xx_hal_cortex.o
    0x08003dcc   0x08003dcc   0x0000000e   Code   RO         4204    i.__scatterload_copy  mc_w.l(handlers.o)
    0x08003dda   0x08003dda   0x00000002   Code   RO         4205    i.__scatterload_null  mc_w.l(handlers.o)
    0x08003ddc   0x08003ddc   0x0000000e   Code   RO         4206    i.__scatterload_zeroinit  mc_w.l(handlers.o)
    0x08003dea   0x08003dea   0x00000002   PAD
    0x08003dec   0x08003dec   0x000002f0   Code   RO         4065    i._printf_core      mc_w.l(printf6.o)
    0x080040dc   0x080040dc   0x00000024   Code   RO         4066    i._printf_post_padding  mc_w.l(printf6.o)
    0x08004100   0x08004100   0x0000002e   Code   RO         4067    i._printf_pre_padding  mc_w.l(printf6.o)
    0x0800412e   0x0800412e   0x00000002   PAD
    0x08004130   0x08004130   0x0000001c   Code   RO         3802    i.fputc             serial.o
    0x0800414c   0x0800414c   0x00000024   Code   RO          246    i.main              main.o
    0x08004170   0x08004170   0x00000018   Data   RO         3217    .constdata          system_stm32f4xx.o
    0x08004188   0x08004188   0x000005f0   Data   RO         3487    .constdata          oled.o
    0x08004778   0x08004778   0x00000020   Data   RO         4202    Region$$Table       anon$$obj.o


    Execution Region RW_IRAM1 (Exec base: 0x20000000, Load base: 0x08004798, Size: 0x000006f0, Max: 0x0001c000, ABSOLUTE)

    Exec Addr    Load Addr    Size         Type   Attr      Idx    E Section Name        Object

    0x20000000   0x08004798   0x00000007   Data   RW           27    .data               taskdriver.o
    0x20000007   0x0800479f   0x00000001   PAD
    0x20000008   0x080047a0   0x00000009   Data   RW         2611    .data               stm32f4xx_hal.o
    0x20000011   0x080047a9   0x00000003   PAD
    0x20000014   0x080047ac   0x00000004   Data   RW         3218    .data               system_stm32f4xx.o
    0x20000018   0x080047b0   0x00000009   Data   RW         3255    .data               matrix.o
    0x20000021   0x080047b9   0x00000001   PAD
    0x20000022   0x080047ba   0x00000040   Data   RW         3302    .data               password.o
    0x20000062   0x080047fa   0x00000002   PAD
    0x20000064   0x080047fc   0x00000008   Data   RW         3397    .data               nowtime.o
    0x2000006c   0x08004804   0x00000020   Data   RW         3431    .data               stepmotor.o
    0x2000008c   0x08004824   0x00000003   Data   RW         3804    .data               serial.o
    0x2000008f   0x08004827   0x00000001   PAD
    0x20000090   0x08004828   0x00000004   Data   RW         4178    .data               mc_w.l(stdout.o)
    0x20000094        -       0x00000090   Zero   RW          418    .bss                tim.o
    0x20000124        -       0x00000048   Zero   RW          465    .bss                usart.o
    0x2000016c        -       0x00000140   Zero   RW         3301    .bss                password.o
    0x200002ac        -       0x00000040   Zero   RW         3803    .bss                serial.o
    0x200002ec   0x0800482c   0x00000004   PAD
    0x200002f0        -       0x00000400   Zero   RW            1    STACK               startup_stm32f407xx.o


    Execution Region RW_IRAM2 (Exec base: 0x2001c000, Load base: 0x0800482c, Size: 0x00000000, Max: 0x00004000, ABSOLUTE)

    **** No section assigned to this execution region ****


==============================================================================

Image component sizes


      Code (inc. data)   RO Data    RW Data    ZI Data      Debug   Object Name

        88         24          0          0          0        948   delay.o
      1512        528          0          0          0      10213   display.o
       296         14          0          0          0       1003   gpio.o
       222         10          0          0          0     688012   main.o
       400         20          0          9          0       1895   matrix.o
       104         12          0          8          0       1631   nowtime.o
       820         24       1520          0          0       7905   oled.o
      1652        254          0         64        320       9985   password.o
      1300        584          0          3         64       7767   serial.o
        36          8        392          0       1024        812   startup_stm32f407xx.o
       278         12          0         32          0       3132   stepmotor.o
       212         36          0          9          0       9213   stm32f4xx_hal.o
       312         22          0          0          0      34167   stm32f4xx_hal_cortex.o
       212          0          0          0          0       1883   stm32f4xx_hal_dma.o
       528         46          0          0          0       2687   stm32f4xx_hal_gpio.o
        72          4          0          0          0        814   stm32f4xx_hal_msp.o
      1820         84          0          0          0       5472   stm32f4xx_hal_rcc.o
      1252         76          0          0          0       9487   stm32f4xx_hal_tim.o
       184         30          0          0          0       2433   stm32f4xx_hal_tim_ex.o
      2400         14          0          0          0      12164   stm32f4xx_hal_uart.o
        82         18          0          0          0       5422   stm32f4xx_it.o
        20          6         24          4          0       1055   system_stm32f4xx.o
       756        124          0          7          0     629470   taskdriver.o
       344         20          0          0        144       2283   tim.o
       208         22          0          0         72       1610   usart.o

    ----------------------------------------------------------------------
     15136       1992       1968        144       1628    1451463   Object Totals
         0          0         32          0          0          0   (incl. Generated)
        26          0          0          8          4          0   (incl. Padding)

    ----------------------------------------------------------------------

      Code (inc. data)   RO Data    RW Data    ZI Data      Debug   Library Member Name

         0          0          0          0          0          0   entry.o
         0          0          0          0          0          0   entry10a.o
         0          0          0          0          0          0   entry11a.o
         8          4          0          0          0          0   entry2.o
         4          0          0          0          0          0   entry5.o
         0          0          0          0          0          0   entry7b.o
         0          0          0          0          0          0   entry8b.o
         8          4          0          0          0          0   entry9a.o
        30          0          0          0          0          0   handlers.o
        36          8          0          0          0         68   init.o
        30          0          0          0          0         68   llshl.o
        32          0          0          0          0         68   llushr.o
        36          0          0          0          0        108   memseta.o
       866         14          0          0          0        352   printf6.o
         0          0          0          4          0          0   stdout.o
        28          0          0          0          0         76   strcmp.o
        44          0          0          0          0         80   uidiv.o
        98          0          0          0          0         92   uldiv.o

    ----------------------------------------------------------------------
      1224         30          0          4          0        912   Library Totals
         4          0          0          0          0          0   (incl. Padding)

    ----------------------------------------------------------------------

      Code (inc. data)   RO Data    RW Data    ZI Data      Debug   Library Name

      1220         30          0          4          0        912   mc_w.l

    ----------------------------------------------------------------------
      1224         30          0          4          0        912   Library Totals

    ----------------------------------------------------------------------

==============================================================================


      Code (inc. data)   RO Data    RW Data    ZI Data      Debug   

     16360       2022       1968        148       1628    1437263   Grand Totals
     16360       2022       1968        148       1628    1437263   ELF Image Totals
     16360       2022       1968        148          0          0   ROM Totals

==============================================================================

    Total RO  Size (Code + RO Data)                18328 (  17.90kB)
    Total RW  Size (RW Data + ZI Data)              1776 (   1.73kB)
    Total ROM Size (Code + RO Data + RW Data)      18476 (  18.04kB)

==============================================================================

